******************************************************************************
                  TI ARM Linker PC v5.2.5                      
******************************************************************************
>> Linked Sun Aug 21 20:38:09 2016

OUTPUT FILE NAME:   <CPRE288_WiFi.out>
ENTRY POINT SYMBOL: "_c_int00"  address: 2000ef4d


MEMORY CONFIGURATION

         name            origin    length      used     unused   attr    fill
----------------------  --------  ---------  --------  --------  ----  --------
  SRAM_CODE             20004000   00013000  0000f5e1  00003a1f  RW X
  SRAM_DATA             20017000   00019000  0000bd06  0000d2fa  RW X


SEGMENT ALLOCATION MAP

run origin  load origin   length   init length attrs members
----------  ----------- ---------- ----------- ----- -------
20004000    20004000    0000f5e8   0000f5e8    r-x
  20004000    20004000    0000030c   0000030c    r-- .resetVecs
  20004310    20004310    0000ca82   0000ca82    r-x .text
  20010d94    20010d94    000024c3   000024c3    r-- .const
  20013258    20013258    00000390   00000390    r-- .cinit
20017000    20017000    00009d08   00000000    rw-
  20017000    20017000    00009776   00000000    rw- .bss
  20020778    20020778    00000590   00000000    rw- .data
2002e000    2002e000    00002000   00000000    rw-
  2002e000    2002e000    00002000   00000000    rw- .stack


SECTION ALLOCATION MAP

 output                                  attributes/
section   page    origin      length       input sections
--------  ----  ----------  ----------   ----------------
.init_array 
*          0    20004000    00000000     UNINITIALIZED

.resetVecs 
*          0    20004000    0000030c     
                  20004000    0000030c     app_pem4.oem4 (.resetVecs)

.text      0    20004310    0000ca82     
                  20004310    000010a6     rtsv7M4_T_le_eabi.lib : _printfi.obj (.text)
                  200053b6    00000002                           : i_div0.obj (.text)
                  200053b8    00000590     simplelink.a : driver.obj (.text:_SlDrvMsgRead)
                  20005948    00000544     ti_rtos.a : osi_tirtos.obj (.text)
                  20005e8c    00000004     app_pem4.oem4 (.text:ti_sysbios_BIOS_RtsGateProxy_enter__E)
                  20005e90    00000430     sysbios.aem4 : BIOS.obj (.text:ti_sysbios_family_arm_m3_Hwi_excDumpRegs__I)
                  200062c0    000003e8     task_wifi.obj (.text)
                  200066a8    0000034c     ti.targets.arm.rtsarm.aem4 : System.oem4 (.text:xdc_runtime_System_doPrint__I)
                  200069f4    00000004     app_pem4.oem4 (.text:ti_sysbios_BIOS_RtsGateProxy_leave__E)
                  200069f8    00000314     sysbios.aem4 : BIOS.obj (.text:ti_sysbios_knl_Semaphore_pend__E)
                  20006d0c    000002d4     rtsv7M4_T_le_eabi.lib : trgdrv.obj (.text)
                  20006fe0    00000258     task_uart.obj (.text)
                  20007238    00000254     sysbios.aem4 : BIOS.obj (.text:ti_sysbios_heaps_HeapMem_free__E)
                  2000748c    00000004     app_pem4.oem4 (.text:ti_sysbios_family_arm_m3_Hwi_delete)
                  20007490    00000248     sysbios.aem4 : BIOS.obj (.text:ti_sysbios_heaps_HeapMem_alloc__E)
                  200076d8    0000022c                  : BIOS.obj (.text:ti_sysbios_knl_Task_Instance_finalize__E)
                  20007904    00000004     app_pem4.oem4 (.text:ti_sysbios_family_arm_m3_TaskSupport_Module__startupDone__S)
                  20007908    00000200     sysbios.aem4 : BIOS.obj (.text:ti_sysbios_knl_Task_sleep__E)
                  20007b08    000001fc     simplelink.a : driver.obj (.text:_SlDrvRxHdrRead)
                  20007d04    00000004     app_pem4.oem4 (.text:ti_sysbios_heaps_HeapMem_Module_GateProxy_enter__E)
                  20007d08    000001fc     sysbios.aem4 : BIOS.obj (.text:ti_sysbios_family_arm_m3_Hwi_excHandlerMax__I)
                  20007f04    000001f4     rtsv7M4_T_le_eabi.lib : ull_div_t2.obj (.text)
                  200080f8    000001e0     simplelink.a : driver.obj (.text:_SlDrvDataReadOp)
                  200082d8    000001d0                  : driver.obj (.text:_SlDrvReleasePoolObj)
                  200084a8    000001c8     sysbios.aem4 : BIOS.obj (.text:ti_sysbios_knl_Task_Instance_init__E)
                  20008670    000001b6     rtsv7M4_T_le_eabi.lib : fd_add_t2.obj (.text)
                  20008826    00000002     app_pem4.oem4 (.text:ti_sysbios_BIOS_nullFunc__I)
                  20008828    000001b4     rom_pin_mux_config.obj (.text)
                  200089dc    000001a0     simplelink.a : socket.obj (.text:sl_Accept)
                  20008b7c    0000019c                  : driver.obj (.text:_SlDrvMsgWrite)
                  20008d18    0000019c     sysbios.aem4 : BIOS.obj (.text:ti_sysbios_knl_Task_Module_startup__E)
                  20008eb4    00000190     simplelink.a : driver.obj (.text:_SlDrvDriverCBInit)
                  20009044    00000190                  : driver.obj (.text:_SlDrvWaitForPoolObj)
                  200091d4    00000178     driverlib.a : prcm.obj (.text:PRCMCC3200MCUInit)
                  2000934c    00000004     app_pem4.oem4 (.text:ti_sysbios_heaps_HeapMem_Module_GateProxy_leave__E)
                  20009350    00000174     sysbios.aem4 : BIOS.obj (.text:ti_sysbios_family_arm_m3_Hwi_excBusFault__I)
                  200094c4    00000170     simplelink.a : driver.obj (.text:_SlFindAndSetActiveObj)
                  20009634    00000004     app_pem4.oem4 (.text:ti_sysbios_knl_Clock_TimerProxy_getMaxTicks__E)
                  20009638    00000164     sysbios.aem4 : BIOS.obj (.text:ti_sysbios_family_arm_m3_Hwi_excUsageFault__I)
                  2000979c    00000004     app_pem4.oem4 (.text:ti_sysbios_knl_Mailbox_delete)
                  200097a0    00000158     sysbios.aem4 : BIOS.obj (.text:ti_sysbios_knl_Mailbox_Instance_init__E)
                  200098f8    00000150     simplelink.a : cc_pal.obj (.text:spi_Open)
                  20009a48    0000014c                  : driver.obj (.text:_SlDrvDataWriteOp)
                  20009b94    00000148     task_led.obj (.text)
                  20009cdc    00000004     app_pem4.oem4 (.text:ti_sysbios_knl_Queue_destruct)
                  20009ce0    00000148     sysbios.aem4 : BIOS.obj (.text:ti_sysbios_family_arm_m3_Hwi_excMemFault__I)
                  20009e28    00000140                  : BIOS.obj (.text:ti_sysbios_knl_Semaphore_post__E)
                  20009f68    0000013c                  : BIOS.obj (.text:ti_sysbios_heaps_HeapMem_Instance_init__E)
                  2000a0a4    00000004     app_pem4.oem4 (.text:ti_sysbios_knl_Semaphore_delete)
                  2000a0a8    00000138     sysbios.aem4 : BIOS.obj (.text:ti_sysbios_family_arm_m3_Hwi_dispatchC__I)
                  2000a1e0    00000138     ti.targets.arm.rtsarm.aem4 : LoggerBuf.oem4 (.text:xdc_runtime_LoggerBuf_write8__E)
                  2000a318    00000136     rtsv7M4_T_le_eabi.lib : fd_div_t2.obj (.text)
                  2000a44e    00000002     app_pem4.oem4 (.text:xdc_runtime_Startup_reset__I)
                  2000a450    00000134     sysbios.aem4 : BIOS.obj (.text:ti_sysbios_knl_Clock_workFunc__E)
                  2000a584    00000120     simplelink.a : driver.obj (.text:_SlDrvMsgReadCmdCtx)
                  2000a6a4    00000004     app_pem4.oem4 (.text:ti_sysbios_knl_Semaphore_destruct)
                  2000a6a8    0000011c     sysbios.aem4 : BIOS.obj (.text:ti_sysbios_knl_Swi_run__I)
                  2000a7c4    00000118     simplelink.a : driver.obj (.text:_SlDrvDriverCBDeinit)
                  2000a8dc    00000118                  : socket.obj (.text:sl_Send)
                  2000a9f4    00000118     ti.targets.arm.rtsarm.aem4 : Error.oem4 (.text:xdc_runtime_Error_policyDefault__E)
                  2000ab0c    00000110     rtsv7M4_T_le_eabi.lib : xdscale.obj (.text)
                  2000ac1c    00000104     simplelink.a : netapp.obj (.text:_SlDrvNetAppEventHandler)
                  2000ad20    00000100     ti.targets.arm.rtsarm.aem4 : Core-mem.oem4 (.text:xdc_runtime_Core_createObject__I)
                  2000ae20    000000fc     rtsv7M4_T_le_eabi.lib : fd_mul_t2.obj (.text)
                  2000af1c    000000f8     ti.targets.arm.rtsarm.aem4 : Startup.oem4 (.text:xdc_runtime_Startup_startMods__I)
                  2000b014    000000f8     app_pem4.oem4 (.text:xdc_runtime_System_printfExtend__I)
                  2000b10c    000000f0     driverlib.a : udma.obj (.text:uDMAChannelTransferSet)
                  2000b1fc    000000ec     command.obj (.text)
                  2000b2e8    000000e8     simplelink.a : driver.obj (.text:_SlAsyncEventGenericHandler)
                  2000b3d0    000000e4                  : device.obj (.text:sl_Stop)
                  2000b4b4    000000e0                  : device.obj (.text:sl_Start)
                  2000b594    000000dc                  : driver.obj (.text:_SlDrvClassifyRxMsg)
                  2000b670    000000dc                  : cc_pal.obj (.text:spi_Read)
                  2000b74c    000000d4                  : driver.obj (.text:_SlDrvMsgReadSpawnCtx)
                  2000b820    000000d4     ti.targets.arm.rtsarm.aem4 : LoggerBuf.oem4 (.text:xdc_runtime_LoggerBuf_write4__E)
                  2000b8f4    00000004     app_pem4.oem4 (.text:ti_sysbios_knl_Task_delete)
                  2000b8f8    000000d0     sysbios.aem4 : BIOS.obj (.text:ti_sysbios_family_arm_m3_Hwi_Module_startup__E)
                  2000b9c8    000000d0                  : m3_Hwi_asm.obj (.text:ti_sysbios_family_arm_m3_Hwi_dispatch__I)
                  2000ba98    000000cc     simplelink.a : netapp.obj (.text:_sl_HandleAsync_DnsGetHostByService)
                  2000bb64    00000004     ti.targets.arm.rtsarm.aem4 : Error.oem4 (.text:xdc_runtime_Error_getSite__E)
                  2000bb68    000000cc     sysbios.aem4 : BIOS.obj (.text:ti_sysbios_knl_Task_schedule__I)
                  2000bc34    000000cc     ti.targets.arm.rtsarm.aem4 : Core-smem.oem4 (.text:xdc_runtime_Core_constructObject__I)
                  2000bd00    000000c4     simplelink.a : driver.obj (.text:_SlRemoveFromList)
                  2000bdc4    000000c0                  : driver.obj (.text:_SlDrvCmdOp)
                  2000be84    000000be     rtsv7M4_T_le_eabi.lib : xdnorm.obj (.text)
                  2000bf42    00000006     driverlib.a : utils.obj (.text:UtilsDelay)
                  2000bf48    000000bc     sysbios.aem4 : BIOS.obj (.text:ti_sysbios_family_arm_m3_Hwi_excDebugMon__I)
                  2000c004    00000004     app_pem4.oem4 (.text:xdc_runtime_LoggerBuf_Module_GateProxy_enter__E)
                  2000c008    000000bc     sysbios.aem4 : BIOS.obj (.text:ti_sysbios_family_arm_m3_Hwi_excHardFault__I)
                  2000c0c4    00000004     app_pem4.oem4 (.text:xdc_runtime_LoggerBuf_Module_GateProxy_leave__E)
                  2000c0c8    000000bc     sysbios.aem4 : BIOS.obj (.text:ti_sysbios_knl_Task_startCore__E)
                  2000c184    00000004     app_pem4.oem4 (.text:xdc_runtime_System_Module_GateProxy_enter__E)
                  2000c188    000000b4     sysbios.aem4 : BIOS.obj (.text:ti_sysbios_gates_GateMutex_enter__E)
                  2000c23c    00000004     app_pem4.oem4 (.text:xdc_runtime_System_Module_GateProxy_leave__E)
                  2000c240    000000b4     sysbios.aem4 : BIOS.obj (.text:ti_sysbios_knl_Task_checkStacks__E)
                  2000c2f4    00000004     ti.targets.arm.rtsarm.aem4 : System.oem4 (.text:xdc_runtime_System_aprintf_va__F)
                  2000c2f8    000000b4     sysbios.aem4 : BIOS.obj (.text:ti_sysbios_knl_Task_yield__E)
                  2000c3ac    00000004     ti.targets.arm.rtsarm.aem4 : System.oem4 (.text:xdc_runtime_System_printf_va__F)
                  2000c3b0    000000ac     sysbios.aem4 : BIOS.obj (.text:ti_sysbios_knl_Swi_post__E)
                  2000c45c    000000a8     driverlib.a : interrupt.obj (.text:IntEnable)
                  2000c504    00000004     --HOLE-- [fill = 0]
                  2000c508    000000a8     sysbios.aem4 : BIOS.obj (.text:ti_sysbios_knl_Task_blockI__E)
                  2000c5b0    000000a8                  : BIOS.obj (.text:ti_sysbios_knl_Task_postInit__I)
                  2000c658    000000a0     driverlib.a : spi.obj (.text:SPIConfigSetExpClk)
                  2000c6f8    000000a0     simplelink.a : driver.obj (.text:_SlDriverHandleError)
                  2000c798    000000a0     auto_init.aem4 : auto_init.oem4 (.text)
                  2000c838    000000a0     ti.targets.arm.rtsarm.aem4 : Text.oem4 (.text:xdc_runtime_Text_putMod__E)
                  2000c8d8    0000009c     rtsv7M4_T_le_eabi.lib : memcpy_t2.obj (.text)
                  2000c974    0000009c     simplelink.a : socket.obj (.text:sl_Bind)
                  2000ca10    0000009c     sysbios.aem4 : BIOS.obj (.text:ti_sysbios_knl_Semaphore_Instance_init__E)
                  2000caac    0000009c     ti.targets.arm.rtsarm.aem4 : LoggerBuf.oem4 (.text:xdc_runtime_LoggerBuf_setFilterLevel__E)
                  2000cb48    0000009a     simplelink.a : device.obj (.text:_SlDrvDeviceEventHandler)
                  2000cbe2    00000002     --HOLE-- [fill = 0]
                  2000cbe4    0000009a     ti.targets.arm.rtsarm.aem4 : Text.oem4 (.text:xdc_runtime_Text_putSite__E)
                  2000cc7e    00000002     --HOLE-- [fill = 0]
                  2000cc80    00000098     sysbios.aem4 : BIOS.obj (.text:ti_sysbios_knl_Mailbox_post__E)
                  2000cd18    00000094     driverlib.a : prcm.obj (.text:PRCMPeripheralClockGet)
                  2000cdac    00000004     --HOLE-- [fill = 0]
                  2000cdb0    00000094     sysbios.aem4 : BIOS.obj (.text:ti_sysbios_family_arm_m3_Hwi_Instance_init__E)
                  2000ce44    00000004     --HOLE-- [fill = 0]
                  2000ce48    00000094                  : BIOS.obj (.text:ti_sysbios_knl_Task_exit__E)
                  2000cedc    00000090     simplelink.a : netapp.obj (.text:_sl_HandleAsync_DnsGetHostByName)
                  2000cf6c    00000090                  : netapp.obj (.text:_sl_HandleAsync_PingResponse)
                  2000cffc    00000004     --HOLE-- [fill = 0]
                  2000d000    00000090     sysbios.aem4 : BIOS.obj (.text:ti_sysbios_knl_Task_unblockI__E)
                  2000d090    0000008c     simplelink.a : cc_pal.obj (.text:SetupDMAReceive)
                  2000d11c    0000008c                  : cc_pal.obj (.text:SetupDMASend)
                  2000d1a8    0000008c                  : cc_pal.obj (.text:spi_Write)
                  2000d234    00000004     --HOLE-- [fill = 0]
                  2000d238    0000008c     sysbios.aem4 : BIOS.obj (.text:ti_sysbios_knl_Mailbox_pend__E)
                  2000d2c4    00000088     driverlib.a : pin.obj (.text:PinConfigSet)
                  2000d34c    00000088     simplelink.a : socket.obj (.text:sl_Recv)
                  2000d3d4    00000004     --HOLE-- [fill = 0]
                  2000d3d8    00000088     sysbios.aem4 : BIOS.obj (.text:ti_sysbios_family_arm_m3_Hwi_initNVIC__E)
                  2000d460    00000088                  : BIOS.obj (.text:ti_sysbios_knl_Mailbox_Module_startup__E)
                  2000d4e8    00000086     rtsv7M4_T_le_eabi.lib : fd_cmp_t2.obj (.text:__aeabi_cdcmple)
                  2000d56e    00000086                           : fd_cmp_t2.obj (.text:__aeabi_cdrcmple)
                  2000d5f4    00000004     --HOLE-- [fill = 0]
                  2000d5f8    00000084     sysbios.aem4 : BIOS.obj (.text:ti_sysbios_family_arm_m3_Hwi_postInit__I)
                  2000d67c    00000080     simplelink.a : socket.obj (.text:_sl_HandleAsync_Connect)
                  2000d6fc    00000080                  : device.obj (.text:_sl_HandleAsync_InitComplete)
                  2000d77c    00000080                  : cc_pal.obj (.text:spi_Read_CPU)
                  2000d7fc    00000080                  : cc_pal.obj (.text:spi_Write_CPU)
                  2000d87c    0000007c                  : socket.obj (.text:sl_SetSockOpt)
                  2000d8f8    0000007c                  : wlan.obj (.text:sl_WlanSet)
                  2000d974    00000004     --HOLE-- [fill = 0]
                  2000d978    0000007c     sysbios.aem4 : BIOS.obj (.text:ti_sysbios_family_arm_m3_TimestampProvider_get64__E)
                  2000d9f4    0000007a     rtsv7M4_T_le_eabi.lib : memset_t2.obj (.text)
                  2000da6e    00000002     --HOLE-- [fill = 0]
                  2000da70    00000078     simplelink.a : cc_pal.obj (.text:spi_Close)
                  2000dae8    00000076     driverlib.a : uart.obj (.text:UARTConfigSetExpClk)
                  2000db5e    00000002     --HOLE-- [fill = 0]
                  2000db60    00000074     ti.targets.arm.rtsarm.aem4 : LoggerBuf.oem4 (.text:xdc_runtime_LoggerBuf_getFilterLevel__E)
                  2000dbd4    00000070     simplelink.a : socket.obj (.text:sl_Socket)
                  2000dc44    00000004     --HOLE-- [fill = 0]
                  2000dc48    00000070     sysbios.aem4 : BIOS.obj (.text:ti_sysbios_knl_Mailbox_Instance_finalize__E)
                  2000dcb8    0000006d     ti.targets.arm.rtsarm.aem4 : System.oem4 (.text:xdc_runtime_System_formatNum__I)
                  2000dd25    00000003     --HOLE-- [fill = 0]
                  2000dd28    0000006c     simplelink.a : driver.obj (.text:_SlDrvCmdSend)
                  2000dd94    0000006c                  : netapp.obj (.text:_sl_NetAppSendTokenValue)
                  2000de00    0000006c     sysbios.aem4 : BIOS.obj (.text:ti_sysbios_knl_Swi_restoreHwi__E)
                  2000de6c    0000006c     ti.targets.arm.rtsarm.aem4 : Error.oem4 (.text:xdc_runtime_Error_print__E)
                  2000ded8    0000006c                                : Memory.oem4 (.text:xdc_runtime_Memory_alloc__E)
                  2000df44    0000006a     rtsv7M4_T_le_eabi.lib : copy_decompress_rle.obj (.text)
                  2000dfae    00000002     --HOLE-- [fill = 0]
                  2000dfb0    00000068                           : trgmsg.obj (.text)
                  2000e018    00000066                           : xdunscal.obj (.text)
                  2000e07e    00000066     ti.targets.arm.rtsarm.aem4 : Core-mem.oem4 (.text:xdc_runtime_Core_deleteObject__I)
                  2000e0e4    00000064     simplelink.a : socket.obj (.text:_sl_HandleAsync_Accept)
                  2000e148    00000064     app_pem4.oem4 (.text:ti_sysbios_family_arm_m3_Hwi_create)
                  2000e1ac    00000064     app_pem4.oem4 (.text:ti_sysbios_knl_Mailbox_create)
                  2000e210    00000064     driverlib.a : udma.obj (.text:uDMAChannelAttributeDisable)
                  2000e274    00000064                 : udma.obj (.text:uDMAChannelAttributeEnable)
                  2000e2d8    00000060     rtsv7M4_T_le_eabi.lib : sprintf.obj (.text)
                  2000e338    00000060     sysbios.aem4 : BIOS.obj (.text:ti_sysbios_knl_Clock_logTick__E)
                  2000e398    0000005c                  : BIOS.obj (.text:ti_sysbios_knl_Swi_schedule__I)
                  2000e3f4    0000005c     app_pem4.oem4 (.text:ti_sysbios_knl_Task_create)
                  2000e450    0000005c     app_pem4.oem4 (.text:xdc_runtime_LoggerBuf_Object__create__S)
                  2000e4ac    0000005b     ti.targets.arm.rtsarm.aem4 : Text.oem4 (.text:xdc_runtime_Text_putLab__E)
                  2000e507    00000001     --HOLE-- [fill = 0]
                  2000e508    00000058     driverlib.a : interrupt.obj (.text:IntPendClear)
                  2000e560    00000058                 : prcm.obj (.text:PRCMPeripheralReset)
                  2000e5b8    00000058     sysbios.aem4 : BIOS.obj (.text:ti_sysbios_family_arm_m3_Timer_setPeriod__E)
                  2000e610    00000056     rtsv7M4_T_le_eabi.lib : ltoa.obj (.text)
                  2000e666    00000002     --HOLE-- [fill = 0]
                  2000e668    00000054     simplelink.a : socket.obj (.text:_sl_HandleAsync_Select)
                  2000e6bc    00000004     --HOLE-- [fill = 0]
                  2000e6c0    00000054     sysbios.aem4 : BIOS.obj (.text:ti_sysbios_family_arm_m3_Timer_start__E)
                  2000e714    00000054     ti.targets.arm.rtsarm.aem4 : Assert.oem4 (.text:xdc_runtime_Assert_raise__I)
                  2000e768    00000050     simplelink.a : driver.obj (.text:_SlDrvRxIrqHandler)
                  2000e7b8    00000050                  : device.obj (.text:_sl_HandleAsync_Stop)
                  2000e808    00000050                  : socket.obj (.text:sl_Listen)
                  2000e858    00000050     ti.targets.arm.rtsarm.aem4 : Startup.oem4 (.text:xdc_runtime_Startup_exec__E)
                  2000e8a8    00000050                                : Text.oem4 (.text:xdc_runtime_Text_visitRope2__I)
                  2000e8f8    0000004c     driverlib.a : spi.obj (.text:SPIIntEnable)
                  2000e944    0000004c     simplelink.a : driver.obj (.text:_SlDrvProtectAsyncRespSetting)
                  2000e990    0000004c                  : socket.obj (.text:_sl_BuildAddress)
                  2000e9dc    0000004c     rtsv7M4_T_le_eabi.lib : atoi.obj (.text)
                  2000ea28    0000004c                           : cpy_tbl.obj (.text)
                  2000ea74    0000004c     sysbios.aem4 : m3_TaskSupport_asm.obj (.text:ti_sysbios_family_arm_m3_TaskSupport_buildTaskStack)
                  2000eac0    0000004c                  : BIOS.obj (.text:ti_sysbios_heaps_HeapMem_getStats__E)
                  2000eb0c    00000004     --HOLE-- [fill = 0]
                  2000eb10    0000004c                  : BIOS.obj (.text:ti_sysbios_knl_Swi_runLoop__I)
                  2000eb5c    00000004     --HOLE-- [fill = 0]
                  2000eb60    0000004c                  : BIOS.obj (.text:ti_sysbios_knl_Task_allBlockedFunction__I)
                  2000ebac    0000004c     driverlib.a : udma.obj (.text:uDMAChannelAssign)
                  2000ebf8    00000048                 : spi.obj (.text:SPIIntClear)
                  2000ec40    00000048     main.obj (.text)
                  2000ec88    00000048     rtsv7M4_T_le_eabi.lib : fd_toi_t2.obj (.text)
                  2000ecd0    00000048     sysbios.aem4 : BIOS.obj (.text:ti_sysbios_family_arm_m3_Hwi_disableInterrupt__E)
                  2000ed18    00000048                  : BIOS.obj (.text:ti_sysbios_family_arm_m3_Hwi_enableInterrupt__E)
                  2000ed60    00000048                  : BIOS.obj (.text:ti_sysbios_family_arm_m3_Hwi_excReserved__I)
                  2000eda8    00000048                  : m3_Hwi_asm_switch.obj (.text:ti_sysbios_family_arm_m3_Hwi_initStacks__E)
                  2000edf0    00000048                  : BIOS.obj (.text:ti_sysbios_family_arm_m3_Timer_initDevice__I)
                  2000ee38    00000046     rtsv7M4_T_le_eabi.lib : ldexp.obj (.text)
                  2000ee7e    00000046     ti.targets.arm.rtsarm.aem4 : Core-params.oem4 (.text:xdc_runtime_Core_assignParams__I)
                  2000eec4    00000044     driverlib.a : spi.obj (.text:SPIDmaMaskGet)
                  2000ef08    00000044                 : uart.obj (.text:UARTIntNumberGet)
                  2000ef4c    00000044     boot.aem4 : boot.oem4 (.text)
                  2000ef90    00000044     simplelink.a : cc_pal.obj (.text:cc_SetupTransfer)
                  2000efd4    00000044     rtsv7M4_T_le_eabi.lib : exit.obj (.text)
                  2000f018    00000044     simplelink.a : socket.obj (.text:sl_Close)
                  2000f05c    00000044                  : wlan.obj (.text:sl_WlanSetMode)
                  2000f0a0    00000044     sysbios.aem4 : BIOS.obj (.text:ti_sysbios_family_arm_m3_Hwi_getStackInfo__E)
                  2000f0e4    00000004     --HOLE-- [fill = 0]
                  2000f0e8    00000044                  : BIOS.obj (.text:ti_sysbios_knl_Mailbox_postInit__I)
                  2000f12c    00000044     ti.targets.arm.rtsarm.aem4 : Error.oem4 (.text:xdc_runtime_Error_setX__E)
                  2000f170    00000044                                : LoggerBuf.oem4 (.text:xdc_runtime_LoggerBuf_filterOutEvent__I)
                  2000f1b4    00000044                                : SysMin.oem4 (.text:xdc_runtime_SysMin_flush__E)
                  2000f1f8    00000044                                : Text.oem4 (.text:xdc_runtime_Text_xprintf__I)
                  2000f23c    00000040     driverlib.a : pin.obj (.text:PinModeSet)
                  2000f27c    00000040     simplelink.a : driver.obj (.text:_SlDrvSyncObjWaitTimeout)
                  2000f2bc    00000040                  : socket.obj (.text:_sl_TruncatePayloadByProtocol)
                  2000f2fc    00000040     rtsv7M4_T_le_eabi.lib : signal.obj (.text)
                  2000f33c    00000040                           : u_divt2.obj (.text)
                  2000f37c    00000040     simplelink.a : netapp.obj (.text:sl_NetAppStart)
                  2000f3bc    00000004     --HOLE-- [fill = 0]
                  2000f3c0    00000040     sysbios.aem4 : BIOS.obj (.text:ti_sysbios_family_arm_m3_Timer_Module_startup__E)
                  2000f400    0000003c     simplelink.a : netapp.obj (.text:CopyPingResultsToReport)
                  2000f43c    0000003c     driverlib.a : prcm.obj (.text:PRCMPeripheralClkEnable)
                  2000f478    0000003c     simplelink.a : socket.obj (.text:sl_Htons)
                  2000f4b4    00000004     --HOLE-- [fill = 0]
                  2000f4b8    0000003c     sysbios.aem4 : BIOS.obj (.text:ti_sysbios_family_arm_m3_Hwi_excSvCall__I)
                  2000f4f4    00000004     --HOLE-- [fill = 0]
                  2000f4f8    0000003c                  : BIOS.obj (.text:ti_sysbios_heaps_HeapMem_init__I)
                  2000f534    00000004     --HOLE-- [fill = 0]
                  2000f538    0000003c                  : BIOS.obj (.text:ti_sysbios_knl_Swi_startup__E)
                  2000f574    0000003c     driverlib.a : udma.obj (.text:uDMAChannelControlSet)
                  2000f5b0    0000003a     ti.targets.arm.rtsarm.aem4 : LoggerBuf.oem4 (.text:xdc_runtime_LoggerBuf_Instance_init__E)
                  2000f5ea    00000002     --HOLE-- [fill = 0]
                  2000f5ec    00000038     simplelink.a : cc_pal.obj (.text:NwpPowerOff)
                  2000f624    00000004     --HOLE-- [fill = 0]
                  2000f628    00000038     sysbios.aem4 : BIOS.obj (.text:ti_sysbios_family_arm_m3_Hwi_excNoIsr__I)
                  2000f660    00000038                  : BIOS.obj (.text:ti_sysbios_knl_Task_processVitalTaskFlag__I)
                  2000f698    00000038     ti.targets.arm.rtsarm.aem4 : SysMin.oem4 (.text:xdc_runtime_SysMin_putch__E)
                  2000f6d0    00000038                                : System.oem4 (.text:xdc_runtime_System_atexit__E)
                  2000f708    00000036     driverlib.a : gpio.obj (.text:GPIODirModeSet)
                  2000f73e    00000002     --HOLE-- [fill = 0]
                  2000f740    00000034                 : prcm.obj (.text:PRCMPeripheralStatusGet)
                  2000f774    00000034                 : spi.obj (.text:SPIFIFOLevelSet)
                  2000f7a8    00000034     rtsv7M4_T_le_eabi.lib : feraiseexcept.obj (.text)
                  2000f7dc    00000004     --HOLE-- [fill = 0]
                  2000f7e0    00000034     sysbios.aem4 : BIOS.obj (.text:ti_sysbios_family_arm_m3_Hwi_Instance_finalize__E)
                  2000f814    00000004     --HOLE-- [fill = 0]
                  2000f818    00000034                  : BIOS.obj (.text:ti_sysbios_family_arm_m3_Hwi_excNmi__I)
                  2000f84c    00000004     --HOLE-- [fill = 0]
                  2000f850    00000034                  : BIOS.obj (.text:ti_sysbios_family_arm_m3_Timer_periodicStub__I)
                  2000f884    00000004     --HOLE-- [fill = 0]
                  2000f888    00000034                  : BIOS.obj (.text:ti_sysbios_hal_Hwi_checkStack)
                  2000f8bc    00000034     app_pem4.oem4 (.text:ti_sysbios_knl_Semaphore_create)
                  2000f8f0    00000034     ti.targets.arm.rtsarm.aem4 : Core-label.oem4 (.text:xdc_runtime_Core_assignLabel__I)
                  2000f924    00000033                                : Text.oem4 (.text:xdc_runtime_Text_printVisFxn__I)
                  2000f957    00000001     --HOLE-- [fill = 0]
                  2000f958    00000032     sysbios.aem4 : BIOS.obj (.text:ti_sysbios_hal_Hwi_initStack)
                  2000f98a    00000006     ti.targets.arm.rtsarm.aem4 : xdc_noinit.oem4 (.text:__xdc__init)
                  2000f990    00000032     sysbios.aem4 : BIOS.obj (.text:ti_sysbios_knl_Semaphore_pendTimeout__I)
                  2000f9c2    00000030     driverlib.a : pin.obj (.text:PinTypeGPIO)
                  2000f9f2    00000002     --HOLE-- [fill = 0]
                  2000f9f4    00000030                 : uart.obj (.text:UARTDisable)
                  2000fa24    00000030     rtsv7M4_T_le_eabi.lib : xferaise.obj (.text)
                  2000fa54    00000030     app_pem4.oem4 (.text:ti_sysbios_BIOS_atExitFunc__I)
                  2000fa84    00000004     --HOLE-- [fill = 0]
                  2000fa88    00000030     sysbios.aem4 : BIOS.obj (.text:ti_sysbios_family_arm_m3_TaskSupport_start__E)
                  2000fab8    00000030     app_pem4.oem4 (.text:ti_sysbios_gates_GateHwi_Object__create__S)
                  2000fae8    00000030     app_pem4.oem4 (.text:ti_sysbios_gates_GateMutex_Object__create__S)
                  2000fb18    00000030     app_pem4.oem4 (.text:ti_sysbios_heaps_HeapMem_Object__create__S)
                  2000fb48    00000030     app_pem4.oem4 (.text:ti_sysbios_knl_Semaphore_construct)
                  2000fb78    00000030     ti.targets.arm.rtsarm.aem4 : SysMin.oem4 (.text:xdc_runtime_SysMin_abort__E)
                  2000fba8    00000030                                : System.oem4 (.text:xdc_runtime_System_processAtExit__E)
                  2000fbd8    0000002e     app_pem4.oem4 (.text:malloc)
                  2000fc06    0000002e     rtsv7M4_T_le_eabi.lib : i_tofd_t2.obj (.text)
                  2000fc34    0000002e                           : raise.obj (.text)
                  2000fc62    00000002     --HOLE-- [fill = 0]
                  2000fc64    0000002c     simplelink.a : cc_pal.obj (.text:DmaSpiSwIntHandler)
                  2000fc90    0000002c     driverlib.a : prcm.obj (.text:PRCMSysResetCauseGet)
                  2000fcbc    0000002c     app_pem4.oem4 (.text:ti_sysbios_knl_Clock_doTick__I)
                  2000fce8    0000002c     app_pem4.oem4 (.text:ti_sysbios_knl_Queue_construct)
                  2000fd14    00000004     --HOLE-- [fill = 0]
                  2000fd18    0000002c     sysbios.aem4 : BIOS.obj (.text:ti_sysbios_knl_Task_restore__E)
                  2000fd44    0000002c     ti.targets.arm.rtsarm.aem4 : Text.oem4 (.text:xdc_runtime_Text_cordText__E)
                  2000fd70    0000002a     rtsv7M4_T_le_eabi.lib : xdclass.obj (.text)
                  2000fd9a    0000002a     ti.targets.arm.rtsarm.aem4 : System.oem4 (.text:xdc_runtime_System_putchar__I)
                  2000fdc4    00000028     driverlib.a : prcm.obj (.text:PRCMPeripheralClkDisable)
                  2000fdec    00000028     simplelink.a : driver.obj (.text:_SlDrvObjGlobalLockWaitForever)
                  2000fe14    00000028                  : driver.obj (.text:_SlDrvProtectionObjLockWaitForever)
                  2000fe3c    00000004     --HOLE-- [fill = 0]
                  2000fe40    00000028     sysbios.aem4 : BIOS.obj (.text:ti_sysbios_knl_Swi_Module_startup__E)
                  2000fe68    00000028     ti.targets.arm.rtsarm.aem4 : LoggerBuf.oem4 (.text:xdc_runtime_LoggerBuf_Module_startup__E)
                  2000fe90    00000026     simplelink.a : cc_pal.obj (.text:NwpRegisterInterruptHandler)
                  2000feb6    00000026     ti.targets.arm.rtsarm.aem4 : System.oem4 (.text:xdc_runtime_System_avprintf__E)
                  2000fedc    00000024     driverlib.a : uart.obj (.text:UARTEnable)
                  2000ff00    00000024     simplelink.a : driver.obj (.text:_SlDrvGlobalObjUnLock)
                  2000ff24    00000024                  : driver.obj (.text:_SlDrvProtectionObjUnLock)
                  2000ff48    00000024                  : driver.obj (.text:_SlDrvSyncObjWaitForever)
                  2000ff6c    00000024     app_pem4.oem4 (.text:ti_sysbios_BIOS_errorRaiseHook__I)
                  2000ff90    00000024     app_pem4.oem4 (.text:ti_sysbios_BIOS_registerRTSLock__I)
                  2000ffb4    00000024     app_pem4.oem4 (.text:ti_sysbios_BIOS_removeRTSLock__I)
                  2000ffd8    00000024     app_pem4.oem4 (.text:ti_sysbios_BIOS_startFunc__I)
                  2000fffc    00000004     --HOLE-- [fill = 0]
                  20010000    00000024     sysbios.aem4 : BIOS.obj (.text:ti_sysbios_family_arm_m3_Hwi_doTaskRestore__I)
                  20010024    00000004     --HOLE-- [fill = 0]
                  20010028    00000024                  : BIOS.obj (.text:ti_sysbios_family_arm_m3_Timer_startup__E)
                  2001004c    00000024     app_pem4.oem4 (.text:ti_sysbios_gates_GateMutex_Object__delete__S)
                  20010070    00000024     sysbios.aem4 : BIOS.obj (.text:ti_sysbios_knl_Clock_Module_startup__E)
                  20010094    00000024     app_pem4.oem4 (.text:ti_sysbios_knl_Semaphore_Object__delete__S)
                  200100b8    00000024     ti.targets.arm.rtsarm.aem4 : System.oem4 (.text:xdc_runtime_System_vprintf__E)
                  200100dc    00000022     driverlib.a : spi.obj (.text:SPIReset)
                  200100fe    00000022                 : spi.obj (.text:SPIWordCountSet)
                  20010120    00000022     simplelink.a : driver.obj (.text:_SlDrvObjLockWaitForever)
                  20010142    00000022     rtsv7M4_T_le_eabi.lib : frexp.obj (.text)
                  20010164    00000022     app_pem4.oem4 (.text:xdc_runtime_SysMin_output__I)
                  20010186    00000020     driverlib.a : gpio.obj (.text:GPIOPinWrite)
                  200101a6    00000002     --HOLE-- [fill = 0]
                  200101a8    00000020                 : interrupt.obj (.text:IntRegister)
                  200101c8    00000020     simplelink.a : cc_pal.obj (.text:NwpPowerOn)
                  200101e8    00000020     app_pem4.oem4 (.text:ti_sysbios_BIOS_rtsLock__I)
                  20010208    00000020     app_pem4.oem4 (.text:ti_sysbios_family_arm_m3_Hwi_Object__delete__S)
                  20010228    00000020     sysbios.aem4 : m3_Hwi_asm.obj (.text:ti_sysbios_family_arm_m3_Hwi_excHandlerAsm__I)
                  20010248    00000020                  : BIOS.obj (.text:ti_sysbios_family_arm_m3_Hwi_excHandler__I)
                  20010268    00000020                  : BIOS.obj (.text:ti_sysbios_family_arm_m3_TimestampProvider_Module_startup__E)
                  20010288    00000020     app_pem4.oem4 (.text:ti_sysbios_gates_GateHwi_Object__delete__S)
                  200102a8    00000020     app_pem4.oem4 (.text:ti_sysbios_heaps_HeapMem_Object__delete__S)
                  200102c8    00000020     sysbios.aem4 : BIOS.obj (.text:ti_sysbios_knl_Idle_run__E)
                  200102e8    00000020     app_pem4.oem4 (.text:ti_sysbios_knl_Mailbox_Object__delete__S)
                  20010308    00000020     app_pem4.oem4 (.text:ti_sysbios_knl_Semaphore_Object__destruct__S)
                  20010328    00000020     app_pem4.oem4 (.text:ti_sysbios_knl_Task_Object__delete__S)
                  20010348    00000020     app_pem4.oem4 (.text:xdc_runtime_LoggerBuf_Object__delete__S)
                  20010368    00000020     ti.targets.arm.rtsarm.aem4 : LoggerBuf.oem4 (.text:xdc_runtime_LoggerBuf_reset__E)
                  20010388    00000020                                : Registry.oem4 (.text:xdc_runtime_Registry_findById__E)
                  200103a8    00000020                                : SysMin.oem4 (.text:xdc_runtime_SysMin_Module_startup__E)
                  200103c8    0000001e     driverlib.a : uart.obj (.text:UARTCharPut)
                  200103e6    0000001e                 : uart.obj (.text:UARTIntRegister)
                  20010404    0000001e                 : uart.obj (.text:UARTIntStatus)
                  20010422    0000001e     simplelink.a : driver.obj (.text:_SlDrvObjUnLock)
                  20010440    0000001e                  : driver.obj (.text:_SlDrvSyncObjSignal)
                  2001045e    0000001e                  : cc_pal.obj (.text:cc_UDMAChannelSelect)
                  2001047c    0000001e     sysbios.aem4 : m3_Hwi_asm_switch.obj (.text:ti_sysbios_family_xxx_Hwi_switchAndRunFunc)
                  2001049a    0000001c     rtsv7M4_T_le_eabi.lib : memccpy.obj (.text)
                  200104b6    00000002     --HOLE-- [fill = 0]
                  200104b8    0000001c     sysbios.aem4 : BIOS.obj (.text:ti_sysbios_family_arm_m3_Hwi_setPriority__E)
                  200104d4    00000004     --HOLE-- [fill = 0]
                  200104d8    0000001c                  : BIOS.obj (.text:ti_sysbios_gates_GateMutex_Instance_init__E)
                  200104f4    0000001c     app_pem4.oem4 (.text:ti_sysbios_knl_Queue_Object__destruct__S)
                  20010510    0000001c     sysbios.aem4 : BIOS.obj (.text:ti_sysbios_knl_Task_enter__I)
                  2001052c    0000001c     driverlib.a : udma.obj (.text:uDMAChannelEnable)
                  20010548    0000001c     ti.targets.arm.rtsarm.aem4 : Error.oem4 (.text:xdc_runtime_Error_raiseX__E)
                  20010564    0000001c                                : Memory.oem4 (.text:xdc_runtime_Memory_valloc__E)
                  20010580    0000001c                                : SysMin.oem4 (.text:xdc_runtime_SysMin_exit__E)
                  2001059c    0000001c                                : System.oem4 (.text:xdc_runtime_System_abort__E)
                  200105b8    0000001a     driverlib.a : pin.obj (.text:PinTypeUART)
                  200105d2    0000001a                 : spi.obj (.text:SPIDmaDisable)
                  200105ec    0000001a                 : spi.obj (.text:SPIDmaEnable)
                  20010606    0000001a                 : spi.obj (.text:SPIFIFODisable)
                  20010620    0000001a                 : spi.obj (.text:SPIFIFOEnable)
                  2001063a    0000001a     app_pem4.oem4 (.text:ti_sysbios_family_arm_m3_Hwi_Handle__label__S)
                  20010654    0000001a     sysbios.aem4 : m3_Hwi_asm.obj (.text:ti_sysbios_family_arm_m3_Hwi_pendSV__I)
                  2001066e    0000001a     app_pem4.oem4 (.text:ti_sysbios_gates_GateHwi_Handle__label__S)
                  20010688    0000001a     app_pem4.oem4 (.text:ti_sysbios_gates_GateMutex_Handle__label__S)
                  200106a2    0000001a     app_pem4.oem4 (.text:ti_sysbios_heaps_HeapMem_Handle__label__S)
                  200106bc    0000001a     app_pem4.oem4 (.text:ti_sysbios_knl_Swi_Handle__label__S)
                  200106d6    0000001a     app_pem4.oem4 (.text:ti_sysbios_knl_Task_Handle__label__S)
                  200106f0    0000001a     sysbios.aem4 : BIOS.obj (.text:ti_sysbios_knl_Task_sleepTimeout__I)
                  2001070a    0000001a     app_pem4.oem4 (.text:xdc_runtime_LoggerBuf_Handle__label__S)
                  20010724    0000001a     app_pem4.oem4 (.text:xdc_runtime_System_aprintf__E)
                  2001073e    0000001a     app_pem4.oem4 (.text:xdc_runtime_System_printf__E)
                  20010758    00000018     driverlib.a : gpio.obj (.text:GPIOPinRead)
                  20010770    00000018                 : spi.obj (.text:SPICSDisable)
                  20010788    00000018                 : spi.obj (.text:SPICSEnable)
                  200107a0    00000018                 : spi.obj (.text:SPIDisable)
                  200107b8    00000018                 : spi.obj (.text:SPIEnable)
                  200107d0    00000018                 : uart.obj (.text:UARTCharsAvail)
                  200107e8    00000018                 : uart.obj (.text:UARTFIFOLevelSet)
                  20010800    00000018                 : uart.obj (.text:UARTIntEnable)
                  20010818    00000018     simplelink.a : device.obj (.text:_sl_GetStartResponseConvert)
                  20010830    00000018     app_pem4.oem4 (.text:free)
                  20010848    00000018     rtsv7M4_T_le_eabi.lib : args_main.obj (.text)
                  20010860    00000018     app_pem4.oem4 (.text:ti_sysbios_BIOS_rtsUnlock__I)
                  20010878    00000018     app_pem4.oem4 (.text:ti_sysbios_family_arm_m3_Hwi_Module__startupDone__F)
                  20010890    00000018     app_pem4.oem4 (.text:ti_sysbios_family_arm_m3_Timer_Module__startupDone__F)
                  200108a8    00000018     sysbios.aem4 : BIOS.obj (.text:ti_sysbios_gates_GateMutex_leave__E)
                  200108c0    00000018     ti.targets.arm.rtsarm.aem4 : Error.oem4 (.text:xdc_runtime_Error_check__E)
                  200108d8    00000018                                : System.oem4 (.text:xdc_runtime_System_exit__E)
                  200108f0    00000018                                : Text.oem4 (.text:xdc_runtime_Text_ropeText__E)
                  20010908    00000016     driverlib.a : prcm.obj (.text:PRCMHIBRegRead)
                  2001091e    00000016                 : prcm.obj (.text:PRCMHIBRegWrite)
                  20010934    00000016                 : uart.obj (.text:UARTCharGet)
                  2001094a    00000016                 : uart.obj (.text:UARTFIFOEnable)
                  20010960    00000016     simplelink.a : driver.obj (.text:_SlDrvMemZero)
                  20010976    00000016     rtsv7M4_T_le_eabi.lib : strchr.obj (.text)
                  2001098c    00000016     app_pem4.oem4 (.text:ti_sysbios_BIOS_exitFunc__I)
                  200109a2    00000014     driverlib.a : cpu.obj (.text:CPUcpsie)
                  200109b6    00000002     --HOLE-- [fill = 0]
                  200109b8    00000014     rtsv7M4_T_le_eabi.lib : _lock.obj (.text)
                  200109cc    00000014                           : strcpy.obj (.text)
                  200109e0    00000014                           : strlen.obj (.text)
                  200109f4    00000014     app_pem4.oem4 (.text:ti_sysbios_family_arm_m3_Hwi_Object__get__S)
                  20010a08    00000014     sysbios.aem4 : BIOS.obj (.text:ti_sysbios_family_arm_m3_Hwi_switchFromBootStack__E)
                  20010a1c    00000014     app_pem4.oem4 (.text:ti_sysbios_heaps_HeapMem_Object__get__S)
                  20010a30    00000014     app_pem4.oem4 (.text:ti_sysbios_knl_Swi_Object__get__S)
                  20010a44    00000014     app_pem4.oem4 (.text:xdc_runtime_LoggerBuf_Object__get__S)
                  20010a58    00000012     driverlib.a : uart.obj (.text:UARTIntClear)
                  20010a6a    00000006     rtsv7M4_T_le_eabi.lib : copy_decompress_rle.obj (.text:decompress:rle24)
                  20010a70    00000012     sysbios.aem4 : BIOS.obj (.text:ti_sysbios_hal_Hwi_Module_startup__E)
                  20010a82    00000006     ti.targets.arm.rtsarm.aem4 : System.oem4 (.text:xdc_runtime_System_Module_startup__E)
                  20010a88    00000012     sysbios.aem4 : BIOS.obj (.text:ti_sysbios_hal_Timer_Module_startup__E)
                  20010a9a    00000012     ti.targets.arm.rtsarm.aem4 : LoggerBuf.oem4 (.text:xdc_runtime_LoggerBuf_Instance_finalize__E)
                  20010aac    00000012                                : LoggerBuf.oem4 (.text:xdc_runtime_LoggerBuf_write1__E)
                  20010abe    00000012                                : LoggerBuf.oem4 (.text:xdc_runtime_LoggerBuf_write2__E)
                  20010ad0    00000012     app_pem4.oem4 (.text:xdc_runtime_Startup_exec__I)
                  20010ae2    00000010     simplelink.a : driver.obj (.text:_SlDrvDispatchHttpServerEvents)
                  20010af2    00000006     --HOLE-- [fill = 0]
                  20010af8    00000010     sysbios.aem4 : BIOS.obj (.text:ti_sysbios_BIOS_setThreadType__E)
                  20010b08    00000010                  : BIOS.obj (.text:ti_sysbios_BIOS_start__E)
                  20010b18    00000010                  : BIOS.obj (.text:ti_sysbios_family_arm_m3_Hwi_getHandle__E)
                  20010b28    00000010                  : m3_TaskSupport_asm.obj (.text:ti_sysbios_family_arm_m3_TaskSupport_glue)
                  20010b38    00000010                  : m3_TaskSupport_asm.obj (.text:ti_sysbios_family_arm_m3_TaskSupport_swap__E)
                  20010b48    00000010                  : BIOS.obj (.text:ti_sysbios_gates_GateMutex_Instance_finalize__E)
                  20010b58    00000010     app_pem4.oem4 (.text:ti_sysbios_knl_Mailbox_Object__get__S)
                  20010b68    00000010     sysbios.aem4 : BIOS.obj (.text:ti_sysbios_knl_Semaphore_Instance_finalize__E)
                  20010b78    00000010                  : BIOS.obj (.text:ti_sysbios_knl_Swi_disable__E)
                  20010b88    00000010     app_pem4.oem4 (.text:ti_sysbios_knl_Task_Object__get__S)
                  20010b98    00000010     sysbios.aem4 : BIOS.obj (.text:ti_sysbios_knl_Task_disable__E)
                  20010ba8    00000010     ti.targets.arm.rtsarm.aem4 : Gate.oem4 (.text:xdc_runtime_Gate_leaveSystem__E)
                  20010bb8    00000010                                : LoggerBuf.oem4 (.text:xdc_runtime_LoggerBuf_write0__E)
                  20010bc8    00000010                                : Memory.oem4 (.text:xdc_runtime_Memory_free__E)
                  20010bd8    00000010                                : SysMin.oem4 (.text:xdc_runtime_SysMin_ready__E)
                  20010be8    00000010                                : System.oem4 (.text:xdc_runtime_System_vsnprintf__E)
                  20010bf8    00000010     app_pem4.oem4 (.text:xdc_runtime_Text_visitRope__I)
                  20010c08    0000000e     simplelink.a : driver.obj (.text:_SlDrvResetCmdExt)
                  20010c16    0000000e     rtsv7M4_T_le_eabi.lib : copy_decompress_none.obj (.text:decompress:none)
                  20010c24    00000004     --HOLE-- [fill = 0]
                  20010c28    0000000e     sysbios.aem4 : BIOS.obj (.text:ti_sysbios_knl_Idle_loop__E)
                  20010c36    00000002     --HOLE-- [fill = 0]
                  20010c38    0000000e                  : BIOS.obj (.text:ti_sysbios_knl_Queue_empty__E)
                  20010c46    00000002     --HOLE-- [fill = 0]
                  20010c48    0000000c     simplelink.a : cc_pal.obj (.text:NwpMaskInterrupt)
                  20010c54    0000000c                  : cc_pal.obj (.text:NwpUnMaskInterrupt)
                  20010c60    0000000c     rtsv7M4_T_le_eabi.lib : copy_zero_init.obj (.text:decompress:ZI)
                  20010c6c    0000000c     app_pem4.oem4 (.text:ti_sysbios_family_arm_m3_Hwi_Params__init__S)
                  20010c78    0000000c     sysbios.aem4 : BIOS.obj (.text:ti_sysbios_family_arm_m3_Hwi_disableFxn__E)
                  20010c84    00000004     --HOLE-- [fill = 0]
                  20010c88    0000000c                  : BIOS.obj (.text:ti_sysbios_family_arm_m3_TaskSupport_checkStack__E)
                  20010c94    00000004     --HOLE-- [fill = 0]
                  20010c98    0000000c                  : BIOS.obj (.text:ti_sysbios_family_arm_m3_TaskSupport_getStackAlignment__E)
                  20010ca4    00000004     --HOLE-- [fill = 0]
                  20010ca8    0000000c                  : BIOS.obj (.text:ti_sysbios_gates_GateHwi_enter__E)
                  20010cb4    0000000c     app_pem4.oem4 (.text:ti_sysbios_knl_Queue_Object__get__S)
                  20010cc0    0000000c     app_pem4.oem4 (.text:ti_sysbios_knl_Semaphore_Params__init__S)
                  20010ccc    0000000c     app_pem4.oem4 (.text:ti_sysbios_knl_Task_Params__init__S)
                  20010cd8    0000000c     ti.targets.arm.rtsarm.aem4 : Error.oem4 (.text:xdc_runtime_Error_init__E)
                  20010ce4    0000000c                                : Gate.oem4 (.text:xdc_runtime_Gate_enterSystem__E)
                  20010cf0    0000000c                                : Memory.oem4 (.text:xdc_runtime_Memory_calloc__E)
                  20010cfc    0000000c                                : Memory.oem4 (.text:xdc_runtime_Memory_getMaxDefaultTypeAlign__E)
                  20010d08    0000000a     driverlib.a : interrupt.obj (.text:IntMasterEnable)
                  20010d12    0000000a     app_pem4.oem4 (.text:xdc_runtime_IHeap_alloc)
                  20010d1c    0000000a     app_pem4.oem4 (.text:xdc_runtime_IHeap_free)
                  20010d26    0000000a     ti.targets.arm.rtsarm.aem4 : LoggerBuf.oem4 (.text:xdc_runtime_LoggerBuf_disable__E)
                  20010d30    0000000a                                : LoggerBuf.oem4 (.text:xdc_runtime_LoggerBuf_enable__E)
                  20010d3a    00000006     --HOLE-- [fill = 0]
                  20010d40    00000008     sysbios.aem4 : BIOS.obj (.text:ti_sysbios_family_arm_m3_Hwi_doSwiRestore__I)
                  20010d48    00000008                  : BIOS.obj (.text:ti_sysbios_family_arm_m3_Hwi_startup__E)
                  20010d50    00000006                  : BIOS.obj (.text:ti_sysbios_family_arm_m3_Hwi_restoreFxn__E)
                  20010d56    00000002     --HOLE-- [fill = 0]
                  20010d58    00000006                  : BIOS.obj (.text:ti_sysbios_gates_GateHwi_leave__E)
                  20010d5e    00000002     --HOLE-- [fill = 0]
                  20010d60    00000006                  : BIOS.obj (.text:ti_sysbios_heaps_HeapMem_isBlocking__E)
                  20010d66    00000002     --HOLE-- [fill = 0]
                  20010d68    00000006                  : BIOS.obj (.text:ti_sysbios_knl_Queue_Instance_init__E)
                  20010d6e    00000002     --HOLE-- [fill = 0]
                  20010d70    00000004                  : BIOS.obj (.text:ti_sysbios_family_arm_m3_Timer_getMaxTicks__E)
                  20010d74    00000004     --HOLE-- [fill = 0]
                  20010d78    00000004                  : BIOS.obj (.text:ti_sysbios_gates_GateHwi_query__E)
                  20010d7c    00000004     --HOLE-- [fill = 0]
                  20010d80    00000004                  : BIOS.obj (.text:ti_sysbios_gates_GateMutex_query__E)
                  20010d84    00000004     --HOLE-- [fill = 0]
                  20010d88    00000004                  : BIOS.obj (.text:ti_sysbios_knl_Task_startup__E)
                  20010d8c    00000004     --HOLE-- [fill = 0]
                  20010d90    00000002                  : BIOS.obj (.text:ti_sysbios_gates_GateHwi_Instance_init__E)

.const     0    20010d94    000024c3     
                  20010d94    000018cb     app_pem4.oem4 (.const:xdc_runtime_Text_charTab__A)
                  2001265f    00000101     rtsv7M4_T_le_eabi.lib : ctype.obj (.const:.string:_ctypes_)
                  20012760    00000100     driverlib.a : pin.obj (.const:g_ulPinToPadMap)
                  20012860    000000b8     app_pem4.oem4 (.const:xdc_runtime_Text_nodeTab__A)
                  20012918    000000a8     driverlib.a : prcm.obj (.const:PRCM_PeriphRegsList)
                  200129c0    00000080                 : interrupt.obj (.const)
                  20012a40    00000048     app_pem4.oem4 (.const:.string)
                  20012a88    0000003c     simplelink.a : driver.obj (.const:OpcodeTranslateTable)
                  20012ac4    0000003c                  : wlan.obj (.const)
                  20012b00    0000003c     app_pem4.oem4 (.const:ti_sysbios_knl_Task_Object__PARAMS__C)
                  20012b3c    0000003c     app_pem4.oem4 (.const:xdc_runtime_LoggerBuf_Module__FXNS__C)
                  20012b78    00000038     simplelink.a : driver.obj (.const:_SlActionLookupTable)
                  20012bb0    00000034                  : socket.obj (.const)
                  20012be4    00000034     app_pem4.oem4 (.const:ti_sysbios_knl_Mailbox_Object__PARAMS__C)
                  20012c18    00000030     simplelink.a : driver.obj (.const)
                  20012c48    00000030     app_pem4.oem4 (.const:ti_sysbios_family_arm_m3_Hwi_Object__PARAMS__C)
                  20012c78    00000030     app_pem4.oem4 (.const:xdc_runtime_Startup_sfxnTab__A)
                  20012ca8    00000028     simplelink.a : netapp.obj (.const)
                  20012cd0    00000028     app_pem4.oem4 (.const:ti_sysbios_heaps_HeapMem_Module__FXNS__C)
                  20012cf8    00000024     app_pem4.oem4 (.const:ti_sysbios_gates_GateHwi_Module__FXNS__C)
                  20012d1c    00000024     app_pem4.oem4 (.const:ti_sysbios_gates_GateMutex_Module__FXNS__C)
                  20012d40    00000024     app_pem4.oem4 (.const:ti_sysbios_heaps_HeapMem_Object__PARAMS__C)
                  20012d64    00000024     app_pem4.oem4 (.const:ti_sysbios_knl_Semaphore_Object__PARAMS__C)
                  20012d88    00000024     app_pem4.oem4 (.const:xdc_runtime_LoggerBuf_Object__PARAMS__C)
                  20012dac    00000020     app_pem4.oem4 (.const:ti_sysbios_family_arm_m3_Hwi_Object__DESC__C)
                  20012dcc    00000020     app_pem4.oem4 (.const:ti_sysbios_gates_GateHwi_Object__DESC__C)
                  20012dec    00000020     app_pem4.oem4 (.const:ti_sysbios_gates_GateMutex_Object__DESC__C)
                  20012e0c    00000020     app_pem4.oem4 (.const:ti_sysbios_heaps_HeapMem_Object__DESC__C)
                  20012e2c    00000020     app_pem4.oem4 (.const:ti_sysbios_knl_Mailbox_Object__DESC__C)
                  20012e4c    00000020     app_pem4.oem4 (.const:ti_sysbios_knl_Queue_Object__DESC__C)
                  20012e6c    00000020     app_pem4.oem4 (.const:ti_sysbios_knl_Semaphore_Object__DESC__C)
                  20012e8c    00000020     app_pem4.oem4 (.const:ti_sysbios_knl_Task_Object__DESC__C)
                  20012eac    00000020     app_pem4.oem4 (.const:xdc_runtime_LoggerBuf_Object__DESC__C)
                  20012ecc    0000001c     simplelink.a : device.obj (.const)
                  20012ee8    00000018     driverlib.a : spi.obj (.const)
                  20012f00    00000018     app_pem4.oem4 (.const:ti_sysbios_gates_GateHwi_Object__PARAMS__C)
                  20012f18    00000018     app_pem4.oem4 (.const:ti_sysbios_gates_GateMutex_Object__PARAMS__C)
                  20012f30    00000018     app_pem4.oem4 (.const:ti_sysbios_knl_Queue_Object__PARAMS__C)
                  20012f48    00000018     app_pem4.oem4 (.const:xdc_runtime_Startup_sfxnRts__A)
                  20012f60    00000010     simplelink.a : socket.obj (.const:.string)
                  20012f70    00000010     driverlib.a : uart.obj (.const)
                  20012f80    0000000c     app_pem4.oem4 (.const:xdc_runtime_Startup_firstFxns__A)
                  20012f8c    00000008     app_pem4.oem4 (.const:ti_sysbios_family_arm_m3_Hwi_excHookFuncs__A)
                  20012f94    00000008     app_pem4.oem4 (.const:ti_sysbios_knl_Idle_funcList__C)
                  20012f9c    00000008     app_pem4.oem4 (.const:xdc_runtime_Startup_firstFxns__C)
                  20012fa4    00000008     app_pem4.oem4 (.const:xdc_runtime_Startup_lastFxns__C)
                  20012fac    00000004     app_pem4.oem4 (.const:ti_sysbios_family_arm_m3_Hwi_E_NMI__C)
                  20012fb0    00000004     app_pem4.oem4 (.const:ti_sysbios_family_arm_m3_Hwi_E_alreadyDefined__C)
                  20012fb4    00000004     app_pem4.oem4 (.const:ti_sysbios_family_arm_m3_Hwi_E_busFault__C)
                  20012fb8    00000004     app_pem4.oem4 (.const:ti_sysbios_family_arm_m3_Hwi_E_debugMon__C)
                  20012fbc    00000004     app_pem4.oem4 (.const:ti_sysbios_family_arm_m3_Hwi_E_hardFault__C)
                  20012fc0    00000004     app_pem4.oem4 (.const:ti_sysbios_family_arm_m3_Hwi_E_memFault__C)
                  20012fc4    00000004     app_pem4.oem4 (.const:ti_sysbios_family_arm_m3_Hwi_E_noIsr__C)
                  20012fc8    00000004     app_pem4.oem4 (.const:ti_sysbios_family_arm_m3_Hwi_E_reserved__C)
                  20012fcc    00000004     app_pem4.oem4 (.const:ti_sysbios_family_arm_m3_Hwi_E_svCall__C)
                  20012fd0    00000004     app_pem4.oem4 (.const:ti_sysbios_family_arm_m3_Hwi_E_usageFault__C)
                  20012fd4    00000004     app_pem4.oem4 (.const:ti_sysbios_family_arm_m3_Hwi_LD_end__C)
                  20012fd8    00000004     app_pem4.oem4 (.const:ti_sysbios_family_arm_m3_Hwi_LM_begin__C)
                  20012fdc    00000004     app_pem4.oem4 (.const:ti_sysbios_family_arm_m3_Hwi_Module__diagsEnabled__C)
                  20012fe0    00000004     app_pem4.oem4 (.const:ti_sysbios_family_arm_m3_Hwi_Module__diagsIncluded__C)
                  20012fe4    00000004     app_pem4.oem4 (.const:ti_sysbios_family_arm_m3_Hwi_Module__diagsMask__C)
                  20012fe8    00000004     app_pem4.oem4 (.const:ti_sysbios_family_arm_m3_Hwi_Module__loggerFxn1__C)
                  20012fec    00000004     app_pem4.oem4 (.const:ti_sysbios_family_arm_m3_Hwi_Module__loggerFxn8__C)
                  20012ff0    00000004     app_pem4.oem4 (.const:ti_sysbios_family_arm_m3_Hwi_Module__loggerObj__C)
                  20012ff4    00000004     app_pem4.oem4 (.const:ti_sysbios_family_arm_m3_Hwi_NUM_INTERRUPTS__C)
                  20012ff8    00000004     app_pem4.oem4 (.const:ti_sysbios_family_arm_m3_Hwi_Object__count__C)
                  20012ffc    00000004     app_pem4.oem4 (.const:ti_sysbios_family_arm_m3_Hwi_ccr__C)
                  20013000    00000004     app_pem4.oem4 (.const:ti_sysbios_family_arm_m3_Hwi_excHandlerFunc__C)
                  20013004    00000004     app_pem4.oem4 (.const:ti_sysbios_family_arm_m3_Hwi_excHookFuncs__C)
                  20013008    00000004     app_pem4.oem4 (.const:ti_sysbios_family_arm_m3_Hwi_nullIsrFunc__C)
                  2001300c    00000004     app_pem4.oem4 (.const:ti_sysbios_family_arm_m3_Hwi_priGroup__C)
                  20013010    00000004     app_pem4.oem4 (.const:ti_sysbios_family_arm_m3_TaskSupport_stackAlignment__C)
                  20013014    00000004     app_pem4.oem4 (.const:ti_sysbios_family_arm_m3_Timer_E_cannotSupport__C)
                  20013018    00000004     app_pem4.oem4 (.const:ti_sysbios_family_arm_m3_Timer_startupNeeded__C)
                  2001301c    00000004     app_pem4.oem4 (.const:ti_sysbios_gates_GateMutex_A_badContext__C)
                  20013020    00000004     app_pem4.oem4 (.const:ti_sysbios_gates_GateMutex_Instance_State_sem__O)
                  20013024    00000004     app_pem4.oem4 (.const:ti_sysbios_gates_GateMutex_Module__diagsEnabled__C)
                  20013028    00000004     app_pem4.oem4 (.const:ti_sysbios_gates_GateMutex_Module__diagsIncluded__C)
                  2001302c    00000004     app_pem4.oem4 (.const:ti_sysbios_gates_GateMutex_Module__diagsMask__C)
                  20013030    00000004     app_pem4.oem4 (.const:ti_sysbios_hal_Hwi_E_stackOverflow__C)
                  20013034    00000004     app_pem4.oem4 (.const:ti_sysbios_heaps_HeapMem_A_align__C)
                  20013038    00000004     app_pem4.oem4 (.const:ti_sysbios_heaps_HeapMem_A_heapSize__C)
                  2001303c    00000004     app_pem4.oem4 (.const:ti_sysbios_heaps_HeapMem_A_invalidFree__C)
                  20013040    00000004     app_pem4.oem4 (.const:ti_sysbios_heaps_HeapMem_A_zeroBlock__C)
                  20013044    00000004     app_pem4.oem4 (.const:ti_sysbios_heaps_HeapMem_E_memory__C)
                  20013048    00000004     app_pem4.oem4 (.const:ti_sysbios_heaps_HeapMem_Module__diagsEnabled__C)
                  2001304c    00000004     app_pem4.oem4 (.const:ti_sysbios_heaps_HeapMem_Module__diagsIncluded__C)
                  20013050    00000004     app_pem4.oem4 (.const:ti_sysbios_heaps_HeapMem_Module__diagsMask__C)
                  20013054    00000004     app_pem4.oem4 (.const:ti_sysbios_heaps_HeapMem_Module__gateObj__C)
                  20013058    00000004     app_pem4.oem4 (.const:ti_sysbios_heaps_HeapMem_Object__count__C)
                  2001305c    00000004     app_pem4.oem4 (.const:ti_sysbios_heaps_HeapMem_reqAlign__C)
                  20013060    00000004     app_pem4.oem4 (.const:ti_sysbios_knl_Clock_LM_begin__C)
                  20013064    00000004     app_pem4.oem4 (.const:ti_sysbios_knl_Clock_LM_tick__C)
                  20013068    00000004     app_pem4.oem4 (.const:ti_sysbios_knl_Clock_LW_delayed__C)
                  2001306c    00000004     app_pem4.oem4 (.const:ti_sysbios_knl_Clock_Module_State_clockQ__O)
                  20013070    00000004     app_pem4.oem4 (.const:ti_sysbios_knl_Clock_Module__diagsEnabled__C)
                  20013074    00000004     app_pem4.oem4 (.const:ti_sysbios_knl_Clock_Module__diagsIncluded__C)
                  20013078    00000004     app_pem4.oem4 (.const:ti_sysbios_knl_Clock_Module__diagsMask__C)
                  2001307c    00000004     app_pem4.oem4 (.const:ti_sysbios_knl_Clock_Module__loggerFxn1__C)
                  20013080    00000004     app_pem4.oem4 (.const:ti_sysbios_knl_Clock_Module__loggerFxn2__C)
                  20013084    00000004     app_pem4.oem4 (.const:ti_sysbios_knl_Clock_Module__loggerObj__C)
                  20013088    00000004     app_pem4.oem4 (.const:ti_sysbios_knl_Clock_tickPeriod__C)
                  2001308c    00000004     app_pem4.oem4 (.const:ti_sysbios_knl_Idle_funcList__A)
                  20013090    00000004     app_pem4.oem4 (.const:ti_sysbios_knl_Mailbox_A_invalidBufSize__C)
                  20013094    00000004     app_pem4.oem4 (.const:ti_sysbios_knl_Mailbox_Instance_State_dataQue__O)
                  20013098    00000004     app_pem4.oem4 (.const:ti_sysbios_knl_Mailbox_Instance_State_dataSem__O)
                  2001309c    00000004     app_pem4.oem4 (.const:ti_sysbios_knl_Mailbox_Instance_State_freeQue__O)
                  200130a0    00000004     app_pem4.oem4 (.const:ti_sysbios_knl_Mailbox_Instance_State_freeSem__O)
                  200130a4    00000004     app_pem4.oem4 (.const:ti_sysbios_knl_Mailbox_Module__diagsEnabled__C)
                  200130a8    00000004     app_pem4.oem4 (.const:ti_sysbios_knl_Mailbox_Module__diagsIncluded__C)
                  200130ac    00000004     app_pem4.oem4 (.const:ti_sysbios_knl_Mailbox_Module__diagsMask__C)
                  200130b0    00000004     app_pem4.oem4 (.const:ti_sysbios_knl_Mailbox_Object__count__C)
                  200130b4    00000004     app_pem4.oem4 (.const:ti_sysbios_knl_Mailbox_maxTypeAlign__C)
                  200130b8    00000004     app_pem4.oem4 (.const:ti_sysbios_knl_Semaphore_A_badContext__C)
                  200130bc    00000004     app_pem4.oem4 (.const:ti_sysbios_knl_Semaphore_A_noEvents__C)
                  200130c0    00000004     app_pem4.oem4 (.const:ti_sysbios_knl_Semaphore_A_overflow__C)
                  200130c4    00000004     app_pem4.oem4 (.const:ti_sysbios_knl_Semaphore_A_pendTaskDisabled__C)
                  200130c8    00000004     app_pem4.oem4 (.const:ti_sysbios_knl_Semaphore_Instance_State_pendQ__O)
                  200130cc    00000004     app_pem4.oem4 (.const:ti_sysbios_knl_Semaphore_LM_pend__C)
                  200130d0    00000004     app_pem4.oem4 (.const:ti_sysbios_knl_Semaphore_LM_post__C)
                  200130d4    00000004     app_pem4.oem4 (.const:ti_sysbios_knl_Semaphore_Module__diagsEnabled__C)
                  200130d8    00000004     app_pem4.oem4 (.const:ti_sysbios_knl_Semaphore_Module__diagsIncluded__C)
                  200130dc    00000004     app_pem4.oem4 (.const:ti_sysbios_knl_Semaphore_Module__diagsMask__C)
                  200130e0    00000004     app_pem4.oem4 (.const:ti_sysbios_knl_Semaphore_Module__loggerFxn2__C)
                  200130e4    00000004     app_pem4.oem4 (.const:ti_sysbios_knl_Semaphore_Module__loggerFxn4__C)
                  200130e8    00000004     app_pem4.oem4 (.const:ti_sysbios_knl_Semaphore_Module__loggerObj__C)
                  200130ec    00000004     app_pem4.oem4 (.const:ti_sysbios_knl_Swi_LD_end__C)
                  200130f0    00000004     app_pem4.oem4 (.const:ti_sysbios_knl_Swi_LM_begin__C)
                  200130f4    00000004     app_pem4.oem4 (.const:ti_sysbios_knl_Swi_LM_post__C)
                  200130f8    00000004     app_pem4.oem4 (.const:ti_sysbios_knl_Swi_Module__diagsEnabled__C)
                  200130fc    00000004     app_pem4.oem4 (.const:ti_sysbios_knl_Swi_Module__diagsIncluded__C)
                  20013100    00000004     app_pem4.oem4 (.const:ti_sysbios_knl_Swi_Module__diagsMask__C)
                  20013104    00000004     app_pem4.oem4 (.const:ti_sysbios_knl_Swi_Module__loggerFxn1__C)
                  20013108    00000004     app_pem4.oem4 (.const:ti_sysbios_knl_Swi_Module__loggerFxn4__C)
                  2001310c    00000004     app_pem4.oem4 (.const:ti_sysbios_knl_Swi_Module__loggerObj__C)
                  20013110    00000004     app_pem4.oem4 (.const:ti_sysbios_knl_Swi_Object__count__C)
                  20013114    00000004     app_pem4.oem4 (.const:ti_sysbios_knl_Task_A_badPriority__C)
                  20013118    00000004     app_pem4.oem4 (.const:ti_sysbios_knl_Task_A_badTaskState__C)
                  2001311c    00000004     app_pem4.oem4 (.const:ti_sysbios_knl_Task_A_badThreadType__C)
                  20013120    00000004     app_pem4.oem4 (.const:ti_sysbios_knl_Task_A_badTimeout__C)
                  20013124    00000004     app_pem4.oem4 (.const:ti_sysbios_knl_Task_A_noPendElem__C)
                  20013128    00000004     app_pem4.oem4 (.const:ti_sysbios_knl_Task_A_sleepTaskDisabled__C)
                  2001312c    00000004     app_pem4.oem4 (.const:ti_sysbios_knl_Task_E_spOutOfBounds__C)
                  20013130    00000004     app_pem4.oem4 (.const:ti_sysbios_knl_Task_E_stackOverflow__C)
                  20013134    00000004     app_pem4.oem4 (.const:ti_sysbios_knl_Task_LD_block__C)
                  20013138    00000004     app_pem4.oem4 (.const:ti_sysbios_knl_Task_LD_exit__C)
                  2001313c    00000004     app_pem4.oem4 (.const:ti_sysbios_knl_Task_LD_ready__C)
                  20013140    00000004     app_pem4.oem4 (.const:ti_sysbios_knl_Task_LM_sleep__C)
                  20013144    00000004     app_pem4.oem4 (.const:ti_sysbios_knl_Task_LM_switch__C)
                  20013148    00000004     app_pem4.oem4 (.const:ti_sysbios_knl_Task_LM_yield__C)
                  2001314c    00000004     app_pem4.oem4 (.const:ti_sysbios_knl_Task_Module_State_inactiveQ__O)
                  20013150    00000004     app_pem4.oem4 (.const:ti_sysbios_knl_Task_Module__diagsEnabled__C)
                  20013154    00000004     app_pem4.oem4 (.const:ti_sysbios_knl_Task_Module__diagsIncluded__C)
                  20013158    00000004     app_pem4.oem4 (.const:ti_sysbios_knl_Task_Module__diagsMask__C)
                  2001315c    00000004     app_pem4.oem4 (.const:ti_sysbios_knl_Task_Module__loggerFxn2__C)
                  20013160    00000004     app_pem4.oem4 (.const:ti_sysbios_knl_Task_Module__loggerFxn4__C)
                  20013164    00000004     app_pem4.oem4 (.const:ti_sysbios_knl_Task_Module__loggerObj__C)
                  20013168    00000004     app_pem4.oem4 (.const:ti_sysbios_knl_Task_Object__count__C)
                  2001316c    00000004     app_pem4.oem4 (.const:ti_sysbios_knl_Task_allBlockedFunc__C)
                  20013170    00000004     app_pem4.oem4 (.const:ti_sysbios_knl_Task_defaultStackHeap__C)
                  20013174    00000004     app_pem4.oem4 (.const:ti_sysbios_knl_Task_defaultStackSize__C)
                  20013178    00000004     app_pem4.oem4 (.const:ti_sysbios_knl_Task_numConstructedTasks__C)
                  2001317c    00000004     app_pem4.oem4 (.const:xdc_runtime_Assert_E_assertFailed__C)
                  20013180    00000004     app_pem4.oem4 (.const:xdc_runtime_Core_A_initializedParams__C)
                  20013184    00000004     app_pem4.oem4 (.const:xdc_runtime_Core_Module__diagsEnabled__C)
                  20013188    00000004     app_pem4.oem4 (.const:xdc_runtime_Core_Module__diagsIncluded__C)
                  2001318c    00000004     app_pem4.oem4 (.const:xdc_runtime_Core_Module__diagsMask__C)
                  20013190    00000004     app_pem4.oem4 (.const:xdc_runtime_Error_E_memory__C)
                  20013194    00000004     app_pem4.oem4 (.const:xdc_runtime_Error_Module__diagsEnabled__C)
                  20013198    00000004     app_pem4.oem4 (.const:xdc_runtime_Error_Module__diagsIncluded__C)
                  2001319c    00000004     app_pem4.oem4 (.const:xdc_runtime_Error_Module__diagsMask__C)
                  200131a0    00000004     app_pem4.oem4 (.const:xdc_runtime_Error_Module__loggerFxn8__C)
                  200131a4    00000004     app_pem4.oem4 (.const:xdc_runtime_Error_Module__loggerObj__C)
                  200131a8    00000004     app_pem4.oem4 (.const:xdc_runtime_Error_policyFxn__C)
                  200131ac    00000004     app_pem4.oem4 (.const:xdc_runtime_Error_raiseHook__C)
                  200131b0    00000004     app_pem4.oem4 (.const:xdc_runtime_IFilterLogger_Interface__BASE__C)
                  200131b4    00000004     app_pem4.oem4 (.const:xdc_runtime_IGateProvider_Interface__BASE__C)
                  200131b8    00000004     app_pem4.oem4 (.const:xdc_runtime_IHeap_Interface__BASE__C)
                  200131bc    00000004     app_pem4.oem4 (.const:xdc_runtime_ILogger_Interface__BASE__C)
                  200131c0    00000004     app_pem4.oem4 (.const:xdc_runtime_IModule_Interface__BASE__C)
                  200131c4    00000004     app_pem4.oem4 (.const:xdc_runtime_Log_L_error__C)
                  200131c8    00000004     app_pem4.oem4 (.const:xdc_runtime_LoggerBuf_E_badLevel__C)
                  200131cc    00000004     app_pem4.oem4 (.const:xdc_runtime_LoggerBuf_Module__gateObj__C)
                  200131d0    00000004     app_pem4.oem4 (.const:xdc_runtime_LoggerBuf_Object__count__C)
                  200131d4    00000004     app_pem4.oem4 (.const:xdc_runtime_LoggerBuf_statusLogger__C)
                  200131d8    00000004     app_pem4.oem4 (.const:xdc_runtime_Memory_defaultHeapInstance__C)
                  200131dc    00000004     app_pem4.oem4 (.const:xdc_runtime_Startup_execImpl__C)
                  200131e0    00000004     app_pem4.oem4 (.const:xdc_runtime_Startup_maxPasses__C)
                  200131e4    00000004     app_pem4.oem4 (.const:xdc_runtime_Startup_sfxnRts__C)
                  200131e8    00000004     app_pem4.oem4 (.const:xdc_runtime_Startup_sfxnTab__C)
                  200131ec    00000004     app_pem4.oem4 (.const:xdc_runtime_SysMin_bufSize__C)
                  200131f0    00000004     app_pem4.oem4 (.const:xdc_runtime_SysMin_outputFunc__C)
                  200131f4    00000004     app_pem4.oem4 (.const:xdc_runtime_System_Module__gateObj__C)
                  200131f8    00000004     app_pem4.oem4 (.const:xdc_runtime_System_abortFxn__C)
                  200131fc    00000004     app_pem4.oem4 (.const:xdc_runtime_System_exitFxn__C)
                  20013200    00000004     app_pem4.oem4 (.const:xdc_runtime_System_extendFxn__C)
                  20013204    00000004     app_pem4.oem4 (.const:xdc_runtime_System_maxAtexitHandlers__C)
                  20013208    00000004     app_pem4.oem4 (.const:xdc_runtime_Text_charTab__C)
                  2001320c    00000004     app_pem4.oem4 (.const:xdc_runtime_Text_nameEmpty__C)
                  20013210    00000004     app_pem4.oem4 (.const:xdc_runtime_Text_nameStatic__C)
                  20013214    00000004     app_pem4.oem4 (.const:xdc_runtime_Text_nameUnknown__C)
                  20013218    00000004     app_pem4.oem4 (.const:xdc_runtime_Text_nodeTab__C)
                  2001321c    00000004     app_pem4.oem4 (.const:xdc_runtime_Text_visitRopeFxn__C)
                  20013220    00000002     app_pem4.oem4 (.const:ti_sysbios_family_arm_m3_Hwi_Module__id__C)
                  20013222    00000002     app_pem4.oem4 (.const:ti_sysbios_family_arm_m3_Hwi_Module__loggerDefined__C)
                  20013224    00000002     app_pem4.oem4 (.const:ti_sysbios_family_arm_m3_Timer_Module__id__C)
                  20013226    00000002     app_pem4.oem4 (.const:ti_sysbios_family_arm_m3_TimestampProvider_configTimer__C)
                  20013228    00000002     app_pem4.oem4 (.const:ti_sysbios_gates_GateMutex_Module__id__C)
                  2001322a    00000002     app_pem4.oem4 (.const:ti_sysbios_hal_Hwi_Module__id__C)
                  2001322c    00000002     app_pem4.oem4 (.const:ti_sysbios_heaps_HeapMem_Module__id__C)
                  2001322e    00000002     app_pem4.oem4 (.const:ti_sysbios_knl_Clock_Module__id__C)
                  20013230    00000002     app_pem4.oem4 (.const:ti_sysbios_knl_Clock_Module__loggerDefined__C)
                  20013232    00000002     app_pem4.oem4 (.const:ti_sysbios_knl_Mailbox_Module__id__C)
                  20013234    00000002     app_pem4.oem4 (.const:ti_sysbios_knl_Semaphore_Module__id__C)
                  20013236    00000002     app_pem4.oem4 (.const:ti_sysbios_knl_Semaphore_Module__loggerDefined__C)
                  20013238    00000002     app_pem4.oem4 (.const:ti_sysbios_knl_Swi_Module__id__C)
                  2001323a    00000002     app_pem4.oem4 (.const:ti_sysbios_knl_Swi_Module__loggerDefined__C)
                  2001323c    00000002     app_pem4.oem4 (.const:ti_sysbios_knl_Task_Module__id__C)
                  2001323e    00000002     app_pem4.oem4 (.const:ti_sysbios_knl_Task_Module__loggerDefined__C)
                  20013240    00000002     app_pem4.oem4 (.const:xdc_runtime_Core_Module__id__C)
                  20013242    00000002     app_pem4.oem4 (.const:xdc_runtime_Error_Module__loggerDefined__C)
                  20013244    00000002     app_pem4.oem4 (.const:xdc_runtime_Error_maxDepth__C)
                  20013246    00000002     app_pem4.oem4 (.const:xdc_runtime_LoggerBuf_Module__id__C)
                  20013248    00000002     app_pem4.oem4 (.const:xdc_runtime_LoggerBuf_filterByLevel__C)
                  2001324a    00000002     app_pem4.oem4 (.const:xdc_runtime_Memory_Module__id__C)
                  2001324c    00000002     app_pem4.oem4 (.const:xdc_runtime_SysMin_flushAtExit__C)
                  2001324e    00000002     app_pem4.oem4 (.const:xdc_runtime_Text_charCnt__C)
                  20013250    00000002     app_pem4.oem4 (.const:xdc_runtime_Text_isLoaded__C)
                  20013252    00000002     app_pem4.oem4 (.const:xdc_runtime_Text_registryModsLastId__C)
                  20013254    00000002     app_pem4.oem4 (.const:xdc_runtime_Text_unnamedModsLastId__C)
                  20013256    00000001     app_pem4.oem4 (.const:xdc_runtime_Error_policy__C)

.cinit     0    20013258    00000390     
                  20013258    00000366     (.cinit..data.load) [load image, compression = rle]
                  200135be    00000002     --HOLE-- [fill = 0]
                  200135c0    0000000c     (__TI_handler_table)
                  200135cc    00000004     --HOLE-- [fill = 0]
                  200135d0    00000008     (.cinit..bss.load) [load image, compression = zero_init]
                  200135d8    00000010     (__TI_cinit_table)

.bss       0    20017000    00009776     UNINITIALIZED
                  20017000    00008000     app_pem4.oem4 (.bss:ti_sysbios_heaps_HeapMem_Instance_State_0_buf__A)
                  2001f000    00000800     app_pem4.oem4 (.bss:taskStackSection)
                  2001f800    00000400     app_pem4.oem4 (.bss:xdc_runtime_LoggerBuf_Instance_State_0_entryArr__A)
                  2001fc00    00000400     app_pem4.oem4 (.bss:xdc_runtime_SysMin_Module_State_0_outbuf__A)
                  20020000    0000030c     app_pem4.oem4 (.bss:ti_sysbios_family_arm_m3_Hwi_dispatchTable)
                  2002030c    00000178     simplelink.a : driver.obj (.bss:g_StatMem)
                  20020484    00000120     rtsv7M4_T_le_eabi.lib : trgmsg.obj (.bss:__CIOBUF_)
                  200205a4    00000110     task_uart.obj (.bss:_rxBuffers)
                  200206b4    00000050     simplelink.a : cc_pal.obj (.bss:g_ucDinDout)
                  20020704    00000048     command.obj (.bss:_command)
                  2002074c    00000008     (.common:parmbuf)
                  20020754    00000004     (.common:DMAMsgQ)
                  20020758    00000004     (.common:SimpleLinkSpawnTaskHndl)
                  2002075c    00000004     (.common:_activityTick)
                  20020760    00000004     (.common:_bufferSwitch)
                  20020764    00000004     (.common:_clientSocket)
                  20020768    00000004     (.common:_socketTaskHandle)
                  2002076c    00000004     (.common:g_cDummy)
                  20020770    00000004     (.common:simpleLink_mailbox)
                  20020774    00000001     (.common:RxIrqCnt)
                  20020775    00000001     (.common:g_bDeviceRestartIsRequired)

.data      0    20020778    00000590     UNINITIALIZED
                  20020778    00000138     app_pem4.oem4 (.data)
                  200208b0    000000b0     rtsv7M4_T_le_eabi.lib : signal.obj (.data:sigtable)
                  20020960    00000080                           : xvalues.obj (.data)
                  200209e0    00000080     app_pem4.oem4 (.data:ti_sysbios_knl_Swi_Module_State_0_readyQ__A)
                  20020a60    00000080     app_pem4.oem4 (.data:ti_sysbios_knl_Task_Module_State_0_readyQ__A)
                  20020ae0    0000004c     app_pem4.oem4 (.data:ti_sysbios_knl_Task_Object__table__V)
                  20020b2c    00000044     app_pem4.oem4 (.data:ti_sysbios_knl_Task_Module__state__V)
                  20020b70    00000038     app_pem4.oem4 (.data:ti_sysbios_gates_GateMutex_Object__table__V)
                  20020ba8    00000034     app_pem4.oem4 (.data:ti_sysbios_family_arm_m3_Hwi_Module__state__V)
                  20020bdc    00000030     app_pem4.oem4 (.data:ti_sysbios_family_arm_m3_Timer_Object__table__V)
                  20020c0c    00000030     app_pem4.oem4 (.data:ti_sysbios_knl_Swi_Object__table__V)
                  20020c3c    0000002c     app_pem4.oem4 (.data:ti_sysbios_knl_Clock_Module__state__V)
                  20020c68    00000024     app_pem4.oem4 (.data:ti_sysbios_BIOS_Module__state__V)
                  20020c8c    00000024     app_pem4.oem4 (.data:xdc_runtime_LoggerBuf_Object__table__V)
                  20020cb0    00000018     command.obj (.data)
                  20020cc8    00000009     simplelink.a : cc_pal.obj (.data)
                  20020cd1    00000002     task_wifi.obj (.data)
                  20020cd3    00000001     --HOLE--
                  20020cd4    00000009     simplelink.a : driver.obj (.data)
                  20020cdd    00000003     --HOLE--
                  20020ce0    00000008     rtsv7M4_T_le_eabi.lib : _lock.obj (.data)
                  20020ce8    00000008                           : exit.obj (.data)
                  20020cf0    00000008                           : feraiseexcept.obj (.data)
                  20020cf8    00000008     task_led.obj (.data)
                  20020d00    00000004     rtsv7M4_T_le_eabi.lib : errno.obj (.data)
[...]
20012fc8  ti_sysbios_family_arm_m3_Hwi_E_reserved__C                  
20012fcc  ti_sysbios_family_arm_m3_Hwi_E_svCall__C                    
20012fd0  ti_sysbios_family_arm_m3_Hwi_E_usageFault__C                
20012fd4  ti_sysbios_family_arm_m3_Hwi_LD_end__C                      
20012fd8  ti_sysbios_family_arm_m3_Hwi_LM_begin__C                    
20012fdc  ti_sysbios_family_arm_m3_Hwi_Module__diagsEnabled__C        
20012fe0  ti_sysbios_family_arm_m3_Hwi_Module__diagsIncluded__C       
20012fe4  ti_sysbios_family_arm_m3_Hwi_Module__diagsMask__C           
20012fe8  ti_sysbios_family_arm_m3_Hwi_Module__loggerFxn1__C          
20012fec  ti_sysbios_family_arm_m3_Hwi_Module__loggerFxn8__C          
20012ff0  ti_sysbios_family_arm_m3_Hwi_Module__loggerObj__C           
20012ff4  ti_sysbios_family_arm_m3_Hwi_NUM_INTERRUPTS__C              
20012ff8  ti_sysbios_family_arm_m3_Hwi_Object__count__C               
20012ffc  ti_sysbios_family_arm_m3_Hwi_ccr__C                         
20013000  ti_sysbios_family_arm_m3_Hwi_excHandlerFunc__C              
20013004  ti_sysbios_family_arm_m3_Hwi_excHookFuncs__C                
20013008  ti_sysbios_family_arm_m3_Hwi_nullIsrFunc__C                 
2001300c  ti_sysbios_family_arm_m3_Hwi_priGroup__C                    
20013010  ti_sysbios_family_arm_m3_TaskSupport_stackAlignment__C      
20013014  ti_sysbios_family_arm_m3_Timer_E_cannotSupport__C           
20013018  ti_sysbios_family_arm_m3_Timer_startupNeeded__C             
2001301c  ti_sysbios_gates_GateMutex_A_badContext__C                  
20013020  ti_sysbios_gates_GateMutex_Instance_State_sem__O            
20013024  ti_sysbios_gates_GateMutex_Module__diagsEnabled__C          
20013028  ti_sysbios_gates_GateMutex_Module__diagsIncluded__C         
2001302c  ti_sysbios_gates_GateMutex_Module__diagsMask__C             
20013030  ti_sysbios_hal_Hwi_E_stackOverflow__C                       
20013034  ti_sysbios_heaps_HeapMem_A_align__C                         
20013038  ti_sysbios_heaps_HeapMem_A_heapSize__C                      
2001303c  ti_sysbios_heaps_HeapMem_A_invalidFree__C                   
20013040  ti_sysbios_heaps_HeapMem_A_zeroBlock__C                     
20013044  ti_sysbios_heaps_HeapMem_E_memory__C                        
20013048  ti_sysbios_heaps_HeapMem_Module__diagsEnabled__C            
2001304c  ti_sysbios_heaps_HeapMem_Module__diagsIncluded__C           
20013050  ti_sysbios_heaps_HeapMem_Module__diagsMask__C               
20013054  ti_sysbios_heaps_HeapMem_Module__gateObj__C                 
20013058  ti_sysbios_heaps_HeapMem_Object__count__C                   
2001305c  ti_sysbios_heaps_HeapMem_reqAlign__C                        
20013060  ti_sysbios_knl_Clock_LM_begin__C                            
20013064  ti_sysbios_knl_Clock_LM_tick__C                             
20013068  ti_sysbios_knl_Clock_LW_delayed__C                          
2001306c  ti_sysbios_knl_Clock_Module_State_clockQ__O                 
20013070  ti_sysbios_knl_Clock_Module__diagsEnabled__C                
20013074  ti_sysbios_knl_Clock_Module__diagsIncluded__C               
20013078  ti_sysbios_knl_Clock_Module__diagsMask__C                   
2001307c  ti_sysbios_knl_Clock_Module__loggerFxn1__C                  
20013080  ti_sysbios_knl_Clock_Module__loggerFxn2__C                  
20013084  ti_sysbios_knl_Clock_Module__loggerObj__C                   
20013088  ti_sysbios_knl_Clock_tickPeriod__C                          
2001308c  ti_sysbios_knl_Idle_funcList__A                             
20013090  ti_sysbios_knl_Mailbox_A_invalidBufSize__C                  
20013094  ti_sysbios_knl_Mailbox_Instance_State_dataQue__O            
20013098  ti_sysbios_knl_Mailbox_Instance_State_dataSem__O            
2001309c  ti_sysbios_knl_Mailbox_Instance_State_freeQue__O            
200130a0  ti_sysbios_knl_Mailbox_Instance_State_freeSem__O            
200130a4  ti_sysbios_knl_Mailbox_Module__diagsEnabled__C              
200130a8  ti_sysbios_knl_Mailbox_Module__diagsIncluded__C             
200130ac  ti_sysbios_knl_Mailbox_Module__diagsMask__C                 
200130b0  ti_sysbios_knl_Mailbox_Object__count__C                     
200130b4  ti_sysbios_knl_Mailbox_maxTypeAlign__C                      
200130b8  ti_sysbios_knl_Semaphore_A_badContext__C                    
200130bc  ti_sysbios_knl_Semaphore_A_noEvents__C                      
200130c0  ti_sysbios_knl_Semaphore_A_overflow__C                      
200130c4  ti_sysbios_knl_Semaphore_A_pendTaskDisabled__C              
200130c8  ti_sysbios_knl_Semaphore_Instance_State_pendQ__O            
200130cc  ti_sysbios_knl_Semaphore_LM_pend__C                         
200130d0  ti_sysbios_knl_Semaphore_LM_post__C                         
200130d4  ti_sysbios_knl_Semaphore_Module__diagsEnabled__C            
200130d8  ti_sysbios_knl_Semaphore_Module__diagsIncluded__C           
200130dc  ti_sysbios_knl_Semaphore_Module__diagsMask__C               
200130e0  ti_sysbios_knl_Semaphore_Module__loggerFxn2__C              
200130e4  ti_sysbios_knl_Semaphore_Module__loggerFxn4__C              
200130e8  ti_sysbios_knl_Semaphore_Module__loggerObj__C               
200130ec  ti_sysbios_knl_Swi_LD_end__C                                
200130f0  ti_sysbios_knl_Swi_LM_begin__C                              
200130f4  ti_sysbios_knl_Swi_LM_post__C                               
200130f8  ti_sysbios_knl_Swi_Module__diagsEnabled__C                  
200130fc  ti_sysbios_knl_Swi_Module__diagsIncluded__C                 
20013100  ti_sysbios_knl_Swi_Module__diagsMask__C                     
20013104  ti_sysbios_knl_Swi_Module__loggerFxn1__C                    
20013108  ti_sysbios_knl_Swi_Module__loggerFxn4__C                    
2001310c  ti_sysbios_knl_Swi_Module__loggerObj__C                     
20013110  ti_sysbios_knl_Swi_Object__count__C                         
20013114  ti_sysbios_knl_Task_A_badPriority__C                        
20013118  ti_sysbios_knl_Task_A_badTaskState__C                       
2001311c  ti_sysbios_knl_Task_A_badThreadType__C                      
20013120  ti_sysbios_knl_Task_A_badTimeout__C                         
20013124  ti_sysbios_knl_Task_A_noPendElem__C                         
20013128  ti_sysbios_knl_Task_A_sleepTaskDisabled__C                  
2001312c  ti_sysbios_knl_Task_E_spOutOfBounds__C                      
20013130  ti_sysbios_knl_Task_E_stackOverflow__C                      
20013134  ti_sysbios_knl_Task_LD_block__C                             
20013138  ti_sysbios_knl_Task_LD_exit__C                              
2001313c  ti_sysbios_knl_Task_LD_ready__C                             
20013140  ti_sysbios_knl_Task_LM_sleep__C                             
20013144  ti_sysbios_knl_Task_LM_switch__C                            
20013148  ti_sysbios_knl_Task_LM_yield__C                             
2001314c  ti_sysbios_knl_Task_Module_State_inactiveQ__O               
20013150  ti_sysbios_knl_Task_Module__diagsEnabled__C                 
20013154  ti_sysbios_knl_Task_Module__diagsIncluded__C                
20013158  ti_sysbios_knl_Task_Module__diagsMask__C                    
2001315c  ti_sysbios_knl_Task_Module__loggerFxn2__C                   
20013160  ti_sysbios_knl_Task_Module__loggerFxn4__C                   
20013164  ti_sysbios_knl_Task_Module__loggerObj__C                    
20013168  ti_sysbios_knl_Task_Object__count__C                        
2001316c  ti_sysbios_knl_Task_allBlockedFunc__C                       
20013170  ti_sysbios_knl_Task_defaultStackHeap__C                     
20013174  ti_sysbios_knl_Task_defaultStackSize__C                     
20013178  ti_sysbios_knl_Task_numConstructedTasks__C                  
2001317c  xdc_runtime_Assert_E_assertFailed__C                        
20013180  xdc_runtime_Core_A_initializedParams__C                     
20013184  xdc_runtime_Core_Module__diagsEnabled__C                    
20013188  xdc_runtime_Core_Module__diagsIncluded__C                   
2001318c  xdc_runtime_Core_Module__diagsMask__C                       
20013190  xdc_runtime_Error_E_memory__C                               
20013194  xdc_runtime_Error_Module__diagsEnabled__C                   
20013198  xdc_runtime_Error_Module__diagsIncluded__C                  
2001319c  xdc_runtime_Error_Module__diagsMask__C                      
200131a0  xdc_runtime_Error_Module__loggerFxn8__C                     
200131a4  xdc_runtime_Error_Module__loggerObj__C                      
200131a8  xdc_runtime_Error_policyFxn__C                              
200131ac  xdc_runtime_Error_raiseHook__C                              
200131b0  xdc_runtime_IFilterLogger_Interface__BASE__C                
200131b4  xdc_runtime_IGateProvider_Interface__BASE__C                
200131b8  xdc_runtime_IHeap_Interface__BASE__C                        
200131bc  xdc_runtime_ILogger_Interface__BASE__C                      
200131c0  xdc_runtime_IModule_Interface__BASE__C                      
200131c4  xdc_runtime_Log_L_error__C                                  
200131c8  xdc_runtime_LoggerBuf_E_badLevel__C                         
200131cc  xdc_runtime_LoggerBuf_Module__gateObj__C                    
200131d0  xdc_runtime_LoggerBuf_Object__count__C                      
200131d4  xdc_runtime_LoggerBuf_statusLogger__C                       
200131d8  xdc_runtime_Memory_defaultHeapInstance__C                   
200131dc  xdc_runtime_Startup_execImpl__C                             
200131e0  xdc_runtime_Startup_maxPasses__C                            
200131e4  xdc_runtime_Startup_sfxnRts__C                              
200131e8  xdc_runtime_Startup_sfxnTab__C                              
200131ec  xdc_runtime_SysMin_bufSize__C                               
200131f0  xdc_runtime_SysMin_outputFunc__C                            
200131f4  xdc_runtime_System_Module__gateObj__C                       
200131f8  xdc_runtime_System_abortFxn__C                              
200131fc  xdc_runtime_System_exitFxn__C                               
20013200  xdc_runtime_System_extendFxn__C                             
20013204  xdc_runtime_System_maxAtexitHandlers__C                     
20013208  xdc_runtime_Text_charTab__C                                 
2001320c  xdc_runtime_Text_nameEmpty__C                               
20013210  xdc_runtime_Text_nameStatic__C                              
20013214  xdc_runtime_Text_nameUnknown__C                             
20013218  xdc_runtime_Text_nodeTab__C                                 
2001321c  xdc_runtime_Text_visitRopeFxn__C                            
20013220  ti_sysbios_family_arm_m3_Hwi_Module__id__C                  
20013222  ti_sysbios_family_arm_m3_Hwi_Module__loggerDefined__C       
20013224  ti_sysbios_family_arm_m3_Timer_Module__id__C                
20013226  ti_sysbios_family_arm_m3_TimestampProvider_configTimer__C   
20013228  ti_sysbios_gates_GateMutex_Module__id__C                    
2001322a  ti_sysbios_hal_Hwi_Module__id__C                            
2001322c  ti_sysbios_heaps_HeapMem_Module__id__C                      
2001322e  ti_sysbios_knl_Clock_Module__id__C                          
20013230  ti_sysbios_knl_Clock_Module__loggerDefined__C               
20013232  ti_sysbios_knl_Mailbox_Module__id__C                        
20013234  ti_sysbios_knl_Semaphore_Module__id__C                      
20013236  ti_sysbios_knl_Semaphore_Module__loggerDefined__C           
20013238  ti_sysbios_knl_Swi_Module__id__C                            
2001323a  ti_sysbios_knl_Swi_Module__loggerDefined__C                 
2001323c  ti_sysbios_knl_Task_Module__id__C                           
2001323e  ti_sysbios_knl_Task_Module__loggerDefined__C                
20013240  xdc_runtime_Core_Module__id__C                              
20013242  xdc_runtime_Error_Module__loggerDefined__C                  
20013244  xdc_runtime_Error_maxDepth__C                               
20013246  xdc_runtime_LoggerBuf_Module__id__C                         
20013248  xdc_runtime_LoggerBuf_filterByLevel__C                      
2001324a  xdc_runtime_Memory_Module__id__C                            
2001324c  xdc_runtime_SysMin_flushAtExit__C                           
2001324e  xdc_runtime_Text_charCnt__C                                 
20013250  xdc_runtime_Text_isLoaded__C                                
20013252  xdc_runtime_Text_registryModsLastId__C                      
20013254  xdc_runtime_Text_unnamedModsLastId__C                       
20013256  xdc_runtime_Error_policy__C                                 
20013258  __TI_static_base__                                          
200135c0  __TI_Handler_Table_Base                                     
200135cc  __TI_Handler_Table_Limit                                    
200135d8  __TI_CINIT_Base                                             
200135e8  __TI_CINIT_Limit                                            
20017000  ti_sysbios_heaps_HeapMem_Instance_State_0_buf__A            
2001f000  ti_sysbios_knl_Task_Instance_State_0_stack__A               
2001f800  xdc_runtime_LoggerBuf_Instance_State_0_entryArr__A          
2001fc00  xdc_runtime_SysMin_Module_State_0_outbuf__A                 
20020000  ti_sysbios_family_arm_m3_Hwi_dispatchTable                  
20020484  __CIOBUF_                                                   
200205a4  _rxBuffers                                                  
200206b4  g_ucDinDout                                                 
20020704  _command                                                    
20020754  DMAMsgQ                                                     
20020758  SimpleLinkSpawnTaskHndl                                     
2002075c  _activityTick                                               
20020760  _bufferSwitch                                               
20020764  _clientSocket                                               
20020768  _socketTaskHandle                                           
2002076c  g_cDummy                                                    
20020770  simpleLink_mailbox                                          
20020774  RxIrqCnt                                                    
20020775  g_bDeviceRestartIsRequired                                  
20020778  ti_sysbios_family_arm_m3_Hwi_Module__root__V                
20020780  ti_sysbios_family_arm_m3_Hwi_Object__table__V               
20020798  ti_sysbios_family_arm_m3_Hwi_Module_State_0_excActive__A    
2002079c  ti_sysbios_family_arm_m3_Hwi_Module_State_0_excContext__A   
200207a0  ti_sysbios_family_arm_m3_Hwi_Module_State_0_excStack__A     
200207a4  ti_sysbios_family_arm_m3_Timer_Module__root__V              
200207ac  ti_sysbios_family_arm_m3_Timer_Module__state__V             
200207b8  ti_sysbios_family_arm_m3_TimestampProvider_Module__state__V 
200207bc  ti_sysbios_gates_GateHwi_Module__root__V                    
200207c4  ti_sysbios_gates_GateHwi_Object__table__V                   
200207c8  ti_sysbios_gates_GateMutex_Module__root__V                  
200207d0  ti_sysbios_hal_Hwi_Module__root__V                          
200207d8  ti_sysbios_hal_Timer_Module__root__V                        
200207e0  ti_sysbios_heaps_HeapMem_Module__root__V                    
200207e8  ti_sysbios_heaps_HeapMem_Object__table__V                   
20020800  ti_sysbios_knl_Clock_Module__root__V                        
20020808  ti_sysbios_knl_Event_Module__root__V                        
20020810  ti_sysbios_knl_Mailbox_Module__root__V                      
20020818  ti_sysbios_knl_Queue_Module__root__V                        
20020820  ti_sysbios_knl_Semaphore_Module__root__V                    
20020828  ti_sysbios_knl_Swi_Module__root__V                          
20020830  ti_sysbios_knl_Swi_Module__state__V                         
2002084c  ti_sysbios_knl_Task_Module__root__V                         
20020854  ti_sysbios_knl_Task_Module_State_0_idleTask__A              
20020858  xdc_runtime_Error_Module__state__V                          
2002085c  xdc_runtime_LoggerBuf_Module__root__V                       
20020864  xdc_runtime_LoggerBuf_Module__state__V                      
2002086c  xdc_runtime_Memory_Module__state__V                         
20020870  xdc_runtime_Registry_Module__state__V                       
20020878  xdc_runtime_Startup_Module__state__V                        
20020880  xdc_runtime_SysMin_Module__state__V                         
2002088c  xdc_runtime_System_Module_State_0_atexitHandlers__A         
2002089c  xdc_runtime_System_Module__state__V                         
200208a4  xdc_runtime_Text_Module__state__V                           
200208ac  __xdc__init__addr                                           
20020960  _Denorm                                                     
20020970  _Eps                                                        
20020980  _Hugeval                                                    
20020990  _Inf                                                        
200209a0  _Nan                                                        
200209b0  _Snan                                                       
200209c0  _Rteps                                                      
200209d0  _Xbig                                                       
200209d8  _Zero                                                       
200209e0  ti_sysbios_knl_Swi_Module_State_0_readyQ__A                 
20020a60  ti_sysbios_knl_Task_Module_State_0_readyQ__A                
20020ae0  ti_sysbios_knl_Task_Object__table__V                        
20020b2c  ti_sysbios_knl_Task_Module__state__V                        
20020b70  ti_sysbios_gates_GateMutex_Object__table__V                 
20020ba8  ti_sysbios_family_arm_m3_Hwi_Module__state__V               
20020bdc  ti_sysbios_family_arm_m3_Timer_Object__table__V             
20020c0c  ti_sysbios_knl_Swi_Object__table__V                         
20020c3c  ti_sysbios_knl_Clock_Module__state__V                       
20020c68  ti_sysbios_BIOS_Module__state__V                            
20020c8c  xdc_runtime_LoggerBuf_Object__table__V                      
20020cb0  commands                                                    
20020cc8  g_SpiFd                                                     
20020ccc  g_pHostIntHdl                                               
20020cd0  g_ucDMAEnabled                                              
20020cd1  _apState                                                    
20020cd2  _socketState                                                
20020cd4  g_pCB                                                       
20020cd8  pPingCallBackFunc                                           
20020ce0  _lock                                                       
20020ce4  _unlock                                                     
20020ce8  __TI_cleanup_ptr                                            
20020cec  __TI_dtors_ptr                                              
20020cf0  _Fenv                                                       
20020cf4  _Tls_setup__Fenv                                            
20020d00  _Errno                                                      
20020d04  main_func_sp                                                
2002e000  __stack                                                     
20030000  __STACK_END                                                 
e000e000  ti_sysbios_family_arm_m3_Hwi_nvic                           
ffffffff  __binit__                                                   
ffffffff  __c_args__                                                  
ffffffff  binit                                                       
UNDEFED   SHT$$INIT_ARRAY$$Base                                       
UNDEFED   SHT$$INIT_ARRAY$$Limit                                      

[875 symbols]
