******************************************************************************
                  TI ARM Linker PC v5.2.5                      
******************************************************************************
>> Linked Sat Sep 17 21:22:47 2016

OUTPUT FILE NAME:   <Fountain.out>
ENTRY POINT SYMBOL: "_c_int00"  address: 200088f1


MEMORY CONFIGURATION

         name            origin    length      used     unused   attr    fill
----------------------  --------  ---------  --------  --------  ----  --------
  SRAM_CODE             20004000   00013000  000080b8  0000af48  RW X
  SRAM_DATA             20017000   00019000  0000b851  0000d7af  RW X


SEGMENT ALLOCATION MAP

run origin  load origin   length   init length attrs members
----------  ----------- ---------- ----------- ----- -------
20004000    20004000    000080c0   000080c0    r-x
  20004000    20004000    0000030c   0000030c    r-- .resetVecs
  20004310    20004310    0000594a   0000594a    r-x .text
  20009c5c    20009c5c    00002112   00002112    r-- .const
  2000bd70    2000bd70    00000350   00000350    r-- .cinit
20017000    20017000    00009851   00000000    rw-
  20017000    20017000    00009434   00000000    rw- .bss
  20020434    20020434    0000041d   00000000    rw- .data
2002e000    2002e000    00002000   00000000    rw-
  2002e000    2002e000    00002000   00000000    rw- .stack


SECTION ALLOCATION MAP

 output                                  attributes/
section   page    origin      length       input sections
--------  ----  ----------  ----------   ----------------
.init_array 
*          0    20004000    00000000     UNINITIALIZED

.resetVecs 
*          0    20004000    0000030c     
                  20004000    0000030c     app_pem4.oem4 (.resetVecs)

.text      0    20004310    0000594a     
                  20004310    00000430     sysbios.aem4 : BIOS.obj (.text:ti_sysbios_family_arm_m3_Hwi_excDumpRegs__I)
                  20004740    0000034c     ti.targets.arm.rtsarm.aem4 : System.oem4 (.text:xdc_runtime_System_doPrint__I)
                  20004a8c    00000004     app_pem4.oem4 (.text:ti_sysbios_BIOS_RtsGateProxy_enter__E)
                  20004a90    00000314     sysbios.aem4 : BIOS.obj (.text:ti_sysbios_knl_Semaphore_pend__E)
                  20004da4    000002d4     rtsv7M4_T_le_eabi.lib : trgdrv.obj (.text)
                  20005078    00000254     sysbios.aem4 : BIOS.obj (.text:ti_sysbios_heaps_HeapMem_free__E)
                  200052cc    00000004     app_pem4.oem4 (.text:ti_sysbios_BIOS_RtsGateProxy_leave__E)
                  200052d0    00000248     sysbios.aem4 : BIOS.obj (.text:ti_sysbios_heaps_HeapMem_alloc__E)
                  20005518    000001fc                  : BIOS.obj (.text:ti_sysbios_family_arm_m3_Hwi_excHandlerMax__I)
                  20005714    000001ec     Valve.obj (.text)
                  20005900    000001c8     rom_pin_mux_config.obj (.text)
                  20005ac8    0000019c     sysbios.aem4 : BIOS.obj (.text:ti_sysbios_knl_Task_Module_startup__E)
                  20005c64    00000178     driverlib.a : prcm.obj (.text:PRCMCC3200MCUInit)
                  20005ddc    00000004     app_pem4.oem4 (.text:ti_sysbios_family_arm_m3_TaskSupport_Module__startupDone__S)
                  20005de0    00000174     sysbios.aem4 : BIOS.obj (.text:ti_sysbios_family_arm_m3_Hwi_excBusFault__I)
                  20005f54    00000004     app_pem4.oem4 (.text:ti_sysbios_heaps_HeapMem_Module_GateProxy_enter__E)
                  20005f58    00000164     sysbios.aem4 : BIOS.obj (.text:ti_sysbios_family_arm_m3_Hwi_excUsageFault__I)
                  200060bc    00000004     app_pem4.oem4 (.text:ti_sysbios_heaps_HeapMem_Module_GateProxy_leave__E)
                  200060c0    00000148     sysbios.aem4 : BIOS.obj (.text:ti_sysbios_family_arm_m3_Hwi_excMemFault__I)
                  20006208    00000140                  : BIOS.obj (.text:ti_sysbios_knl_Semaphore_post__E)
                  20006348    0000013c                  : BIOS.obj (.text:ti_sysbios_heaps_HeapMem_Instance_init__E)
                  20006484    00000004     app_pem4.oem4 (.text:ti_sysbios_knl_Clock_TimerProxy_getMaxTicks__E)
                  20006488    00000138     sysbios.aem4 : BIOS.obj (.text:ti_sysbios_family_arm_m3_Hwi_dispatchC__I)
                  200065c0    00000138     ti.targets.arm.rtsarm.aem4 : LoggerBuf.oem4 (.text:xdc_runtime_LoggerBuf_write8__E)
                  200066f8    00000134     sysbios.aem4 : BIOS.obj (.text:ti_sysbios_knl_Clock_workFunc__E)
                  2000682c    00000004     app_pem4.oem4 (.text:ti_sysbios_knl_Queue_destruct)
                  20006830    0000011c     sysbios.aem4 : BIOS.obj (.text:ti_sysbios_knl_Swi_run__I)
                  2000694c    00000118     ti.targets.arm.rtsarm.aem4 : Error.oem4 (.text:xdc_runtime_Error_policyDefault__E)
                  20006a64    00000100                                : Core-mem.oem4 (.text:xdc_runtime_Core_createObject__I)
                  20006b64    000000f8                                : Startup.oem4 (.text:xdc_runtime_Startup_startMods__I)
                  20006c5c    000000f8     app_pem4.oem4 (.text:xdc_runtime_System_printfExtend__I)
                  20006d54    000000d4     ti.targets.arm.rtsarm.aem4 : LoggerBuf.oem4 (.text:xdc_runtime_LoggerBuf_write4__E)
                  20006e28    000000d0     sysbios.aem4 : BIOS.obj (.text:ti_sysbios_family_arm_m3_Hwi_Module_startup__E)
                  20006ef8    000000d0                  : m3_Hwi_asm.obj (.text:ti_sysbios_family_arm_m3_Hwi_dispatch__I)
                  20006fc8    000000cc                  : BIOS.obj (.text:ti_sysbios_knl_Task_schedule__I)
                  20007094    000000cc     ti.targets.arm.rtsarm.aem4 : Core-smem.oem4 (.text:xdc_runtime_Core_constructObject__I)
                  20007160    000000bc     sysbios.aem4 : BIOS.obj (.text:ti_sysbios_family_arm_m3_Hwi_excDebugMon__I)
                  2000721c    00000004     app_pem4.oem4 (.text:ti_sysbios_knl_Semaphore_destruct)
                  20007220    000000bc     sysbios.aem4 : BIOS.obj (.text:ti_sysbios_family_arm_m3_Hwi_excHardFault__I)
                  200072dc    00000004     ti.targets.arm.rtsarm.aem4 : Error.oem4 (.text:xdc_runtime_Error_getSite__E)
                  200072e0    000000bc     sysbios.aem4 : BIOS.obj (.text:ti_sysbios_knl_Task_startCore__E)
                  2000739c    00000004     app_pem4.oem4 (.text:xdc_runtime_LoggerBuf_Module_GateProxy_enter__E)
                  200073a0    000000b4     sysbios.aem4 : BIOS.obj (.text:ti_sysbios_gates_GateMutex_enter__E)
                  20007454    00000004     app_pem4.oem4 (.text:xdc_runtime_LoggerBuf_Module_GateProxy_leave__E)
                  20007458    000000b4     sysbios.aem4 : BIOS.obj (.text:ti_sysbios_knl_Task_checkStacks__E)
                  2000750c    00000004     app_pem4.oem4 (.text:xdc_runtime_System_Module_GateProxy_enter__E)
                  20007510    000000ac     sysbios.aem4 : BIOS.obj (.text:ti_sysbios_knl_Swi_post__E)
                  200075bc    000000a8     driverlib.a : interrupt.obj (.text:IntEnable)
                  20007664    00000004     app_pem4.oem4 (.text:xdc_runtime_System_Module_GateProxy_leave__E)
                  20007668    000000a8     sysbios.aem4 : BIOS.obj (.text:ti_sysbios_knl_Task_blockI__E)
                  20007710    000000a0     auto_init.aem4 : auto_init.oem4 (.text)
                  200077b0    000000a0     ti.targets.arm.rtsarm.aem4 : Text.oem4 (.text:xdc_runtime_Text_putMod__E)
                  20007850    0000009c     rtsv7M4_T_le_eabi.lib : memcpy_t2.obj (.text)
                  200078ec    00000004     ti.targets.arm.rtsarm.aem4 : System.oem4 (.text:xdc_runtime_System_aprintf_va__F)
                  200078f0    0000009c     sysbios.aem4 : BIOS.obj (.text:ti_sysbios_knl_Semaphore_Instance_init__E)
                  2000798c    0000009c     ti.targets.arm.rtsarm.aem4 : LoggerBuf.oem4 (.text:xdc_runtime_LoggerBuf_setFilterLevel__E)
                  20007a28    0000009a                                : Text.oem4 (.text:xdc_runtime_Text_putSite__E)
                  20007ac2    00000006     driverlib.a : utils.obj (.text:UtilsDelay)
                  20007ac8    00000094     sysbios.aem4 : BIOS.obj (.text:ti_sysbios_knl_Task_exit__E)
                  20007b5c    00000004     ti.targets.arm.rtsarm.aem4 : System.oem4 (.text:xdc_runtime_System_printf_va__F)
                  20007b60    00000090     sysbios.aem4 : BIOS.obj (.text:ti_sysbios_knl_Task_unblockI__E)
                  20007bf0    00000088     driverlib.a : pin.obj (.text:PinConfigSet)
                  20007c78    00000088     sysbios.aem4 : BIOS.obj (.text:ti_sysbios_family_arm_m3_Hwi_initNVIC__E)
                  20007d00    00000088                  : BIOS.obj (.text:ti_sysbios_knl_Mailbox_Module_startup__E)
                  20007d88    0000007c                  : BIOS.obj (.text:ti_sysbios_family_arm_m3_TimestampProvider_get64__E)
                  20007e04    0000007a     rtsv7M4_T_le_eabi.lib : memset_t2.obj (.text)
                  20007e7e    00000002                           : i_div0.obj (.text)
                  20007e80    00000074     ti.targets.arm.rtsarm.aem4 : LoggerBuf.oem4 (.text:xdc_runtime_LoggerBuf_getFilterLevel__E)
                  20007ef4    0000006d                                : System.oem4 (.text:xdc_runtime_System_formatNum__I)
                  20007f61    00000001     --HOLE-- [fill = 0]
                  20007f62    00000006                                : xdc_noinit.oem4 (.text:__xdc__init)
                  20007f68    0000006c     sysbios.aem4 : BIOS.obj (.text:ti_sysbios_knl_Swi_restoreHwi__E)
                  20007fd4    0000006c     ti.targets.arm.rtsarm.aem4 : Error.oem4 (.text:xdc_runtime_Error_print__E)
                  20008040    0000006c                                : Memory.oem4 (.text:xdc_runtime_Memory_alloc__E)
                  200080ac    0000006a     rtsv7M4_T_le_eabi.lib : copy_decompress_rle.obj (.text)
                  20008116    00000002     app_pem4.oem4 (.text:ti_sysbios_BIOS_nullFunc__I)
                  20008118    00000068     rtsv7M4_T_le_eabi.lib : trgmsg.obj (.text)
                  20008180    00000066     ti.targets.arm.rtsarm.aem4 : Core-mem.oem4 (.text:xdc_runtime_Core_deleteObject__I)
                  200081e6    00000002     app_pem4.oem4 (.text:xdc_runtime_Startup_reset__I)
                  200081e8    00000060     sysbios.aem4 : BIOS.obj (.text:ti_sysbios_knl_Clock_logTick__E)
                  20008248    0000005c     main.obj (.text)
                  200082a4    00000004     --HOLE-- [fill = 0]
                  200082a8    0000005c     sysbios.aem4 : BIOS.obj (.text:ti_sysbios_knl_Swi_schedule__I)
                  20008304    0000005c     app_pem4.oem4 (.text:xdc_runtime_LoggerBuf_Object__create__S)
                  20008360    0000005b     ti.targets.arm.rtsarm.aem4 : Text.oem4 (.text:xdc_runtime_Text_putLab__E)
                  200083bb    00000001     --HOLE-- [fill = 0]
                  200083bc    00000058     driverlib.a : prcm.obj (.text:PRCMPeripheralReset)
                  20008414    00000004     --HOLE-- [fill = 0]
                  20008418    00000058     sysbios.aem4 : BIOS.obj (.text:ti_sysbios_family_arm_m3_Timer_setPeriod__E)
                  20008470    00000054                  : BIOS.obj (.text:ti_sysbios_family_arm_m3_Timer_start__E)
                  200084c4    00000054     ti.targets.arm.rtsarm.aem4 : Assert.oem4 (.text:xdc_runtime_Assert_raise__I)
                  20008518    00000050                                : Startup.oem4 (.text:xdc_runtime_Startup_exec__E)
                  20008568    00000050                                : Text.oem4 (.text:xdc_runtime_Text_visitRope2__I)
                  200085b8    0000004c     rtsv7M4_T_le_eabi.lib : cpy_tbl.obj (.text)
                  20008604    0000004c     sysbios.aem4 : m3_TaskSupport_asm.obj (.text:ti_sysbios_family_arm_m3_TaskSupport_buildTaskStack)
                  20008650    0000004c                  : BIOS.obj (.text:ti_sysbios_heaps_HeapMem_getStats__E)
                  2000869c    00000004     --HOLE-- [fill = 0]
                  200086a0    0000004c                  : BIOS.obj (.text:ti_sysbios_knl_Swi_runLoop__I)
                  200086ec    00000004     --HOLE-- [fill = 0]
                  200086f0    0000004c                  : BIOS.obj (.text:ti_sysbios_knl_Task_allBlockedFunction__I)
                  2000873c    00000004     --HOLE-- [fill = 0]
                  20008740    00000048                  : BIOS.obj (.text:ti_sysbios_family_arm_m3_Hwi_disableInterrupt__E)
                  20008788    00000048                  : BIOS.obj (.text:ti_sysbios_family_arm_m3_Hwi_enableInterrupt__E)
                  200087d0    00000048                  : BIOS.obj (.text:ti_sysbios_family_arm_m3_Hwi_excReserved__I)
                  20008818    00000048                  : m3_Hwi_asm_switch.obj (.text:ti_sysbios_family_arm_m3_Hwi_initStacks__E)
                  20008860    00000048                  : BIOS.obj (.text:ti_sysbios_family_arm_m3_Timer_initDevice__I)
                  200088a8    00000046     ti.targets.arm.rtsarm.aem4 : Core-params.oem4 (.text:xdc_runtime_Core_assignParams__I)
                  200088ee    00000002     --HOLE-- [fill = 0]
                  200088f0    00000044     boot.aem4 : boot.oem4 (.text)
                  20008934    00000044     rtsv7M4_T_le_eabi.lib : exit.obj (.text)
                  20008978    00000044     sysbios.aem4 : BIOS.obj (.text:ti_sysbios_family_arm_m3_Hwi_getStackInfo__E)
                  200089bc    00000044     ti.targets.arm.rtsarm.aem4 : Error.oem4 (.text:xdc_runtime_Error_setX__E)
                  20008a00    00000044                                : LoggerBuf.oem4 (.text:xdc_runtime_LoggerBuf_filterOutEvent__I)
                  20008a44    00000044                                : SysMin.oem4 (.text:xdc_runtime_SysMin_flush__E)
                  20008a88    00000044                                : Text.oem4 (.text:xdc_runtime_Text_xprintf__I)
                  20008acc    00000040     driverlib.a : pin.obj (.text:PinModeSet)
                  20008b0c    00000040     rtsv7M4_T_le_eabi.lib : u_divt2.obj (.text)
                  20008b4c    00000004     --HOLE-- [fill = 0]
                  20008b50    00000040     sysbios.aem4 : BIOS.obj (.text:ti_sysbios_family_arm_m3_Timer_Module_startup__E)
                  20008b90    0000003c     driverlib.a : prcm.obj (.text:PRCMPeripheralClkEnable)
                  20008bcc    00000004     --HOLE-- [fill = 0]
                  20008bd0    0000003c     sysbios.aem4 : BIOS.obj (.text:ti_sysbios_family_arm_m3_Hwi_excSvCall__I)
                  20008c0c    00000004     --HOLE-- [fill = 0]
                  20008c10    0000003c                  : BIOS.obj (.text:ti_sysbios_heaps_HeapMem_init__I)
                  20008c4c    00000004     --HOLE-- [fill = 0]
                  20008c50    0000003c                  : BIOS.obj (.text:ti_sysbios_knl_Swi_startup__E)
                  20008c8c    0000003a     ti.targets.arm.rtsarm.aem4 : LoggerBuf.oem4 (.text:xdc_runtime_LoggerBuf_Instance_init__E)
                  20008cc6    00000002     --HOLE-- [fill = 0]
                  20008cc8    00000038     sysbios.aem4 : BIOS.obj (.text:ti_sysbios_family_arm_m3_Hwi_excNoIsr__I)
                  20008d00    00000038                  : BIOS.obj (.text:ti_sysbios_knl_Task_processVitalTaskFlag__I)
                  20008d38    00000038     ti.targets.arm.rtsarm.aem4 : SysMin.oem4 (.text:xdc_runtime_SysMin_putch__E)
                  20008d70    00000038                                : System.oem4 (.text:xdc_runtime_System_atexit__E)
                  20008da8    00000036     driverlib.a : gpio.obj (.text:GPIODirModeSet)
                  20008dde    00000002     --HOLE-- [fill = 0]
                  20008de0    00000034     sysbios.aem4 : BIOS.obj (.text:ti_sysbios_family_arm_m3_Hwi_excNmi__I)
                  20008e14    00000004     --HOLE-- [fill = 0]
                  20008e18    00000034                  : BIOS.obj (.text:ti_sysbios_family_arm_m3_Timer_periodicStub__I)
                  20008e4c    00000004     --HOLE-- [fill = 0]
                  20008e50    00000034                  : BIOS.obj (.text:ti_sysbios_hal_Hwi_checkStack)
                  20008e84    00000034     ti.targets.arm.rtsarm.aem4 : Core-label.oem4 (.text:xdc_runtime_Core_assignLabel__I)
                  20008eb8    00000033                                : Text.oem4 (.text:xdc_runtime_Text_printVisFxn__I)
                  20008eeb    00000005     --HOLE-- [fill = 0]
                  20008ef0    00000032     sysbios.aem4 : BIOS.obj (.text:ti_sysbios_hal_Hwi_initStack)
                  20008f22    00000006     rtsv7M4_T_le_eabi.lib : copy_decompress_rle.obj (.text:decompress:rle24)
                  20008f28    00000032     sysbios.aem4 : BIOS.obj (.text:ti_sysbios_knl_Semaphore_pendTimeout__I)
                  20008f5a    00000030     driverlib.a : pin.obj (.text:PinTypeGPIO)
                  20008f8a    00000002     --HOLE-- [fill = 0]
                  20008f8c    00000030     app_pem4.oem4 (.text:ti_sysbios_BIOS_atExitFunc__I)
                  20008fbc    00000004     --HOLE-- [fill = 0]
                  20008fc0    00000030     sysbios.aem4 : BIOS.obj (.text:ti_sysbios_family_arm_m3_TaskSupport_start__E)
                  20008ff0    00000030     app_pem4.oem4 (.text:ti_sysbios_gates_GateHwi_Object__create__S)
                  20009020    00000030     app_pem4.oem4 (.text:ti_sysbios_gates_GateMutex_Object__create__S)
                  20009050    00000030     app_pem4.oem4 (.text:ti_sysbios_heaps_HeapMem_Object__create__S)
                  20009080    00000030     app_pem4.oem4 (.text:ti_sysbios_knl_Semaphore_construct)
                  200090b0    00000030     ti.targets.arm.rtsarm.aem4 : SysMin.oem4 (.text:xdc_runtime_SysMin_abort__E)
                  200090e0    00000030                                : System.oem4 (.text:xdc_runtime_System_processAtExit__E)
                  20009110    0000002e     app_pem4.oem4 (.text:malloc)
                  2000913e    00000002     --HOLE-- [fill = 0]
                  20009140    0000002c     driverlib.a : prcm.obj (.text:PRCMSysResetCauseGet)
                  2000916c    0000002c     app_pem4.oem4 (.text:ti_sysbios_knl_Clock_doTick__I)
                  20009198    0000002c     app_pem4.oem4 (.text:ti_sysbios_knl_Queue_construct)
                  200091c4    00000004     --HOLE-- [fill = 0]
                  200091c8    0000002c     sysbios.aem4 : BIOS.obj (.text:ti_sysbios_knl_Task_restore__E)
                  200091f4    0000002c     ti.targets.arm.rtsarm.aem4 : Text.oem4 (.text:xdc_runtime_Text_cordText__E)
                  20009220    0000002a                                : System.oem4 (.text:xdc_runtime_System_putchar__I)
                  2000924a    00000002     --HOLE-- [fill = 0]
                  2000924c    00000028     driverlib.a : prcm.obj (.text:PRCMPeripheralClkDisable)
                  20009274    00000004     --HOLE-- [fill = 0]
                  20009278    00000028     sysbios.aem4 : BIOS.obj (.text:ti_sysbios_knl_Swi_Module_startup__E)
                  200092a0    00000028     ti.targets.arm.rtsarm.aem4 : LoggerBuf.oem4 (.text:xdc_runtime_LoggerBuf_Module_startup__E)
                  200092c8    00000026                                : System.oem4 (.text:xdc_runtime_System_avprintf__E)
                  200092ee    00000002     --HOLE-- [fill = 0]
                  200092f0    00000024     app_pem4.oem4 (.text:ti_sysbios_BIOS_errorRaiseHook__I)
                  20009314    00000024     app_pem4.oem4 (.text:ti_sysbios_BIOS_registerRTSLock__I)
                  20009338    00000024     app_pem4.oem4 (.text:ti_sysbios_BIOS_removeRTSLock__I)
                  2000935c    00000024     app_pem4.oem4 (.text:ti_sysbios_BIOS_startFunc__I)
                  20009380    00000024     sysbios.aem4 : BIOS.obj (.text:ti_sysbios_family_arm_m3_Hwi_doTaskRestore__I)
                  200093a4    00000004     --HOLE-- [fill = 0]
                  200093a8    00000024                  : BIOS.obj (.text:ti_sysbios_family_arm_m3_Timer_startup__E)
                  200093cc    00000024     app_pem4.oem4 (.text:ti_sysbios_gates_GateMutex_Object__delete__S)
                  200093f0    00000024     sysbios.aem4 : BIOS.obj (.text:ti_sysbios_knl_Clock_Module_startup__E)
                  20009414    00000024     ti.targets.arm.rtsarm.aem4 : System.oem4 (.text:xdc_runtime_System_vprintf__E)
                  20009438    00000022     app_pem4.oem4 (.text:xdc_runtime_SysMin_output__I)
                  2000945a    00000020     driverlib.a : gpio.obj (.text:GPIOPinWrite)
                  2000947a    00000002     --HOLE-- [fill = 0]
                  2000947c    00000020     app_pem4.oem4 (.text:ti_sysbios_BIOS_rtsLock__I)
                  2000949c    00000020     sysbios.aem4 : m3_Hwi_asm.obj (.text:ti_sysbios_family_arm_m3_Hwi_excHandlerAsm__I)
                  200094bc    00000004     --HOLE-- [fill = 0]
                  200094c0    00000020                  : BIOS.obj (.text:ti_sysbios_family_arm_m3_Hwi_excHandler__I)
                  200094e0    00000020                  : BIOS.obj (.text:ti_sysbios_family_arm_m3_TimestampProvider_Module_startup__E)
                  20009500    00000020     app_pem4.oem4 (.text:ti_sysbios_gates_GateHwi_Object__delete__S)
                  20009520    00000020     app_pem4.oem4 (.text:ti_sysbios_heaps_HeapMem_Object__delete__S)
                  20009540    00000020     sysbios.aem4 : BIOS.obj (.text:ti_sysbios_knl_Idle_run__E)
                  20009560    00000020     app_pem4.oem4 (.text:ti_sysbios_knl_Semaphore_Object__destruct__S)
                  20009580    00000020     app_pem4.oem4 (.text:xdc_runtime_LoggerBuf_Object__delete__S)
                  200095a0    00000020     ti.targets.arm.rtsarm.aem4 : LoggerBuf.oem4 (.text:xdc_runtime_LoggerBuf_reset__E)
                  200095c0    00000020                                : Registry.oem4 (.text:xdc_runtime_Registry_findById__E)
                  200095e0    00000020                                : SysMin.oem4 (.text:xdc_runtime_SysMin_Module_startup__E)
                  20009600    0000001e     sysbios.aem4 : m3_Hwi_asm_switch.obj (.text:ti_sysbios_family_xxx_Hwi_switchAndRunFunc)
                  2000961e    00000002     --HOLE-- [fill = 0]
                  20009620    0000001c                  : BIOS.obj (.text:ti_sysbios_gates_GateMutex_Instance_init__E)
                  2000963c    0000001c     app_pem4.oem4 (.text:ti_sysbios_knl_Queue_Object__destruct__S)
                  20009658    0000001c     sysbios.aem4 : BIOS.obj (.text:ti_sysbios_knl_Task_enter__I)
                  20009674    0000001c     ti.targets.arm.rtsarm.aem4 : Error.oem4 (.text:xdc_runtime_Error_raiseX__E)
                  20009690    0000001c                                : Memory.oem4 (.text:xdc_runtime_Memory_valloc__E)
                  200096ac    0000001c                                : SysMin.oem4 (.text:xdc_runtime_SysMin_exit__E)
                  200096c8    0000001c                                : System.oem4 (.text:xdc_runtime_System_abort__E)
                  200096e4    0000001a     driverlib.a : pin.obj (.text:PinTypeTimer)
                  200096fe    0000001a     app_pem4.oem4 (.text:ti_sysbios_family_arm_m3_Hwi_Handle__label__S)
                  20009718    0000001a     sysbios.aem4 : m3_Hwi_asm.obj (.text:ti_sysbios_family_arm_m3_Hwi_pendSV__I)
                  20009732    0000001a     app_pem4.oem4 (.text:ti_sysbios_gates_GateHwi_Handle__label__S)
                  2000974c    0000001a     app_pem4.oem4 (.text:ti_sysbios_gates_GateMutex_Handle__label__S)
                  20009766    0000001a     app_pem4.oem4 (.text:ti_sysbios_heaps_HeapMem_Handle__label__S)
                  20009780    0000001a     app_pem4.oem4 (.text:ti_sysbios_knl_Swi_Handle__label__S)
                  2000979a    0000001a     app_pem4.oem4 (.text:ti_sysbios_knl_Task_Handle__label__S)
                  200097b4    0000001a     app_pem4.oem4 (.text:xdc_runtime_LoggerBuf_Handle__label__S)
                  200097ce    0000001a     app_pem4.oem4 (.text:xdc_runtime_System_aprintf__E)
                  200097e8    0000001a     app_pem4.oem4 (.text:xdc_runtime_System_printf__E)
                  20009802    00000018     driverlib.a : gpio.obj (.text:GPIOPinRead)
                  2000981a    00000002     --HOLE-- [fill = 0]
                  2000981c    00000018     rtsv7M4_T_le_eabi.lib : args_main.obj (.text)
                  20009834    00000018     app_pem4.oem4 (.text:ti_sysbios_BIOS_rtsUnlock__I)
                  2000984c    00000018     app_pem4.oem4 (.text:ti_sysbios_family_arm_m3_Hwi_Module__startupDone__F)
                  20009864    00000018     app_pem4.oem4 (.text:ti_sysbios_family_arm_m3_Timer_Module__startupDone__F)
                  2000987c    00000004     --HOLE-- [fill = 0]
                  20009880    00000018     sysbios.aem4 : BIOS.obj (.text:ti_sysbios_gates_GateMutex_leave__E)
                  20009898    00000018     ti.targets.arm.rtsarm.aem4 : Error.oem4 (.text:xdc_runtime_Error_check__E)
                  200098b0    00000018                                : System.oem4 (.text:xdc_runtime_System_exit__E)
                  200098c8    00000018                                : Text.oem4 (.text:xdc_runtime_Text_ropeText__E)
                  200098e0    00000016     driverlib.a : prcm.obj (.text:PRCMHIBRegRead)
                  200098f6    00000016                 : prcm.obj (.text:PRCMHIBRegWrite)
                  2000990c    00000016     app_pem4.oem4 (.text:ti_sysbios_BIOS_exitFunc__I)
                  20009922    00000014     driverlib.a : cpu.obj (.text:CPUcpsie)
                  20009936    00000002     --HOLE-- [fill = 0]
                  20009938    00000014     rtsv7M4_T_le_eabi.lib : _lock.obj (.text)
                  2000994c    00000014                           : strcpy.obj (.text)
                  20009960    00000014                           : strlen.obj (.text)
                  20009974    00000014     app_pem4.oem4 (.text:ti_sysbios_family_arm_m3_Hwi_Object__get__S)
                  20009988    00000014     sysbios.aem4 : BIOS.obj (.text:ti_sysbios_family_arm_m3_Hwi_switchFromBootStack__E)
                  2000999c    00000014     app_pem4.oem4 (.text:ti_sysbios_heaps_HeapMem_Object__get__S)
                  200099b0    00000014     app_pem4.oem4 (.text:ti_sysbios_knl_Swi_Object__get__S)
                  200099c4    00000014     app_pem4.oem4 (.text:xdc_runtime_LoggerBuf_Object__get__S)
                  200099d8    00000012     sysbios.aem4 : BIOS.obj (.text:ti_sysbios_hal_Hwi_Module_startup__E)
                  200099ea    00000006     ti.targets.arm.rtsarm.aem4 : System.oem4 (.text:xdc_runtime_System_Module_startup__E)
                  200099f0    00000012     sysbios.aem4 : BIOS.obj (.text:ti_sysbios_hal_Timer_Module_startup__E)
                  20009a02    00000012     ti.targets.arm.rtsarm.aem4 : LoggerBuf.oem4 (.text:xdc_runtime_LoggerBuf_Instance_finalize__E)
                  20009a14    00000012                                : LoggerBuf.oem4 (.text:xdc_runtime_LoggerBuf_write1__E)
                  20009a26    00000012                                : LoggerBuf.oem4 (.text:xdc_runtime_LoggerBuf_write2__E)
                  20009a38    00000012     app_pem4.oem4 (.text:xdc_runtime_Startup_exec__I)
                  20009a4a    00000006     --HOLE-- [fill = 0]
                  20009a50    00000010     sysbios.aem4 : BIOS.obj (.text:ti_sysbios_BIOS_setThreadType__E)
                  20009a60    00000010                  : m3_TaskSupport_asm.obj (.text:ti_sysbios_family_arm_m3_TaskSupport_glue)
                  20009a70    00000010                  : m3_TaskSupport_asm.obj (.text:ti_sysbios_family_arm_m3_TaskSupport_swap__E)
                  20009a80    00000010                  : BIOS.obj (.text:ti_sysbios_gates_GateMutex_Instance_finalize__E)
                  20009a90    00000010     app_pem4.oem4 (.text:ti_sysbios_knl_Mailbox_Object__get__S)
                  20009aa0    00000010     sysbios.aem4 : BIOS.obj (.text:ti_sysbios_knl_Semaphore_Instance_finalize__E)
                  20009ab0    00000010                  : BIOS.obj (.text:ti_sysbios_knl_Swi_disable__E)
                  20009ac0    00000010     app_pem4.oem4 (.text:ti_sysbios_knl_Task_Object__get__S)
                  20009ad0    00000010     sysbios.aem4 : BIOS.obj (.text:ti_sysbios_knl_Task_disable__E)
                  20009ae0    00000010     ti.targets.arm.rtsarm.aem4 : Gate.oem4 (.text:xdc_runtime_Gate_leaveSystem__E)
                  20009af0    00000010                                : LoggerBuf.oem4 (.text:xdc_runtime_LoggerBuf_write0__E)
                  20009b00    00000010                                : Memory.oem4 (.text:xdc_runtime_Memory_free__E)
                  20009b10    00000010                                : SysMin.oem4 (.text:xdc_runtime_SysMin_ready__E)
                  20009b20    00000010                                : System.oem4 (.text:xdc_runtime_System_vsnprintf__E)
                  20009b30    00000010     app_pem4.oem4 (.text:xdc_runtime_Text_visitRope__I)
                  20009b40    0000000e     rtsv7M4_T_le_eabi.lib : copy_decompress_none.obj (.text:decompress:none)
                  20009b4e    00000002     --HOLE-- [fill = 0]
                  20009b50    0000000e     sysbios.aem4 : BIOS.obj (.text:ti_sysbios_knl_Idle_loop__E)
                  20009b5e    00000002     --HOLE-- [fill = 0]
                  20009b60    0000000e                  : BIOS.obj (.text:ti_sysbios_knl_Queue_empty__E)
                  20009b6e    0000000c     rtsv7M4_T_le_eabi.lib : copy_zero_init.obj (.text:decompress:ZI)
                  20009b7a    00000006     --HOLE-- [fill = 0]
                  20009b80    0000000c     sysbios.aem4 : BIOS.obj (.text:ti_sysbios_family_arm_m3_TaskSupport_checkStack__E)
                  20009b8c    00000004     --HOLE-- [fill = 0]
                  20009b90    0000000c                  : BIOS.obj (.text:ti_sysbios_gates_GateHwi_enter__E)
                  20009b9c    0000000c     app_pem4.oem4 (.text:ti_sysbios_knl_Queue_Object__get__S)
                  20009ba8    0000000c     ti.targets.arm.rtsarm.aem4 : Error.oem4 (.text:xdc_runtime_Error_init__E)
                  20009bb4    0000000c                                : Gate.oem4 (.text:xdc_runtime_Gate_enterSystem__E)
                  20009bc0    0000000c                                : Memory.oem4 (.text:xdc_runtime_Memory_calloc__E)
                  20009bcc    0000000c                                : Memory.oem4 (.text:xdc_runtime_Memory_getMaxDefaultTypeAlign__E)
                  20009bd8    0000000a     driverlib.a : interrupt.obj (.text:IntMasterEnable)
                  20009be2    0000000a     app_pem4.oem4 (.text:xdc_runtime_IHeap_alloc)
                  20009bec    0000000a     app_pem4.oem4 (.text:xdc_runtime_IHeap_free)
                  20009bf6    0000000a     ti.targets.arm.rtsarm.aem4 : LoggerBuf.oem4 (.text:xdc_runtime_LoggerBuf_disable__E)
                  20009c00    0000000a                                : LoggerBuf.oem4 (.text:xdc_runtime_LoggerBuf_enable__E)
                  20009c0a    00000006     --HOLE-- [fill = 0]
                  20009c10    00000008     sysbios.aem4 : BIOS.obj (.text:ti_sysbios_family_arm_m3_Hwi_doSwiRestore__I)
                  20009c18    00000008                  : BIOS.obj (.text:ti_sysbios_family_arm_m3_Hwi_startup__E)
                  20009c20    00000006                  : BIOS.obj (.text:ti_sysbios_gates_GateHwi_leave__E)
                  20009c26    00000002     --HOLE-- [fill = 0]
                  20009c28    00000006                  : BIOS.obj (.text:ti_sysbios_heaps_HeapMem_isBlocking__E)
                  20009c2e    00000002     --HOLE-- [fill = 0]
                  20009c30    00000006                  : BIOS.obj (.text:ti_sysbios_knl_Queue_Instance_init__E)
                  20009c36    00000002     --HOLE-- [fill = 0]
                  20009c38    00000004                  : BIOS.obj (.text:ti_sysbios_family_arm_m3_Timer_getMaxTicks__E)
                  20009c3c    00000004     --HOLE-- [fill = 0]
                  20009c40    00000004                  : BIOS.obj (.text:ti_sysbios_gates_GateHwi_query__E)
                  20009c44    00000004     --HOLE-- [fill = 0]
                  20009c48    00000004                  : BIOS.obj (.text:ti_sysbios_gates_GateMutex_query__E)
                  20009c4c    00000004     --HOLE-- [fill = 0]
                  20009c50    00000004                  : BIOS.obj (.text:ti_sysbios_knl_Task_startup__E)
                  20009c54    00000004     --HOLE-- [fill = 0]
                  20009c58    00000002                  : BIOS.obj (.text:ti_sysbios_gates_GateHwi_Instance_init__E)

.const     0    20009c5c    00002112     
                  20009c5c    000018cb     app_pem4.oem4 (.const:xdc_runtime_Text_charTab__A)
                  2000b527    00000001     app_pem4.oem4 (.const:xdc_runtime_Error_policy__C)
                  2000b528    00000100     driverlib.a : pin.obj (.const:g_ulPinToPadMap)
                  2000b628    000000b8     app_pem4.oem4 (.const:xdc_runtime_Text_nodeTab__A)
                  2000b6e0    000000a8     driverlib.a : prcm.obj (.const:PRCM_PeriphRegsList)
                  2000b788    00000080                 : interrupt.obj (.const)
                  2000b808    00000048     app_pem4.oem4 (.const:.string)
                  2000b850    0000003c     app_pem4.oem4 (.const:xdc_runtime_LoggerBuf_Module__FXNS__C)
                  2000b88c    00000030     app_pem4.oem4 (.const:xdc_runtime_Startup_sfxnTab__A)
                  2000b8bc    00000028     Valve.obj (.const:portArray$1)
                  2000b8e4    00000028     app_pem4.oem4 (.const:ti_sysbios_heaps_HeapMem_Module__FXNS__C)
                  2000b90c    00000024     app_pem4.oem4 (.const:ti_sysbios_gates_GateHwi_Module__FXNS__C)
                  2000b930    00000024     app_pem4.oem4 (.const:ti_sysbios_gates_GateMutex_Module__FXNS__C)
                  2000b954    00000024     app_pem4.oem4 (.const:ti_sysbios_heaps_HeapMem_Object__PARAMS__C)
                  2000b978    00000024     app_pem4.oem4 (.const:ti_sysbios_knl_Semaphore_Object__PARAMS__C)
                  2000b99c    00000024     app_pem4.oem4 (.const:xdc_runtime_LoggerBuf_Object__PARAMS__C)
                  2000b9c0    00000020     app_pem4.oem4 (.const:ti_sysbios_gates_GateHwi_Object__DESC__C)
                  2000b9e0    00000020     app_pem4.oem4 (.const:ti_sysbios_gates_GateMutex_Object__DESC__C)
                  2000ba00    00000020     app_pem4.oem4 (.const:ti_sysbios_heaps_HeapMem_Object__DESC__C)
                  2000ba20    00000020     app_pem4.oem4 (.const:ti_sysbios_knl_Queue_Object__DESC__C)
                  2000ba40    00000020     app_pem4.oem4 (.const:ti_sysbios_knl_Semaphore_Object__DESC__C)
                  2000ba60    00000020     app_pem4.oem4 (.const:xdc_runtime_LoggerBuf_Object__DESC__C)
                  2000ba80    00000018     app_pem4.oem4 (.const:ti_sysbios_gates_GateHwi_Object__PARAMS__C)
                  2000ba98    00000018     app_pem4.oem4 (.const:ti_sysbios_gates_GateMutex_Object__PARAMS__C)
                  2000bab0    00000018     app_pem4.oem4 (.const:ti_sysbios_knl_Queue_Object__PARAMS__C)
                  2000bac8    00000018     app_pem4.oem4 (.const:xdc_runtime_Startup_sfxnRts__A)
                  2000bae0    0000000c     app_pem4.oem4 (.const:xdc_runtime_Startup_firstFxns__A)
                  2000baec    0000000a     Valve.obj (.const:.string)
                  2000baf6    00000002     app_pem4.oem4 (.const:ti_sysbios_family_arm_m3_Hwi_Module__id__C)
                  2000baf8    00000008     app_pem4.oem4 (.const:ti_sysbios_family_arm_m3_Hwi_excHookFuncs__A)
                  2000bb00    00000008     app_pem4.oem4 (.const:ti_sysbios_knl_Idle_funcList__C)
                  2000bb08    00000008     app_pem4.oem4 (.const:xdc_runtime_Startup_firstFxns__C)
                  2000bb10    00000008     app_pem4.oem4 (.const:xdc_runtime_Startup_lastFxns__C)
                  2000bb18    00000004     app_pem4.oem4 (.const:ti_sysbios_family_arm_m3_Hwi_E_NMI__C)
                  2000bb1c    00000004     app_pem4.oem4 (.const:ti_sysbios_family_arm_m3_Hwi_E_busFault__C)
                  2000bb20    00000004     app_pem4.oem4 (.const:ti_sysbios_family_arm_m3_Hwi_E_debugMon__C)
                  2000bb24    00000004     app_pem4.oem4 (.const:ti_sysbios_family_arm_m3_Hwi_E_hardFault__C)
                  2000bb28    00000004     app_pem4.oem4 (.const:ti_sysbios_family_arm_m3_Hwi_E_memFault__C)
                  2000bb2c    00000004     app_pem4.oem4 (.const:ti_sysbios_family_arm_m3_Hwi_E_noIsr__C)
                  2000bb30    00000004     app_pem4.oem4 (.const:ti_sysbios_family_arm_m3_Hwi_E_reserved__C)
                  2000bb34    00000004     app_pem4.oem4 (.const:ti_sysbios_family_arm_m3_Hwi_E_svCall__C)
                  2000bb38    00000004     app_pem4.oem4 (.const:ti_sysbios_family_arm_m3_Hwi_E_usageFault__C)
                  2000bb3c    00000004     app_pem4.oem4 (.const:ti_sysbios_family_arm_m3_Hwi_LD_end__C)
                  2000bb40    00000004     app_pem4.oem4 (.const:ti_sysbios_family_arm_m3_Hwi_LM_begin__C)
                  2000bb44    00000004     app_pem4.oem4 (.const:ti_sysbios_family_arm_m3_Hwi_Module__diagsEnabled__C)
                  2000bb48    00000004     app_pem4.oem4 (.const:ti_sysbios_family_arm_m3_Hwi_Module__diagsIncluded__C)
                  2000bb4c    00000004     app_pem4.oem4 (.const:ti_sysbios_family_arm_m3_Hwi_Module__diagsMask__C)
                  2000bb50    00000004     app_pem4.oem4 (.const:ti_sysbios_family_arm_m3_Hwi_Module__loggerFxn1__C)
                  2000bb54    00000004     app_pem4.oem4 (.const:ti_sysbios_family_arm_m3_Hwi_Module__loggerFxn8__C)
                  2000bb58    00000004     app_pem4.oem4 (.const:ti_sysbios_family_arm_m3_Hwi_Module__loggerObj__C)
                  2000bb5c    00000004     app_pem4.oem4 (.const:ti_sysbios_family_arm_m3_Hwi_NUM_INTERRUPTS__C)
                  2000bb60    00000004     app_pem4.oem4 (.const:ti_sysbios_family_arm_m3_Hwi_Object__count__C)
                  2000bb64    00000004     app_pem4.oem4 (.const:ti_sysbios_family_arm_m3_Hwi_ccr__C)
                  2000bb68    00000004     app_pem4.oem4 (.const:ti_sysbios_family_arm_m3_Hwi_excHandlerFunc__C)
                  2000bb6c    00000004     app_pem4.oem4 (.const:ti_sysbios_family_arm_m3_Hwi_excHookFuncs__C)
                  2000bb70    00000004     app_pem4.oem4 (.const:ti_sysbios_family_arm_m3_Hwi_nullIsrFunc__C)
                  2000bb74    00000004     app_pem4.oem4 (.const:ti_sysbios_family_arm_m3_Hwi_priGroup__C)
                  2000bb78    00000004     app_pem4.oem4 (.const:ti_sysbios_family_arm_m3_Timer_E_cannotSupport__C)
                  2000bb7c    00000004     app_pem4.oem4 (.const:ti_sysbios_family_arm_m3_Timer_startupNeeded__C)
                  2000bb80    00000004     app_pem4.oem4 (.const:ti_sysbios_gates_GateMutex_A_badContext__C)
                  2000bb84    00000004     app_pem4.oem4 (.const:ti_sysbios_gates_GateMutex_Instance_State_sem__O)
                  2000bb88    00000004     app_pem4.oem4 (.const:ti_sysbios_gates_GateMutex_Module__diagsEnabled__C)
                  2000bb8c    00000004     app_pem4.oem4 (.const:ti_sysbios_gates_GateMutex_Module__diagsIncluded__C)
                  2000bb90    00000004     app_pem4.oem4 (.const:ti_sysbios_gates_GateMutex_Module__diagsMask__C)
                  2000bb94    00000004     app_pem4.oem4 (.const:ti_sysbios_hal_Hwi_E_stackOverflow__C)
                  2000bb98    00000004     app_pem4.oem4 (.const:ti_sysbios_heaps_HeapMem_A_align__C)
                  2000bb9c    00000004     app_pem4.oem4 (.const:ti_sysbios_heaps_HeapMem_A_heapSize__C)
                  2000bba0    00000004     app_pem4.oem4 (.const:ti_sysbios_heaps_HeapMem_A_invalidFree__C)
                  2000bba4    00000004     app_pem4.oem4 (.const:ti_sysbios_heaps_HeapMem_A_zeroBlock__C)
                  2000bba8    00000004     app_pem4.oem4 (.const:ti_sysbios_heaps_HeapMem_E_memory__C)
                  2000bbac    00000004     app_pem4.oem4 (.const:ti_sysbios_heaps_HeapMem_Module__diagsEnabled__C)
                  2000bbb0    00000004     app_pem4.oem4 (.const:ti_sysbios_heaps_HeapMem_Module__diagsIncluded__C)
                  2000bbb4    00000004     app_pem4.oem4 (.const:ti_sysbios_heaps_HeapMem_Module__diagsMask__C)
                  2000bbb8    00000004     app_pem4.oem4 (.const:ti_sysbios_heaps_HeapMem_Module__gateObj__C)
                  2000bbbc    00000004     app_pem4.oem4 (.const:ti_sysbios_heaps_HeapMem_Object__count__C)
                  2000bbc0    00000004     app_pem4.oem4 (.const:ti_sysbios_heaps_HeapMem_reqAlign__C)
                  2000bbc4    00000004     app_pem4.oem4 (.const:ti_sysbios_knl_Clock_LM_begin__C)
                  2000bbc8    00000004     app_pem4.oem4 (.const:ti_sysbios_knl_Clock_LM_tick__C)
                  2000bbcc    00000004     app_pem4.oem4 (.const:ti_sysbios_knl_Clock_LW_delayed__C)
                  2000bbd0    00000004     app_pem4.oem4 (.const:ti_sysbios_knl_Clock_Module_State_clockQ__O)
                  2000bbd4    00000004     app_pem4.oem4 (.const:ti_sysbios_knl_Clock_Module__diagsEnabled__C)
                  2000bbd8    00000004     app_pem4.oem4 (.const:ti_sysbios_knl_Clock_Module__diagsIncluded__C)
                  2000bbdc    00000004     app_pem4.oem4 (.const:ti_sysbios_knl_Clock_Module__diagsMask__C)
                  2000bbe0    00000004     app_pem4.oem4 (.const:ti_sysbios_knl_Clock_Module__loggerFxn1__C)
                  2000bbe4    00000004     app_pem4.oem4 (.const:ti_sysbios_knl_Clock_Module__loggerFxn2__C)
                  2000bbe8    00000004     app_pem4.oem4 (.const:ti_sysbios_knl_Clock_Module__loggerObj__C)
                  2000bbec    00000004     app_pem4.oem4 (.const:ti_sysbios_knl_Idle_funcList__A)
                  2000bbf0    00000004     app_pem4.oem4 (.const:ti_sysbios_knl_Mailbox_Instance_State_freeQue__O)
                  2000bbf4    00000004     app_pem4.oem4 (.const:ti_sysbios_knl_Mailbox_Object__count__C)
                  2000bbf8    00000004     app_pem4.oem4 (.const:ti_sysbios_knl_Mailbox_maxTypeAlign__C)
                  2000bbfc    00000004     app_pem4.oem4 (.const:ti_sysbios_knl_Semaphore_A_badContext__C)
                  2000bc00    00000004     app_pem4.oem4 (.const:ti_sysbios_knl_Semaphore_A_noEvents__C)
                  2000bc04    00000004     app_pem4.oem4 (.const:ti_sysbios_knl_Semaphore_A_overflow__C)
                  2000bc08    00000004     app_pem4.oem4 (.const:ti_sysbios_knl_Semaphore_A_pendTaskDisabled__C)
                  2000bc0c    00000004     app_pem4.oem4 (.const:ti_sysbios_knl_Semaphore_Instance_State_pendQ__O)
                  2000bc10    00000004     app_pem4.oem4 (.const:ti_sysbios_knl_Semaphore_LM_pend__C)
                  2000bc14    00000004     app_pem4.oem4 (.const:ti_sysbios_knl_Semaphore_LM_post__C)
                  2000bc18    00000004     app_pem4.oem4 (.const:ti_sysbios_knl_Semaphore_Module__diagsEnabled__C)
                  2000bc1c    00000004     app_pem4.oem4 (.const:ti_sysbios_knl_Semaphore_Module__diagsIncluded__C)
                  2000bc20    00000004     app_pem4.oem4 (.const:ti_sysbios_knl_Semaphore_Module__diagsMask__C)
                  2000bc24    00000004     app_pem4.oem4 (.const:ti_sysbios_knl_Semaphore_Module__loggerFxn2__C)
                  2000bc28    00000004     app_pem4.oem4 (.const:ti_sysbios_knl_Semaphore_Module__loggerFxn4__C)
                  2000bc2c    00000004     app_pem4.oem4 (.const:ti_sysbios_knl_Semaphore_Module__loggerObj__C)
                  2000bc30    00000004     app_pem4.oem4 (.const:ti_sysbios_knl_Swi_LD_end__C)
                  2000bc34    00000004     app_pem4.oem4 (.const:ti_sysbios_knl_Swi_LM_begin__C)
                  2000bc38    00000004     app_pem4.oem4 (.const:ti_sysbios_knl_Swi_LM_post__C)
                  2000bc3c    00000004     app_pem4.oem4 (.const:ti_sysbios_knl_Swi_Module__diagsEnabled__C)
                  2000bc40    00000004     app_pem4.oem4 (.const:ti_sysbios_knl_Swi_Module__diagsIncluded__C)
                  2000bc44    00000004     app_pem4.oem4 (.const:ti_sysbios_knl_Swi_Module__diagsMask__C)
                  2000bc48    00000004     app_pem4.oem4 (.const:ti_sysbios_knl_Swi_Module__loggerFxn1__C)
                  2000bc4c    00000004     app_pem4.oem4 (.const:ti_sysbios_knl_Swi_Module__loggerFxn4__C)
                  2000bc50    00000004     app_pem4.oem4 (.const:ti_sysbios_knl_Swi_Module__loggerObj__C)
                  2000bc54    00000004     app_pem4.oem4 (.const:ti_sysbios_knl_Swi_Object__count__C)
                  2000bc58    00000004     app_pem4.oem4 (.const:ti_sysbios_knl_Task_E_spOutOfBounds__C)
                  2000bc5c    00000004     app_pem4.oem4 (.const:ti_sysbios_knl_Task_E_stackOverflow__C)
                  2000bc60    00000004     app_pem4.oem4 (.const:ti_sysbios_knl_Task_LD_block__C)
                  2000bc64    00000004     app_pem4.oem4 (.const:ti_sysbios_knl_Task_LD_exit__C)
                  2000bc68    00000004     app_pem4.oem4 (.const:ti_sysbios_knl_Task_LD_ready__C)
                  2000bc6c    00000004     app_pem4.oem4 (.const:ti_sysbios_knl_Task_LM_switch__C)
                  2000bc70    00000004     app_pem4.oem4 (.const:ti_sysbios_knl_Task_Module_State_inactiveQ__O)
                  2000bc74    00000004     app_pem4.oem4 (.const:ti_sysbios_knl_Task_Module__diagsEnabled__C)
                  2000bc78    00000004     app_pem4.oem4 (.const:ti_sysbios_knl_Task_Module__diagsIncluded__C)
                  2000bc7c    00000004     app_pem4.oem4 (.const:ti_sysbios_knl_Task_Module__diagsMask__C)
                  2000bc80    00000004     app_pem4.oem4 (.const:ti_sysbios_knl_Task_Module__loggerFxn2__C)
                  2000bc84    00000004     app_pem4.oem4 (.const:ti_sysbios_knl_Task_Module__loggerFxn4__C)
                  2000bc88    00000004     app_pem4.oem4 (.const:ti_sysbios_knl_Task_Module__loggerObj__C)
                  2000bc8c    00000004     app_pem4.oem4 (.const:ti_sysbios_knl_Task_Object__count__C)
                  2000bc90    00000004     app_pem4.oem4 (.const:ti_sysbios_knl_Task_allBlockedFunc__C)
                  2000bc94    00000004     app_pem4.oem4 (.const:ti_sysbios_knl_Task_numConstructedTasks__C)
                  2000bc98    00000004     app_pem4.oem4 (.const:xdc_runtime_Assert_E_assertFailed__C)
                  2000bc9c    00000004     app_pem4.oem4 (.const:xdc_runtime_Core_A_initializedParams__C)
                  2000bca0    00000004     app_pem4.oem4 (.const:xdc_runtime_Core_Module__diagsEnabled__C)
                  2000bca4    00000004     app_pem4.oem4 (.const:xdc_runtime_Core_Module__diagsIncluded__C)
                  2000bca8    00000004     app_pem4.oem4 (.const:xdc_runtime_Core_Module__diagsMask__C)
                  2000bcac    00000004     app_pem4.oem4 (.const:xdc_runtime_Error_E_memory__C)
                  2000bcb0    00000004     app_pem4.oem4 (.const:xdc_runtime_Error_Module__diagsEnabled__C)
                  2000bcb4    00000004     app_pem4.oem4 (.const:xdc_runtime_Error_Module__diagsIncluded__C)
                  2000bcb8    00000004     app_pem4.oem4 (.const:xdc_runtime_Error_Module__diagsMask__C)
                  2000bcbc    00000004     app_pem4.oem4 (.const:xdc_runtime_Error_Module__loggerFxn8__C)
                  2000bcc0    00000004     app_pem4.oem4 (.const:xdc_runtime_Error_Module__loggerObj__C)
                  2000bcc4    00000004     app_pem4.oem4 (.const:xdc_runtime_Error_policyFxn__C)
                  2000bcc8    00000004     app_pem4.oem4 (.const:xdc_runtime_Error_raiseHook__C)
                  2000bccc    00000004     app_pem4.oem4 (.const:xdc_runtime_IFilterLogger_Interface__BASE__C)
                  2000bcd0    00000004     app_pem4.oem4 (.const:xdc_runtime_IGateProvider_Interface__BASE__C)
                  2000bcd4    00000004     app_pem4.oem4 (.const:xdc_runtime_IHeap_Interface__BASE__C)
                  2000bcd8    00000004     app_pem4.oem4 (.const:xdc_runtime_ILogger_Interface__BASE__C)
                  2000bcdc    00000004     app_pem4.oem4 (.const:xdc_runtime_IModule_Interface__BASE__C)
                  2000bce0    00000004     app_pem4.oem4 (.const:xdc_runtime_Log_L_error__C)
                  2000bce4    00000004     app_pem4.oem4 (.const:xdc_runtime_LoggerBuf_E_badLevel__C)
                  2000bce8    00000004     app_pem4.oem4 (.const:xdc_runtime_LoggerBuf_Module__gateObj__C)
                  2000bcec    00000004     app_pem4.oem4 (.const:xdc_runtime_LoggerBuf_Object__count__C)
                  2000bcf0    00000004     app_pem4.oem4 (.const:xdc_runtime_LoggerBuf_statusLogger__C)
                  2000bcf4    00000004     app_pem4.oem4 (.const:xdc_runtime_Memory_defaultHeapInstance__C)
                  2000bcf8    00000004     app_pem4.oem4 (.const:xdc_runtime_Startup_execImpl__C)
                  2000bcfc    00000004     app_pem4.oem4 (.const:xdc_runtime_Startup_maxPasses__C)
                  2000bd00    00000004     app_pem4.oem4 (.const:xdc_runtime_Startup_sfxnRts__C)
                  2000bd04    00000004     app_pem4.oem4 (.const:xdc_runtime_Startup_sfxnTab__C)
                  2000bd08    00000004     app_pem4.oem4 (.const:xdc_runtime_SysMin_bufSize__C)
                  2000bd0c    00000004     app_pem4.oem4 (.const:xdc_runtime_SysMin_outputFunc__C)
                  2000bd10    00000004     app_pem4.oem4 (.const:xdc_runtime_System_Module__gateObj__C)
                  2000bd14    00000004     app_pem4.oem4 (.const:xdc_runtime_System_abortFxn__C)
                  2000bd18    00000004     app_pem4.oem4 (.const:xdc_runtime_System_exitFxn__C)
                  2000bd1c    00000004     app_pem4.oem4 (.const:xdc_runtime_System_extendFxn__C)
                  2000bd20    00000004     app_pem4.oem4 (.const:xdc_runtime_System_maxAtexitHandlers__C)
                  2000bd24    00000004     app_pem4.oem4 (.const:xdc_runtime_Text_charTab__C)
                  2000bd28    00000004     app_pem4.oem4 (.const:xdc_runtime_Text_nameEmpty__C)
                  2000bd2c    00000004     app_pem4.oem4 (.const:xdc_runtime_Text_nameStatic__C)
                  2000bd30    00000004     app_pem4.oem4 (.const:xdc_runtime_Text_nameUnknown__C)
                  2000bd34    00000004     app_pem4.oem4 (.const:xdc_runtime_Text_nodeTab__C)
                  2000bd38    00000004     app_pem4.oem4 (.const:xdc_runtime_Text_visitRopeFxn__C)
                  2000bd3c    00000002     app_pem4.oem4 (.const:ti_sysbios_family_arm_m3_Hwi_Module__loggerDefined__C)
                  2000bd3e    00000002     app_pem4.oem4 (.const:ti_sysbios_family_arm_m3_Timer_Module__id__C)
                  2000bd40    00000002     app_pem4.oem4 (.const:ti_sysbios_family_arm_m3_TimestampProvider_configTimer__C)
                  2000bd42    00000002     app_pem4.oem4 (.const:ti_sysbios_gates_GateMutex_Module__id__C)
                  2000bd44    00000002     app_pem4.oem4 (.const:ti_sysbios_hal_Hwi_Module__id__C)
                  2000bd46    00000002     app_pem4.oem4 (.const:ti_sysbios_heaps_HeapMem_Module__id__C)
                  2000bd48    00000002     app_pem4.oem4 (.const:ti_sysbios_knl_Clock_Module__id__C)
                  2000bd4a    00000002     app_pem4.oem4 (.const:ti_sysbios_knl_Clock_Module__loggerDefined__C)
                  2000bd4c    00000002     app_pem4.oem4 (.const:ti_sysbios_knl_Semaphore_Module__id__C)
                  2000bd4e    00000002     app_pem4.oem4 (.const:ti_sysbios_knl_Semaphore_Module__loggerDefined__C)
                  2000bd50    00000002     app_pem4.oem4 (.const:ti_sysbios_knl_Swi_Module__id__C)
                  2000bd52    00000002     app_pem4.oem4 (.const:ti_sysbios_knl_Swi_Module__loggerDefined__C)
                  2000bd54    00000002     app_pem4.oem4 (.const:ti_sysbios_knl_Task_Module__id__C)
                  2000bd56    00000002     app_pem4.oem4 (.const:ti_sysbios_knl_Task_Module__loggerDefined__C)
                  2000bd58    00000002     app_pem4.oem4 (.const:xdc_runtime_Core_Module__id__C)
                  2000bd5a    00000002     app_pem4.oem4 (.const:xdc_runtime_Error_Module__loggerDefined__C)
                  2000bd5c    00000002     app_pem4.oem4 (.const:xdc_runtime_Error_maxDepth__C)
                  2000bd5e    00000002     app_pem4.oem4 (.const:xdc_runtime_LoggerBuf_Module__id__C)
                  2000bd60    00000002     app_pem4.oem4 (.const:xdc_runtime_LoggerBuf_filterByLevel__C)
                  2000bd62    00000002     app_pem4.oem4 (.const:xdc_runtime_Memory_Module__id__C)
                  2000bd64    00000002     app_pem4.oem4 (.const:xdc_runtime_SysMin_flushAtExit__C)
                  2000bd66    00000002     app_pem4.oem4 (.const:xdc_runtime_Text_charCnt__C)
                  2000bd68    00000002     app_pem4.oem4 (.const:xdc_runtime_Text_isLoaded__C)
                  2000bd6a    00000002     app_pem4.oem4 (.const:xdc_runtime_Text_registryModsLastId__C)
                  2000bd6c    00000002     app_pem4.oem4 (.const:xdc_runtime_Text_unnamedModsLastId__C)

.cinit     0    2000bd70    00000350     
                  2000bd70    00000328     (.cinit..data.load) [load image, compression = rle]
                  2000c098    0000000c     (__TI_handler_table)
                  2000c0a4    00000004     --HOLE-- [fill = 0]
                  2000c0a8    00000008     (.cinit..bss.load) [load image, compression = zero_init]
                  2000c0b0    00000010     (__TI_cinit_table)

.bss       0    20017000    00009434     UNINITIALIZED
                  20017000    00008000     app_pem4.oem4 (.bss:ti_sysbios_heaps_HeapMem_Instance_State_0_buf__A)
                  2001f000    00000800     app_pem4.oem4 (.bss:taskStackSection)
                  2001f800    00000400     app_pem4.oem4 (.bss:xdc_runtime_LoggerBuf_Instance_State_0_entryArr__A)
                  2001fc00    00000400     app_pem4.oem4 (.bss:xdc_runtime_SysMin_Module_State_0_outbuf__A)
                  20020000    0000030c     app_pem4.oem4 (.bss:ti_sysbios_family_arm_m3_Hwi_dispatchTable)
                  2002030c    00000120     rtsv7M4_T_le_eabi.lib : trgmsg.obj (.bss:__CIOBUF_)
                  2002042c    00000008     (.common:parmbuf)

.data      0    20020434    0000041d     UNINITIALIZED
                  20020434    00000138     app_pem4.oem4 (.data)
                  2002056c    00000080     app_pem4.oem4 (.data:ti_sysbios_knl_Swi_Module_State_0_readyQ__A)
                  200205ec    00000080     app_pem4.oem4 (.data:ti_sysbios_knl_Task_Module_State_0_readyQ__A)
                  2002066c    0000004c     app_pem4.oem4 (.data:ti_sysbios_knl_Task_Object__table__V)
                  200206b8    00000044     app_pem4.oem4 (.data:ti_sysbios_knl_Task_Module__state__V)
                  200206fc    00000038     app_pem4.oem4 (.data:ti_sysbios_gates_GateMutex_Object__table__V)
                  20020734    00000034     app_pem4.oem4 (.data:ti_sysbios_family_arm_m3_Hwi_Module__state__V)
                  20020768    00000030     app_pem4.oem4 (.data:ti_sysbios_family_arm_m3_Timer_Object__table__V)
                  20020798    00000030     app_pem4.oem4 (.data:ti_sysbios_knl_Swi_Object__table__V)
                  200207c8    0000002c     app_pem4.oem4 (.data:ti_sysbios_knl_Clock_Module__state__V)
                  200207f4    00000024     app_pem4.oem4 (.data:ti_sysbios_BIOS_Module__state__V)
                  20020818    00000024     app_pem4.oem4 (.data:xdc_runtime_LoggerBuf_Object__table__V)
                  2002083c    00000008     rtsv7M4_T_le_eabi.lib : _lock.obj (.data)
                  20020844    00000008                           : exit.obj (.data)
                  2002084c    00000004                           : stkdepth_vars.obj (.data)
                  20020850    00000001     main.obj (.data)

.stack     0    2002e000    00002000     UNINITIALIZED
                  2002e000    00002000     --HOLE--

.bootVecs 
*          0    00000000    00000008     DSECT
                  00000000    00000008     boot.aem4 : boot.oem4 (.bootVecs)

.vecs      0    20004000    00000000     DSECT

xdc.meta   0    00000000    000000f8     COPY SECTION
                  00000000    000000f8     app_pem4.oem4 (xdc.meta)

.TI.noinit 
*          0    20017000    00000000     UNINITIALIZED

.TI.persistent 
*          0    20020434    00000000     UNINITIALIZED


LINKER GENERATED COPY TABLES

__TI_cinit_table @ 2000c0b0 records: 2, size/record: 8, table size: 16
	.data: load addr=2000bd70, load size=00000328 bytes, run addr=20020434, run size=0000041d bytes, compression=rle
	.bss: load addr=2000c0a8, load size=00000008 bytes, run addr=20017000, run size=00009434 bytes, compression=zero_init


LINKER GENERATED HANDLER TABLE

__TI_handler_table @ 2000c098 records: 3, size/record: 4, table size: 12
	index: 0, handler: __TI_decompress_rle24
	index: 1, handler: __TI_decompress_none
	index: 2, handler: __TI_zero_init


GLOBAL SYMBOLS: SORTED ALPHABETICALLY BY Name 

address   name                                                        
-------   ----                                                        
20008935  C$$EXIT                                                     
20008147  C$$IO$$                                                     
20009923  CPUcpsie                                                    
20008da9  GPIODirModeSet                                              
20009803  GPIOPinRead                                                 
2000945b  GPIOPinWrite                                                
20005031  HOSTclock                                                   
20004ff9  HOSTclose                                                   
20004fbb  HOSTgetenv                                                  
20004f5f  HOSTlseek                                                   
20004f0d  HOSTopen                                                    
20004ec1  HOSTread                                                    
20004e63  HOSTrename                                                  
20004e29  HOSTtime                                                    
20004df1  HOSTunlink                                                  
20004da5  HOSTwrite                                                   
200075bd  IntEnable                                                   
20009bd9  IntMasterEnable                                             
200095a1  LoggerBuf_instanceStartup                                   
20005c65  PRCMCC3200MCUInit                                           
200098e1  PRCMHIBRegRead                                              
200098f7  PRCMHIBRegWrite                                             
2000924d  PRCMPeripheralClkDisable                                    
20008b91  PRCMPeripheralClkEnable                                     
200083bd  PRCMPeripheralReset                                         
20009141  PRCMSysResetCauseGet                                        
20007bf1  PinConfigSet                                                
20008acd  PinModeSet                                                  
20005901  PinMuxConfig                                                
20008f5b  PinTypeGPIO                                                 
200096e5  PinTypeTimer                                                
UNDEFED   SHT$$INIT_ARRAY$$Base                                       
UNDEFED   SHT$$INIT_ARRAY$$Limit                                      
20007ac3  UtilsDelay                                                  
2000585f  ValveAnimation_getState                                     
20005839  ValveAnimation_init                                         
200058ab  ValveAnimation_render                                       
20005883  ValveAnimation_setState                                     
200057b5  ValveLine_output                                            
20005715  Valve_selfTest                                              
00000000  __ASM__                                                     
2002030c  __CIOBUF_                                                   
00000071  __ISA__                                                     
00000084  __PLAT__                                                    
20030000  __STACK_END                                                 
00002000  __STACK_SIZE                                                
000000ab  __TARG__                                                    
2000c0b0  __TI_CINIT_Base                                             
2000c0c0  __TI_CINIT_Limit                                            
2000c098  __TI_Handler_Table_Base                                     
2000c0a4  __TI_Handler_Table_Limit                                    
20007711  __TI_auto_init                                              
20020844  __TI_cleanup_ptr                                            
20009b41  __TI_decompress_none                                        
20008f23  __TI_decompress_rle24                                       
20020848  __TI_dtors_ptr                                              
2000814b  __TI_readmsg                                                
2000bd70  __TI_static_base__                                          
20008119  __TI_writemsg                                               
20009b6f  __TI_zero_init                                              
000000d0  __TRDR__                                                    
20007e7f  __aeabi_idiv0                                               
20007e05  __aeabi_memclr                                              
20007e05  __aeabi_memclr4                                             
20007e05  __aeabi_memclr8                                             
20007851  __aeabi_memcpy                                              
20007851  __aeabi_memcpy4                                             
20007851  __aeabi_memcpy8                                             
20007e07  __aeabi_memset                                              
20007e07  __aeabi_memset4                                             
20007e07  __aeabi_memset8                                             
20008b0d  __aeabi_uidiv                                               
20008b0d  __aeabi_uidivmod                                            
ffffffff  __binit__                                                   
ffffffff  __c_args__                                                  
2002e000  __stack                                                     
200058dd  __waitMs                                                    
20007f63  __xdc__init                                                 
20020568  __xdc__init__addr                                           
2000981d  _args_main                                                  
200088f1  _c_int00                                                    
2002083c  _lock                                                       
20009947  _nop                                                        
2000993f  _register_lock                                              
20009939  _register_unlock                                            
20020840  _unlock                                                     
20008939  abort                                                       
ffffffff  binit                                                       
200085b9  copy_in                                                     
20008941  exit                                                        
2000825b  main                                                        
2002084c  main_func_sp                                                
20009111  malloc                                                      
20007851  memcpy                                                      
20007e0d  memset                                                      
2000994d  strcpy                                                      
20009961  strlen                                                      
200207f4  ti_sysbios_BIOS_Module__state__V                            
2000974d  ti_sysbios_BIOS_RtsGateProxy_Handle__label__S               
200093cd  ti_sysbios_BIOS_RtsGateProxy_Object__delete__S              
20004a8d  ti_sysbios_BIOS_RtsGateProxy_enter__E                       
200052cd  ti_sysbios_BIOS_RtsGateProxy_leave__E                       
20009c49  ti_sysbios_BIOS_RtsGateProxy_query__E                       
20008f8d  ti_sysbios_BIOS_atExitFunc__I                               
200092f1  ti_sysbios_BIOS_errorRaiseHook__I                           
2000990d  ti_sysbios_BIOS_exitFunc__I                                 
20008117  ti_sysbios_BIOS_nullFunc__I                                 
20009315  ti_sysbios_BIOS_registerRTSLock__I                          
20009339  ti_sysbios_BIOS_removeRTSLock__I                            
2000947d  ti_sysbios_BIOS_rtsLock__I                                  
20009835  ti_sysbios_BIOS_rtsUnlock__I                                
20009a51  ti_sysbios_BIOS_setThreadType__E                            
2000935d  ti_sysbios_BIOS_startFunc__I                                
2000bb18  ti_sysbios_family_arm_m3_Hwi_E_NMI__C                       
2000bb1c  ti_sysbios_family_arm_m3_Hwi_E_busFault__C                  
2000bb20  ti_sysbios_family_arm_m3_Hwi_E_debugMon__C                  
2000bb24  ti_sysbios_family_arm_m3_Hwi_E_hardFault__C                 
2000bb28  ti_sysbios_family_arm_m3_Hwi_E_memFault__C                  
2000bb2c  ti_sysbios_family_arm_m3_Hwi_E_noIsr__C                     
2000bb30  ti_sysbios_family_arm_m3_Hwi_E_reserved__C                  
2000bb34  ti_sysbios_family_arm_m3_Hwi_E_svCall__C                    
2000bb38  ti_sysbios_family_arm_m3_Hwi_E_usageFault__C                
200096ff  ti_sysbios_family_arm_m3_Hwi_Handle__label__S               
2000bb3c  ti_sysbios_family_arm_m3_Hwi_LD_end__C                      
2000bb40  ti_sysbios_family_arm_m3_Hwi_LM_begin__C                    
20020454  ti_sysbios_family_arm_m3_Hwi_Module_State_0_excActive__A    
20020458  ti_sysbios_family_arm_m3_Hwi_Module_State_0_excContext__A   
2002045c  ti_sysbios_family_arm_m3_Hwi_Module_State_0_excStack__A     
2000bb44  ti_sysbios_family_arm_m3_Hwi_Module__diagsEnabled__C        
2000bb48  ti_sysbios_family_arm_m3_Hwi_Module__diagsIncluded__C       
2000bb4c  ti_sysbios_family_arm_m3_Hwi_Module__diagsMask__C           
2000baf6  ti_sysbios_family_arm_m3_Hwi_Module__id__C                  
2000bd3c  ti_sysbios_family_arm_m3_Hwi_Module__loggerDefined__C       
2000bb50  ti_sysbios_family_arm_m3_Hwi_Module__loggerFxn1__C          
2000bb54  ti_sysbios_family_arm_m3_Hwi_Module__loggerFxn8__C          
2000bb58  ti_sysbios_family_arm_m3_Hwi_Module__loggerObj__C           
20020434  ti_sysbios_family_arm_m3_Hwi_Module__root__V                
2000984d  ti_sysbios_family_arm_m3_Hwi_Module__startupDone__F         
2000984d  ti_sysbios_family_arm_m3_Hwi_Module__startupDone__S         
20020734  ti_sysbios_family_arm_m3_Hwi_Module__state__V               
20006e29  ti_sysbios_family_arm_m3_Hwi_Module_startup__E              
2000bb5c  ti_sysbios_family_arm_m3_Hwi_NUM_INTERRUPTS__C              
2000bb60  ti_sysbios_family_arm_m3_Hwi_Object__count__C               
20009975  ti_sysbios_family_arm_m3_Hwi_Object__get__S                 
2002043c  ti_sysbios_family_arm_m3_Hwi_Object__table__V               
2000bb64  ti_sysbios_family_arm_m3_Hwi_ccr__C                         
20008741  ti_sysbios_family_arm_m3_Hwi_disableInterrupt__E            
20006489  ti_sysbios_family_arm_m3_Hwi_dispatchC__I                   
20020000  ti_sysbios_family_arm_m3_Hwi_dispatchTable                  
20006ef9  ti_sysbios_family_arm_m3_Hwi_dispatch__I                    
20009c11  ti_sysbios_family_arm_m3_Hwi_doSwiRestore__I                
20009381  ti_sysbios_family_arm_m3_Hwi_doTaskRestore__I               
20008789  ti_sysbios_family_arm_m3_Hwi_enableInterrupt__E             
20005de1  ti_sysbios_family_arm_m3_Hwi_excBusFault__I                 
20007161  ti_sysbios_family_arm_m3_Hwi_excDebugMon__I                 
20004311  ti_sysbios_family_arm_m3_Hwi_excDumpRegs__I                 
2000949d  ti_sysbios_family_arm_m3_Hwi_excHandlerAsm__I               
2000bb68  ti_sysbios_family_arm_m3_Hwi_excHandlerFunc__C              
20005519  ti_sysbios_family_arm_m3_Hwi_excHandlerMax__I               
200094c1  ti_sysbios_family_arm_m3_Hwi_excHandler__I                  
20007221  ti_sysbios_family_arm_m3_Hwi_excHardFault__I                
2000baf8  ti_sysbios_family_arm_m3_Hwi_excHookFuncs__A                
2000bb6c  ti_sysbios_family_arm_m3_Hwi_excHookFuncs__C                
200060c1  ti_sysbios_family_arm_m3_Hwi_excMemFault__I                 
20008de1  ti_sysbios_family_arm_m3_Hwi_excNmi__I                      
20008cc9  ti_sysbios_family_arm_m3_Hwi_excNoIsr__I                    
200087d1  ti_sysbios_family_arm_m3_Hwi_excReserved__I                 
20008bd1  ti_sysbios_family_arm_m3_Hwi_excSvCall__I                   
20005f59  ti_sysbios_family_arm_m3_Hwi_excUsageFault__I               
20008979  ti_sysbios_family_arm_m3_Hwi_getStackInfo__E                
20007c79  ti_sysbios_family_arm_m3_Hwi_initNVIC__E                    
20008819  ti_sysbios_family_arm_m3_Hwi_initStacks__E                  
2000bb70  ti_sysbios_family_arm_m3_Hwi_nullIsrFunc__C                 
e000e000  ti_sysbios_family_arm_m3_Hwi_nvic                           
20009719  ti_sysbios_family_arm_m3_Hwi_pendSV__I                      
2000bb74  ti_sysbios_family_arm_m3_Hwi_priGroup__C                    
20004000  ti_sysbios_family_arm_m3_Hwi_resetVectors                   
20009731  ti_sysbios_family_arm_m3_Hwi_return                         
20009c19  ti_sysbios_family_arm_m3_Hwi_startup__E                     
20009989  ti_sysbios_family_arm_m3_Hwi_switchFromBootStack__E         
20005ddd  ti_sysbios_family_arm_m3_TaskSupport_Module__startupDone__S 
20008605  ti_sysbios_family_arm_m3_TaskSupport_buildTaskStack         
20009b81  ti_sysbios_family_arm_m3_TaskSupport_checkStack__E          
20009a61  ti_sysbios_family_arm_m3_TaskSupport_glue                   
20008fc1  ti_sysbios_family_arm_m3_TaskSupport_start__E               
20009a71  ti_sysbios_family_arm_m3_TaskSupport_swap__E                
2000bb78  ti_sysbios_family_arm_m3_Timer_E_cannotSupport__C           
2000bd3e  ti_sysbios_family_arm_m3_Timer_Module__id__C                
20020460  ti_sysbios_family_arm_m3_Timer_Module__root__V              
20009865  ti_sysbios_family_arm_m3_Timer_Module__startupDone__F       
20009865  ti_sysbios_family_arm_m3_Timer_Module__startupDone__S       
20020468  ti_sysbios_family_arm_m3_Timer_Module__state__V             
20008b51  ti_sysbios_family_arm_m3_Timer_Module_startup__E            
20020768  ti_sysbios_family_arm_m3_Timer_Object__table__V             
20009c39  ti_sysbios_family_arm_m3_Timer_getMaxTicks__E               
20008861  ti_sysbios_family_arm_m3_Timer_initDevice__I                
20008e19  ti_sysbios_family_arm_m3_Timer_periodicStub__I              
20008419  ti_sysbios_family_arm_m3_Timer_setPeriod__E                 
20008471  ti_sysbios_family_arm_m3_Timer_start__E                     
2000bb7c  ti_sysbios_family_arm_m3_Timer_startupNeeded__C             
200093a9  ti_sysbios_family_arm_m3_Timer_startup__E                   
20020474  ti_sysbios_family_arm_m3_TimestampProvider_Module__state__V 
200094e1  ti_sysbios_family_arm_m3_TimestampProvider_Module_startup__E
2000bd40  ti_sysbios_family_arm_m3_TimestampProvider_configTimer__C   
20007d89  ti_sysbios_family_arm_m3_TimestampProvider_get64__E         
20009601  ti_sysbios_family_xxx_Hwi_switchAndRunFunc                  
20009733  ti_sysbios_gates_GateHwi_Handle__label__S                   
20009c59  ti_sysbios_gates_GateHwi_Instance_init__E                   
2000b90c  ti_sysbios_gates_GateHwi_Module__FXNS__C                    
20020478  ti_sysbios_gates_GateHwi_Module__root__V                    
2000b9c0  ti_sysbios_gates_GateHwi_Object__DESC__C                    
2000ba80  ti_sysbios_gates_GateHwi_Object__PARAMS__C                  
20008ff1  ti_sysbios_gates_GateHwi_Object__create__S                  
20009501  ti_sysbios_gates_GateHwi_Object__delete__S                  
20020480  ti_sysbios_gates_GateHwi_Object__table__V                   
20009b91  ti_sysbios_gates_GateHwi_enter__E                           
20009c21  ti_sysbios_gates_GateHwi_leave__E                           
20009c41  ti_sysbios_gates_GateHwi_query__E                           
2000bb80  ti_sysbios_gates_GateMutex_A_badContext__C                  
2000974d  ti_sysbios_gates_GateMutex_Handle__label__S                 
2000bb84  ti_sysbios_gates_GateMutex_Instance_State_sem__O            
20009a81  ti_sysbios_gates_GateMutex_Instance_finalize__E             
20009621  ti_sysbios_gates_GateMutex_Instance_init__E                 
2000b930  ti_sysbios_gates_GateMutex_Module__FXNS__C                  
2000bb88  ti_sysbios_gates_GateMutex_Module__diagsEnabled__C          
2000bb8c  ti_sysbios_gates_GateMutex_Module__diagsIncluded__C         
2000bb90  ti_sysbios_gates_GateMutex_Module__diagsMask__C             
2000bd42  ti_sysbios_gates_GateMutex_Module__id__C                    
20020484  ti_sysbios_gates_GateMutex_Module__root__V                  
2000b9e0  ti_sysbios_gates_GateMutex_Object__DESC__C                  
2000ba98  ti_sysbios_gates_GateMutex_Object__PARAMS__C                
20009021  ti_sysbios_gates_GateMutex_Object__create__S                
200093cd  ti_sysbios_gates_GateMutex_Object__delete__S                
200206fc  ti_sysbios_gates_GateMutex_Object__table__V                 
200073a1  ti_sysbios_gates_GateMutex_enter__E                         
20009881  ti_sysbios_gates_GateMutex_leave__E                         
20009c49  ti_sysbios_gates_GateMutex_query__E                         
2000bb94  ti_sysbios_hal_Hwi_E_stackOverflow__C                       
200096ff  ti_sysbios_hal_Hwi_HwiProxy_Handle__label__S                
2000984d  ti_sysbios_hal_Hwi_HwiProxy_Module__startupDone__S          
20008741  ti_sysbios_hal_Hwi_HwiProxy_disableInterrupt__E             
20008789  ti_sysbios_hal_Hwi_HwiProxy_enableInterrupt__E              
20008979  ti_sysbios_hal_Hwi_HwiProxy_getStackInfo__E                 
20009c19  ti_sysbios_hal_Hwi_HwiProxy_startup__E                      
20009989  ti_sysbios_hal_Hwi_HwiProxy_switchFromBootStack__E          
2000bd44  ti_sysbios_hal_Hwi_Module__id__C                            
2002048c  ti_sysbios_hal_Hwi_Module__root__V                          
200099d9  ti_sysbios_hal_Hwi_Module_startup__E                        
20008e51  ti_sysbios_hal_Hwi_checkStack                               
20008ef1  ti_sysbios_hal_Hwi_initStack                                
20020494  ti_sysbios_hal_Timer_Module__root__V                        
200099f1  ti_sysbios_hal_Timer_Module_startup__E                      
20009865  ti_sysbios_hal_Timer_TimerProxy_Module__startupDone__S      
200093a9  ti_sysbios_hal_Timer_TimerProxy_startup__E                  
2000bb98  ti_sysbios_heaps_HeapMem_A_align__C                         
2000bb9c  ti_sysbios_heaps_HeapMem_A_heapSize__C                      
2000bba0  ti_sysbios_heaps_HeapMem_A_invalidFree__C                   
2000bba4  ti_sysbios_heaps_HeapMem_A_zeroBlock__C                     
2000bba8  ti_sysbios_heaps_HeapMem_E_memory__C                        
20009767  ti_sysbios_heaps_HeapMem_Handle__label__S                   
20017000  ti_sysbios_heaps_HeapMem_Instance_State_0_buf__A            
20006349  ti_sysbios_heaps_HeapMem_Instance_init__E                   
2000974d  ti_sysbios_heaps_HeapMem_Module_GateProxy_Handle__label__S  
200093cd  ti_sysbios_heaps_HeapMem_Module_GateProxy_Object__delete__S 
20005f55  ti_sysbios_heaps_HeapMem_Module_GateProxy_enter__E          
200060bd  ti_sysbios_heaps_HeapMem_Module_GateProxy_leave__E          
20009c49  ti_sysbios_heaps_HeapMem_Module_GateProxy_query__E          
2000b8e4  ti_sysbios_heaps_HeapMem_Module__FXNS__C                    
2000bbac  ti_sysbios_heaps_HeapMem_Module__diagsEnabled__C            
2000bbb0  ti_sysbios_heaps_HeapMem_Module__diagsIncluded__C           
2000bbb4  ti_sysbios_heaps_HeapMem_Module__diagsMask__C               
2000bbb8  ti_sysbios_heaps_HeapMem_Module__gateObj__C                 
2000bd46  ti_sysbios_heaps_HeapMem_Module__id__C                      
2002049c  ti_sysbios_heaps_HeapMem_Module__root__V                    
2000ba00  ti_sysbios_heaps_HeapMem_Object__DESC__C                    
2000b954  ti_sysbios_heaps_HeapMem_Object__PARAMS__C                  
2000bbbc  ti_sysbios_heaps_HeapMem_Object__count__C                   
20009051  ti_sysbios_heaps_HeapMem_Object__create__S                  
20009521  ti_sysbios_heaps_HeapMem_Object__delete__S                  
2000999d  ti_sysbios_heaps_HeapMem_Object__get__S                     
200204a4  ti_sysbios_heaps_HeapMem_Object__table__V                   
200052d1  ti_sysbios_heaps_HeapMem_alloc__E                           
20005079  ti_sysbios_heaps_HeapMem_free__E                            
20008651  ti_sysbios_heaps_HeapMem_getStats__E                        
20008c11  ti_sysbios_heaps_HeapMem_init__I                            
20009c29  ti_sysbios_heaps_HeapMem_isBlocking__E                      
2000bbc0  ti_sysbios_heaps_HeapMem_reqAlign__C                        
2000bbc4  ti_sysbios_knl_Clock_LM_begin__C                            
2000bbc8  ti_sysbios_knl_Clock_LM_tick__C                             
2000bbcc  ti_sysbios_knl_Clock_LW_delayed__C                          
2000bbd0  ti_sysbios_knl_Clock_Module_State_clockQ__O                 
2000bbd4  ti_sysbios_knl_Clock_Module__diagsEnabled__C                
2000bbd8  ti_sysbios_knl_Clock_Module__diagsIncluded__C               
2000bbdc  ti_sysbios_knl_Clock_Module__diagsMask__C                   
2000bd48  ti_sysbios_knl_Clock_Module__id__C                          
2000bd4a  ti_sysbios_knl_Clock_Module__loggerDefined__C               
2000bbe0  ti_sysbios_knl_Clock_Module__loggerFxn1__C                  
2000bbe4  ti_sysbios_knl_Clock_Module__loggerFxn2__C                  
2000bbe8  ti_sysbios_knl_Clock_Module__loggerObj__C                   
200204bc  ti_sysbios_knl_Clock_Module__root__V                        
200207c8  ti_sysbios_knl_Clock_Module__state__V                       
200093f1  ti_sysbios_knl_Clock_Module_startup__E                      
20009865  ti_sysbios_knl_Clock_TimerProxy_Module__startupDone__S      
20006485  ti_sysbios_knl_Clock_TimerProxy_getMaxTicks__E              
200093a9  ti_sysbios_knl_Clock_TimerProxy_startup__E                  
2000916d  ti_sysbios_knl_Clock_doTick__I                              
200081e9  ti_sysbios_knl_Clock_logTick__E                             
200066f9  ti_sysbios_knl_Clock_workFunc__E                            
200204c4  ti_sysbios_knl_Event_Module__root__V                        
2000bbec  ti_sysbios_knl_Idle_funcList__A                             
2000bb00  ti_sysbios_knl_Idle_funcList__C                             
20009b51  ti_sysbios_knl_Idle_loop__E                                 
20009541  ti_sysbios_knl_Idle_run__E                                  
[...]
20009bcd  xdc_runtime_Memory_getMaxDefaultTypeAlign__E                
20009bd9  IntMasterEnable                                             
20009be3  xdc_runtime_Memory_HeapProxy_alloc__E                       
20009bed  xdc_runtime_Memory_HeapProxy_free__E                        
20009bf7  xdc_runtime_LoggerBuf_disable__E                            
20009c01  xdc_runtime_LoggerBuf_enable__E                             
20009c11  ti_sysbios_family_arm_m3_Hwi_doSwiRestore__I                
20009c19  ti_sysbios_family_arm_m3_Hwi_startup__E                     
20009c19  ti_sysbios_hal_Hwi_HwiProxy_startup__E                      
20009c21  ti_sysbios_gates_GateHwi_leave__E                           
20009c29  ti_sysbios_heaps_HeapMem_isBlocking__E                      
20009c31  ti_sysbios_knl_Queue_Instance_init__E                       
20009c39  ti_sysbios_family_arm_m3_Timer_getMaxTicks__E               
20009c41  ti_sysbios_gates_GateHwi_query__E                           
20009c41  xdc_runtime_LoggerBuf_Module_GateProxy_query__E             
20009c41  xdc_runtime_Main_Module_GateProxy_query__E                  
20009c41  xdc_runtime_System_Module_GateProxy_query__E                
20009c49  ti_sysbios_BIOS_RtsGateProxy_query__E                       
20009c49  ti_sysbios_gates_GateMutex_query__E                         
20009c49  ti_sysbios_heaps_HeapMem_Module_GateProxy_query__E          
20009c51  ti_sysbios_knl_Task_startup__E                              
20009c59  ti_sysbios_gates_GateHwi_Instance_init__E                   
20009c5c  xdc_runtime_Text_charTab__A                                 
2000b527  xdc_runtime_Error_policy__C                                 
2000b628  xdc_runtime_Text_nodeTab__A                                 
2000b850  xdc_runtime_LoggerBuf_Module__FXNS__C                       
2000b88c  xdc_runtime_Startup_sfxnTab__A                              
2000b8e4  ti_sysbios_heaps_HeapMem_Module__FXNS__C                    
2000b90c  ti_sysbios_gates_GateHwi_Module__FXNS__C                    
2000b930  ti_sysbios_gates_GateMutex_Module__FXNS__C                  
2000b954  ti_sysbios_heaps_HeapMem_Object__PARAMS__C                  
2000b978  ti_sysbios_knl_Semaphore_Object__PARAMS__C                  
2000b99c  xdc_runtime_LoggerBuf_Object__PARAMS__C                     
2000b9c0  ti_sysbios_gates_GateHwi_Object__DESC__C                    
2000b9e0  ti_sysbios_gates_GateMutex_Object__DESC__C                  
2000ba00  ti_sysbios_heaps_HeapMem_Object__DESC__C                    
2000ba20  ti_sysbios_knl_Queue_Object__DESC__C                        
2000ba40  ti_sysbios_knl_Semaphore_Object__DESC__C                    
2000ba60  xdc_runtime_LoggerBuf_Object__DESC__C                       
2000ba80  ti_sysbios_gates_GateHwi_Object__PARAMS__C                  
2000ba98  ti_sysbios_gates_GateMutex_Object__PARAMS__C                
2000bab0  ti_sysbios_knl_Queue_Object__PARAMS__C                      
2000bac8  xdc_runtime_Startup_sfxnRts__A                              
2000bae0  xdc_runtime_Startup_firstFxns__A                            
2000baf6  ti_sysbios_family_arm_m3_Hwi_Module__id__C                  
2000baf8  ti_sysbios_family_arm_m3_Hwi_excHookFuncs__A                
2000bb00  ti_sysbios_knl_Idle_funcList__C                             
2000bb08  xdc_runtime_Startup_firstFxns__C                            
2000bb10  xdc_runtime_Startup_lastFxns__C                             
2000bb18  ti_sysbios_family_arm_m3_Hwi_E_NMI__C                       
2000bb1c  ti_sysbios_family_arm_m3_Hwi_E_busFault__C                  
2000bb20  ti_sysbios_family_arm_m3_Hwi_E_debugMon__C                  
2000bb24  ti_sysbios_family_arm_m3_Hwi_E_hardFault__C                 
2000bb28  ti_sysbios_family_arm_m3_Hwi_E_memFault__C                  
2000bb2c  ti_sysbios_family_arm_m3_Hwi_E_noIsr__C                     
2000bb30  ti_sysbios_family_arm_m3_Hwi_E_reserved__C                  
2000bb34  ti_sysbios_family_arm_m3_Hwi_E_svCall__C                    
2000bb38  ti_sysbios_family_arm_m3_Hwi_E_usageFault__C                
2000bb3c  ti_sysbios_family_arm_m3_Hwi_LD_end__C                      
2000bb40  ti_sysbios_family_arm_m3_Hwi_LM_begin__C                    
2000bb44  ti_sysbios_family_arm_m3_Hwi_Module__diagsEnabled__C        
2000bb48  ti_sysbios_family_arm_m3_Hwi_Module__diagsIncluded__C       
2000bb4c  ti_sysbios_family_arm_m3_Hwi_Module__diagsMask__C           
2000bb50  ti_sysbios_family_arm_m3_Hwi_Module__loggerFxn1__C          
2000bb54  ti_sysbios_family_arm_m3_Hwi_Module__loggerFxn8__C          
2000bb58  ti_sysbios_family_arm_m3_Hwi_Module__loggerObj__C           
2000bb5c  ti_sysbios_family_arm_m3_Hwi_NUM_INTERRUPTS__C              
2000bb60  ti_sysbios_family_arm_m3_Hwi_Object__count__C               
2000bb64  ti_sysbios_family_arm_m3_Hwi_ccr__C                         
2000bb68  ti_sysbios_family_arm_m3_Hwi_excHandlerFunc__C              
2000bb6c  ti_sysbios_family_arm_m3_Hwi_excHookFuncs__C                
2000bb70  ti_sysbios_family_arm_m3_Hwi_nullIsrFunc__C                 
2000bb74  ti_sysbios_family_arm_m3_Hwi_priGroup__C                    
2000bb78  ti_sysbios_family_arm_m3_Timer_E_cannotSupport__C           
2000bb7c  ti_sysbios_family_arm_m3_Timer_startupNeeded__C             
2000bb80  ti_sysbios_gates_GateMutex_A_badContext__C                  
2000bb84  ti_sysbios_gates_GateMutex_Instance_State_sem__O            
2000bb88  ti_sysbios_gates_GateMutex_Module__diagsEnabled__C          
2000bb8c  ti_sysbios_gates_GateMutex_Module__diagsIncluded__C         
2000bb90  ti_sysbios_gates_GateMutex_Module__diagsMask__C             
2000bb94  ti_sysbios_hal_Hwi_E_stackOverflow__C                       
2000bb98  ti_sysbios_heaps_HeapMem_A_align__C                         
2000bb9c  ti_sysbios_heaps_HeapMem_A_heapSize__C                      
2000bba0  ti_sysbios_heaps_HeapMem_A_invalidFree__C                   
2000bba4  ti_sysbios_heaps_HeapMem_A_zeroBlock__C                     
2000bba8  ti_sysbios_heaps_HeapMem_E_memory__C                        
2000bbac  ti_sysbios_heaps_HeapMem_Module__diagsEnabled__C            
2000bbb0  ti_sysbios_heaps_HeapMem_Module__diagsIncluded__C           
2000bbb4  ti_sysbios_heaps_HeapMem_Module__diagsMask__C               
2000bbb8  ti_sysbios_heaps_HeapMem_Module__gateObj__C                 
2000bbbc  ti_sysbios_heaps_HeapMem_Object__count__C                   
2000bbc0  ti_sysbios_heaps_HeapMem_reqAlign__C                        
2000bbc4  ti_sysbios_knl_Clock_LM_begin__C                            
2000bbc8  ti_sysbios_knl_Clock_LM_tick__C                             
2000bbcc  ti_sysbios_knl_Clock_LW_delayed__C                          
2000bbd0  ti_sysbios_knl_Clock_Module_State_clockQ__O                 
2000bbd4  ti_sysbios_knl_Clock_Module__diagsEnabled__C                
2000bbd8  ti_sysbios_knl_Clock_Module__diagsIncluded__C               
2000bbdc  ti_sysbios_knl_Clock_Module__diagsMask__C                   
2000bbe0  ti_sysbios_knl_Clock_Module__loggerFxn1__C                  
2000bbe4  ti_sysbios_knl_Clock_Module__loggerFxn2__C                  
2000bbe8  ti_sysbios_knl_Clock_Module__loggerObj__C                   
2000bbec  ti_sysbios_knl_Idle_funcList__A                             
2000bbf0  ti_sysbios_knl_Mailbox_Instance_State_freeQue__O            
2000bbf4  ti_sysbios_knl_Mailbox_Object__count__C                     
2000bbf8  ti_sysbios_knl_Mailbox_maxTypeAlign__C                      
2000bbfc  ti_sysbios_knl_Semaphore_A_badContext__C                    
2000bc00  ti_sysbios_knl_Semaphore_A_noEvents__C                      
2000bc04  ti_sysbios_knl_Semaphore_A_overflow__C                      
2000bc08  ti_sysbios_knl_Semaphore_A_pendTaskDisabled__C              
2000bc0c  ti_sysbios_knl_Semaphore_Instance_State_pendQ__O            
2000bc10  ti_sysbios_knl_Semaphore_LM_pend__C                         
2000bc14  ti_sysbios_knl_Semaphore_LM_post__C                         
2000bc18  ti_sysbios_knl_Semaphore_Module__diagsEnabled__C            
2000bc1c  ti_sysbios_knl_Semaphore_Module__diagsIncluded__C           
2000bc20  ti_sysbios_knl_Semaphore_Module__diagsMask__C               
2000bc24  ti_sysbios_knl_Semaphore_Module__loggerFxn2__C              
2000bc28  ti_sysbios_knl_Semaphore_Module__loggerFxn4__C              
2000bc2c  ti_sysbios_knl_Semaphore_Module__loggerObj__C               
2000bc30  ti_sysbios_knl_Swi_LD_end__C                                
2000bc34  ti_sysbios_knl_Swi_LM_begin__C                              
2000bc38  ti_sysbios_knl_Swi_LM_post__C                               
2000bc3c  ti_sysbios_knl_Swi_Module__diagsEnabled__C                  
2000bc40  ti_sysbios_knl_Swi_Module__diagsIncluded__C                 
2000bc44  ti_sysbios_knl_Swi_Module__diagsMask__C                     
2000bc48  ti_sysbios_knl_Swi_Module__loggerFxn1__C                    
2000bc4c  ti_sysbios_knl_Swi_Module__loggerFxn4__C                    
2000bc50  ti_sysbios_knl_Swi_Module__loggerObj__C                     
2000bc54  ti_sysbios_knl_Swi_Object__count__C                         
2000bc58  ti_sysbios_knl_Task_E_spOutOfBounds__C                      
2000bc5c  ti_sysbios_knl_Task_E_stackOverflow__C                      
2000bc60  ti_sysbios_knl_Task_LD_block__C                             
2000bc64  ti_sysbios_knl_Task_LD_exit__C                              
2000bc68  ti_sysbios_knl_Task_LD_ready__C                             
2000bc6c  ti_sysbios_knl_Task_LM_switch__C                            
2000bc70  ti_sysbios_knl_Task_Module_State_inactiveQ__O               
2000bc74  ti_sysbios_knl_Task_Module__diagsEnabled__C                 
2000bc78  ti_sysbios_knl_Task_Module__diagsIncluded__C                
2000bc7c  ti_sysbios_knl_Task_Module__diagsMask__C                    
2000bc80  ti_sysbios_knl_Task_Module__loggerFxn2__C                   
2000bc84  ti_sysbios_knl_Task_Module__loggerFxn4__C                   
2000bc88  ti_sysbios_knl_Task_Module__loggerObj__C                    
2000bc8c  ti_sysbios_knl_Task_Object__count__C                        
2000bc90  ti_sysbios_knl_Task_allBlockedFunc__C                       
2000bc94  ti_sysbios_knl_Task_numConstructedTasks__C                  
2000bc98  xdc_runtime_Assert_E_assertFailed__C                        
2000bc9c  xdc_runtime_Core_A_initializedParams__C                     
2000bca0  xdc_runtime_Core_Module__diagsEnabled__C                    
2000bca4  xdc_runtime_Core_Module__diagsIncluded__C                   
2000bca8  xdc_runtime_Core_Module__diagsMask__C                       
2000bcac  xdc_runtime_Error_E_memory__C                               
2000bcb0  xdc_runtime_Error_Module__diagsEnabled__C                   
2000bcb4  xdc_runtime_Error_Module__diagsIncluded__C                  
2000bcb8  xdc_runtime_Error_Module__diagsMask__C                      
2000bcbc  xdc_runtime_Error_Module__loggerFxn8__C                     
2000bcc0  xdc_runtime_Error_Module__loggerObj__C                      
2000bcc4  xdc_runtime_Error_policyFxn__C                              
2000bcc8  xdc_runtime_Error_raiseHook__C                              
2000bccc  xdc_runtime_IFilterLogger_Interface__BASE__C                
2000bcd0  xdc_runtime_IGateProvider_Interface__BASE__C                
2000bcd4  xdc_runtime_IHeap_Interface__BASE__C                        
2000bcd8  xdc_runtime_ILogger_Interface__BASE__C                      
2000bcdc  xdc_runtime_IModule_Interface__BASE__C                      
2000bce0  xdc_runtime_Log_L_error__C                                  
2000bce4  xdc_runtime_LoggerBuf_E_badLevel__C                         
2000bce8  xdc_runtime_LoggerBuf_Module__gateObj__C                    
2000bcec  xdc_runtime_LoggerBuf_Object__count__C                      
2000bcf0  xdc_runtime_LoggerBuf_statusLogger__C                       
2000bcf4  xdc_runtime_Memory_defaultHeapInstance__C                   
2000bcf8  xdc_runtime_Startup_execImpl__C                             
2000bcfc  xdc_runtime_Startup_maxPasses__C                            
2000bd00  xdc_runtime_Startup_sfxnRts__C                              
2000bd04  xdc_runtime_Startup_sfxnTab__C                              
2000bd08  xdc_runtime_SysMin_bufSize__C                               
2000bd0c  xdc_runtime_SysMin_outputFunc__C                            
2000bd10  xdc_runtime_System_Module__gateObj__C                       
2000bd14  xdc_runtime_System_abortFxn__C                              
2000bd18  xdc_runtime_System_exitFxn__C                               
2000bd1c  xdc_runtime_System_extendFxn__C                             
2000bd20  xdc_runtime_System_maxAtexitHandlers__C                     
2000bd24  xdc_runtime_Text_charTab__C                                 
2000bd28  xdc_runtime_Text_nameEmpty__C                               
2000bd2c  xdc_runtime_Text_nameStatic__C                              
2000bd30  xdc_runtime_Text_nameUnknown__C                             
2000bd34  xdc_runtime_Text_nodeTab__C                                 
2000bd38  xdc_runtime_Text_visitRopeFxn__C                            
2000bd3c  ti_sysbios_family_arm_m3_Hwi_Module__loggerDefined__C       
2000bd3e  ti_sysbios_family_arm_m3_Timer_Module__id__C                
2000bd40  ti_sysbios_family_arm_m3_TimestampProvider_configTimer__C   
2000bd42  ti_sysbios_gates_GateMutex_Module__id__C                    
2000bd44  ti_sysbios_hal_Hwi_Module__id__C                            
2000bd46  ti_sysbios_heaps_HeapMem_Module__id__C                      
2000bd48  ti_sysbios_knl_Clock_Module__id__C                          
2000bd4a  ti_sysbios_knl_Clock_Module__loggerDefined__C               
2000bd4c  ti_sysbios_knl_Semaphore_Module__id__C                      
2000bd4e  ti_sysbios_knl_Semaphore_Module__loggerDefined__C           
2000bd50  ti_sysbios_knl_Swi_Module__id__C                            
2000bd52  ti_sysbios_knl_Swi_Module__loggerDefined__C                 
2000bd54  ti_sysbios_knl_Task_Module__id__C                           
2000bd56  ti_sysbios_knl_Task_Module__loggerDefined__C                
2000bd58  xdc_runtime_Core_Module__id__C                              
2000bd5a  xdc_runtime_Error_Module__loggerDefined__C                  
2000bd5c  xdc_runtime_Error_maxDepth__C                               
2000bd5e  xdc_runtime_LoggerBuf_Module__id__C                         
2000bd60  xdc_runtime_LoggerBuf_filterByLevel__C                      
2000bd62  xdc_runtime_Memory_Module__id__C                            
2000bd64  xdc_runtime_SysMin_flushAtExit__C                           
2000bd66  xdc_runtime_Text_charCnt__C                                 
2000bd68  xdc_runtime_Text_isLoaded__C                                
2000bd6a  xdc_runtime_Text_registryModsLastId__C                      
2000bd6c  xdc_runtime_Text_unnamedModsLastId__C                       
2000bd70  __TI_static_base__                                          
2000c098  __TI_Handler_Table_Base                                     
2000c0a4  __TI_Handler_Table_Limit                                    
2000c0b0  __TI_CINIT_Base                                             
2000c0c0  __TI_CINIT_Limit                                            
20017000  ti_sysbios_heaps_HeapMem_Instance_State_0_buf__A            
2001f000  ti_sysbios_knl_Task_Instance_State_0_stack__A               
2001f800  xdc_runtime_LoggerBuf_Instance_State_0_entryArr__A          
2001fc00  xdc_runtime_SysMin_Module_State_0_outbuf__A                 
20020000  ti_sysbios_family_arm_m3_Hwi_dispatchTable                  
2002030c  __CIOBUF_                                                   
20020434  ti_sysbios_family_arm_m3_Hwi_Module__root__V                
2002043c  ti_sysbios_family_arm_m3_Hwi_Object__table__V               
20020454  ti_sysbios_family_arm_m3_Hwi_Module_State_0_excActive__A    
20020458  ti_sysbios_family_arm_m3_Hwi_Module_State_0_excContext__A   
2002045c  ti_sysbios_family_arm_m3_Hwi_Module_State_0_excStack__A     
20020460  ti_sysbios_family_arm_m3_Timer_Module__root__V              
20020468  ti_sysbios_family_arm_m3_Timer_Module__state__V             
20020474  ti_sysbios_family_arm_m3_TimestampProvider_Module__state__V 
20020478  ti_sysbios_gates_GateHwi_Module__root__V                    
20020480  ti_sysbios_gates_GateHwi_Object__table__V                   
20020484  ti_sysbios_gates_GateMutex_Module__root__V                  
2002048c  ti_sysbios_hal_Hwi_Module__root__V                          
20020494  ti_sysbios_hal_Timer_Module__root__V                        
2002049c  ti_sysbios_heaps_HeapMem_Module__root__V                    
200204a4  ti_sysbios_heaps_HeapMem_Object__table__V                   
200204bc  ti_sysbios_knl_Clock_Module__root__V                        
200204c4  ti_sysbios_knl_Event_Module__root__V                        
200204cc  ti_sysbios_knl_Mailbox_Module__root__V                      
200204d4  ti_sysbios_knl_Queue_Module__root__V                        
200204dc  ti_sysbios_knl_Semaphore_Module__root__V                    
200204e4  ti_sysbios_knl_Swi_Module__root__V                          
200204ec  ti_sysbios_knl_Swi_Module__state__V                         
20020508  ti_sysbios_knl_Task_Module__root__V                         
20020510  ti_sysbios_knl_Task_Module_State_0_idleTask__A              
20020514  xdc_runtime_Error_Module__state__V                          
20020518  xdc_runtime_LoggerBuf_Module__root__V                       
20020520  xdc_runtime_LoggerBuf_Module__state__V                      
20020528  xdc_runtime_Memory_Module__state__V                         
2002052c  xdc_runtime_Registry_Module__state__V                       
20020534  xdc_runtime_Startup_Module__state__V                        
2002053c  xdc_runtime_SysMin_Module__state__V                         
20020548  xdc_runtime_System_Module_State_0_atexitHandlers__A         
20020558  xdc_runtime_System_Module__state__V                         
20020560  xdc_runtime_Text_Module__state__V                           
20020568  __xdc__init__addr                                           
2002056c  ti_sysbios_knl_Swi_Module_State_0_readyQ__A                 
200205ec  ti_sysbios_knl_Task_Module_State_0_readyQ__A                
2002066c  ti_sysbios_knl_Task_Object__table__V                        
200206b8  ti_sysbios_knl_Task_Module__state__V                        
200206fc  ti_sysbios_gates_GateMutex_Object__table__V                 
20020734  ti_sysbios_family_arm_m3_Hwi_Module__state__V               
20020768  ti_sysbios_family_arm_m3_Timer_Object__table__V             
20020798  ti_sysbios_knl_Swi_Object__table__V                         
200207c8  ti_sysbios_knl_Clock_Module__state__V                       
200207f4  ti_sysbios_BIOS_Module__state__V                            
20020818  xdc_runtime_LoggerBuf_Object__table__V                      
2002083c  _lock                                                       
20020840  _unlock                                                     
20020844  __TI_cleanup_ptr                                            
20020848  __TI_dtors_ptr                                              
2002084c  main_func_sp                                                
2002e000  __stack                                                     
20030000  __STACK_END                                                 
e000e000  ti_sysbios_family_arm_m3_Hwi_nvic                           
ffffffff  __binit__                                                   
ffffffff  __c_args__                                                  
ffffffff  binit                                                       
UNDEFED   SHT$$INIT_ARRAY$$Base                                       
UNDEFED   SHT$$INIT_ARRAY$$Limit                                      

[603 symbols]
