******************************************************************************
                  TI ARM Linker PC v5.2.5                      
******************************************************************************
>> Linked Sun Sep 18 05:31:42 2016

OUTPUT FILE NAME:   <Fountain.out>
ENTRY POINT SYMBOL: "_c_int00"  address: 20009a2d


MEMORY CONFIGURATION

         name            origin    length      used     unused   attr    fill
----------------------  --------  ---------  --------  --------  ----  --------
  SRAM_CODE             20004000   00013000  00009564  00009a9c  RW X
  SRAM_DATA             20017000   00019000  0000b9d9  0000d627  RW X


SEGMENT ALLOCATION MAP

run origin  load origin   length   init length attrs members
----------  ----------- ---------- ----------- ----- -------
20004000    20004000    00009570   00009570    r-x
  20004000    20004000    0000030c   0000030c    r-- .resetVecs
  20004310    20004310    00006d42   00006d42    r-x .text
  2000b058    2000b058    00002196   00002196    r-- .const
  2000d1f0    2000d1f0    00000380   00000380    r-- .cinit
20017000    20017000    000099d9   00000000    rw-
  20017000    20017000    00009480   00000000    rw- .bss
  20020480    20020480    00000559   00000000    rw- .data
2002e000    2002e000    00002000   00000000    rw-
  2002e000    2002e000    00002000   00000000    rw- .stack


SECTION ALLOCATION MAP

 output                                  attributes/
section   page    origin      length       input sections
--------  ----  ----------  ----------   ----------------
.init_array 
*          0    20004000    00000000     UNINITIALIZED

.resetVecs 
*          0    20004000    0000030c     
                  20004000    0000030c     app_pem4.oem4 (.resetVecs)

.text      0    20004310    00006d42     
                  20004310    00000430     sysbios.aem4 : BIOS.obj (.text:ti_sysbios_family_arm_m3_Hwi_excDumpRegs__I)
                  20004740    00000388     Foutain.obj (.text)
                  20004ac8    0000034c     ti.targets.arm.rtsarm.aem4 : System.oem4 (.text:xdc_runtime_System_doPrint__I)
                  20004e14    00000004     app_pem4.oem4 (.text:ti_sysbios_BIOS_RtsGateProxy_enter__E)
                  20004e18    00000314     sysbios.aem4 : BIOS.obj (.text:ti_sysbios_knl_Semaphore_pend__E)
                  2000512c    000002d4     rtsv7M4_T_le_eabi.lib : trgdrv.obj (.text)
                  20005400    00000294                           : xsin.obj (.text)
                  20005694    00000004     app_pem4.oem4 (.text:ti_sysbios_BIOS_RtsGateProxy_leave__E)
                  20005698    00000254     sysbios.aem4 : BIOS.obj (.text:ti_sysbios_heaps_HeapMem_free__E)
                  200058ec    00000004     app_pem4.oem4 (.text:ti_sysbios_family_arm_m3_TaskSupport_Module__startupDone__S)
                  200058f0    00000248     sysbios.aem4 : BIOS.obj (.text:ti_sysbios_heaps_HeapMem_alloc__E)
                  20005b38    000001fc                  : BIOS.obj (.text:ti_sysbios_family_arm_m3_Hwi_excHandlerMax__I)
                  20005d34    000001c8     rom_pin_mux_config.obj (.text)
                  20005efc    000001b6     rtsv7M4_T_le_eabi.lib : fd_add_t2.obj (.text)
                  200060b2    00000006     driverlib.a : utils.obj (.text:UtilsDelay)
                  200060b8    0000019c     sysbios.aem4 : BIOS.obj (.text:ti_sysbios_knl_Task_Module_startup__E)
                  20006254    00000178     driverlib.a : prcm.obj (.text:PRCMCC3200MCUInit)
                  200063cc    00000004     app_pem4.oem4 (.text:ti_sysbios_heaps_HeapMem_Module_GateProxy_enter__E)
                  200063d0    00000174     sysbios.aem4 : BIOS.obj (.text:ti_sysbios_family_arm_m3_Hwi_excBusFault__I)
                  20006544    00000170     rtsv7M4_T_le_eabi.lib : fmod.obj (.text)
                  200066b4    00000004     app_pem4.oem4 (.text:ti_sysbios_heaps_HeapMem_Module_GateProxy_leave__E)
                  200066b8    00000164     sysbios.aem4 : BIOS.obj (.text:ti_sysbios_family_arm_m3_Hwi_excUsageFault__I)
                  2000681c    00000004     app_pem4.oem4 (.text:ti_sysbios_knl_Clock_TimerProxy_getMaxTicks__E)
                  20006820    00000148     sysbios.aem4 : BIOS.obj (.text:ti_sysbios_family_arm_m3_Hwi_excMemFault__I)
                  20006968    00000140     rtsv7M4_T_le_eabi.lib : sqrt.obj (.text)
                  20006aa8    00000140     sysbios.aem4 : BIOS.obj (.text:ti_sysbios_knl_Semaphore_post__E)
                  20006be8    0000013c                  : BIOS.obj (.text:ti_sysbios_heaps_HeapMem_Instance_init__E)
                  20006d24    00000004     app_pem4.oem4 (.text:ti_sysbios_knl_Queue_destruct)
                  20006d28    00000138     sysbios.aem4 : BIOS.obj (.text:ti_sysbios_family_arm_m3_Hwi_dispatchC__I)
                  20006e60    00000138     ti.targets.arm.rtsarm.aem4 : LoggerBuf.oem4 (.text:xdc_runtime_LoggerBuf_write8__E)
                  20006f98    00000136     rtsv7M4_T_le_eabi.lib : fd_div_t2.obj (.text)
                  200070ce    00000002                           : i_div0.obj (.text)
                  200070d0    00000134     sysbios.aem4 : BIOS.obj (.text:ti_sysbios_knl_Clock_workFunc__E)
                  20007204    00000004     app_pem4.oem4 (.text:ti_sysbios_knl_Semaphore_destruct)
                  20007208    0000011c     sysbios.aem4 : BIOS.obj (.text:ti_sysbios_knl_Swi_run__I)
                  20007324    00000118     ti.targets.arm.rtsarm.aem4 : Error.oem4 (.text:xdc_runtime_Error_policyDefault__E)
                  2000743c    00000110     rtsv7M4_T_le_eabi.lib : xdscale.obj (.text)
                  2000754c    00000100     ti.targets.arm.rtsarm.aem4 : Core-mem.oem4 (.text:xdc_runtime_Core_createObject__I)
                  2000764c    000000fc     rtsv7M4_T_le_eabi.lib : fd_mul_t2.obj (.text)
                  20007748    000000f8     main.obj (.text)
                  20007840    000000f8     ti.targets.arm.rtsarm.aem4 : Startup.oem4 (.text:xdc_runtime_Startup_startMods__I)
                  20007938    000000f8     app_pem4.oem4 (.text:xdc_runtime_System_printfExtend__I)
                  20007a30    000000d4     ti.targets.arm.rtsarm.aem4 : LoggerBuf.oem4 (.text:xdc_runtime_LoggerBuf_write4__E)
                  20007b04    00000004                                : Error.oem4 (.text:xdc_runtime_Error_getSite__E)
                  20007b08    000000d0     sysbios.aem4 : BIOS.obj (.text:ti_sysbios_family_arm_m3_Hwi_Module_startup__E)
                  20007bd8    000000d0                  : m3_Hwi_asm.obj (.text:ti_sysbios_family_arm_m3_Hwi_dispatch__I)
                  20007ca8    000000cc                  : BIOS.obj (.text:ti_sysbios_knl_Task_schedule__I)
                  20007d74    000000cc     ti.targets.arm.rtsarm.aem4 : Core-smem.oem4 (.text:xdc_runtime_Core_constructObject__I)
                  20007e40    000000c0     Frame.obj (.text)
                  20007f00    000000be     rtsv7M4_T_le_eabi.lib : xdnorm.obj (.text)
                  20007fbe    00000002     app_pem4.oem4 (.text:ti_sysbios_BIOS_nullFunc__I)
                  20007fc0    000000bc     sysbios.aem4 : BIOS.obj (.text:ti_sysbios_family_arm_m3_Hwi_excDebugMon__I)
                  2000807c    00000004     app_pem4.oem4 (.text:xdc_runtime_LoggerBuf_Module_GateProxy_enter__E)
                  20008080    000000bc     sysbios.aem4 : BIOS.obj (.text:ti_sysbios_family_arm_m3_Hwi_excHardFault__I)
                  2000813c    00000004     app_pem4.oem4 (.text:xdc_runtime_LoggerBuf_Module_GateProxy_leave__E)
                  20008140    000000bc     sysbios.aem4 : BIOS.obj (.text:ti_sysbios_knl_Task_startCore__E)
                  200081fc    00000004     app_pem4.oem4 (.text:xdc_runtime_System_Module_GateProxy_enter__E)
                  20008200    000000b4     sysbios.aem4 : BIOS.obj (.text:ti_sysbios_gates_GateMutex_enter__E)
                  200082b4    00000004     app_pem4.oem4 (.text:xdc_runtime_System_Module_GateProxy_leave__E)
                  200082b8    000000b4     sysbios.aem4 : BIOS.obj (.text:ti_sysbios_knl_Task_checkStacks__E)
                  2000836c    00000004     ti.targets.arm.rtsarm.aem4 : System.oem4 (.text:xdc_runtime_System_aprintf_va__F)
                  20008370    000000ac     sysbios.aem4 : BIOS.obj (.text:ti_sysbios_knl_Swi_post__E)
                  2000841c    000000a8     driverlib.a : interrupt.obj (.text:IntEnable)
                  200084c4    00000004     ti.targets.arm.rtsarm.aem4 : System.oem4 (.text:xdc_runtime_System_printf_va__F)
                  200084c8    000000a8     sysbios.aem4 : BIOS.obj (.text:ti_sysbios_knl_Task_blockI__E)
                  20008570    000000a0     auto_init.aem4 : auto_init.oem4 (.text)
                  20008610    000000a0     ti.targets.arm.rtsarm.aem4 : Text.oem4 (.text:xdc_runtime_Text_putMod__E)
                  200086b0    0000009c     rtsv7M4_T_le_eabi.lib : memcpy_t2.obj (.text)
                  2000874c    00000002     app_pem4.oem4 (.text:xdc_runtime_Startup_reset__I)
                  2000874e    00000002     --HOLE-- [fill = 0]
                  20008750    0000009c     sysbios.aem4 : BIOS.obj (.text:ti_sysbios_knl_Semaphore_Instance_init__E)
                  200087ec    0000009c     ti.targets.arm.rtsarm.aem4 : LoggerBuf.oem4 (.text:xdc_runtime_LoggerBuf_setFilterLevel__E)
                  20008888    0000009a                                : Text.oem4 (.text:xdc_runtime_Text_putSite__E)
                  20008922    00000006                                : xdc_noinit.oem4 (.text:__xdc__init)
                  20008928    00000094     sysbios.aem4 : BIOS.obj (.text:ti_sysbios_knl_Task_exit__E)
                  200089bc    00000092     rtsv7M4_T_le_eabi.lib : fs_div_t2.obj (.text)
                  20008a4e    00000002     --HOLE-- [fill = 0]
                  20008a50    00000090     sysbios.aem4 : BIOS.obj (.text:ti_sysbios_knl_Task_unblockI__E)
                  20008ae0    00000088     driverlib.a : pin.obj (.text:PinConfigSet)
                  20008b68    00000088     sysbios.aem4 : BIOS.obj (.text:ti_sysbios_family_arm_m3_Hwi_initNVIC__E)
                  20008bf0    00000088                  : BIOS.obj (.text:ti_sysbios_knl_Mailbox_Module_startup__E)
                  20008c78    00000086     rtsv7M4_T_le_eabi.lib : fd_cmp_t2.obj (.text:__aeabi_cdcmple)
                  20008cfe    00000002     --HOLE-- [fill = 0]
                  20008d00    0000007c     sysbios.aem4 : BIOS.obj (.text:ti_sysbios_family_arm_m3_TimestampProvider_get64__E)
                  20008d7c    0000007a     rtsv7M4_T_le_eabi.lib : fs_mul_t2.obj (.text)
                  20008df6    0000007a                           : memset_t2.obj (.text)
                  20008e70    00000074     ti.targets.arm.rtsarm.aem4 : LoggerBuf.oem4 (.text:xdc_runtime_LoggerBuf_getFilterLevel__E)
                  20008ee4    00000070     driverlib.a : timer.obj (.text:TimerIntRegister)
                  20008f54    0000006d     ti.targets.arm.rtsarm.aem4 : System.oem4 (.text:xdc_runtime_System_formatNum__I)
                  20008fc1    00000001     --HOLE-- [fill = 0]
                  20008fc2    00000006     rtsv7M4_T_le_eabi.lib : copy_decompress_rle.obj (.text:decompress:rle24)
                  20008fc8    0000006c     sysbios.aem4 : BIOS.obj (.text:ti_sysbios_knl_Swi_restoreHwi__E)
                  20009034    0000006c     ti.targets.arm.rtsarm.aem4 : Error.oem4 (.text:xdc_runtime_Error_print__E)
                  200090a0    0000006c                                : Memory.oem4 (.text:xdc_runtime_Memory_alloc__E)
                  2000910c    0000006a     rtsv7M4_T_le_eabi.lib : copy_decompress_rle.obj (.text)
                  20009176    00000002     --HOLE-- [fill = 0]
                  20009178    00000068                           : trgmsg.obj (.text)
                  200091e0    00000066                           : xdunscal.obj (.text)
                  20009246    00000066     ti.targets.arm.rtsarm.aem4 : Core-mem.oem4 (.text:xdc_runtime_Core_deleteObject__I)
                  200092ac    00000004     --HOLE-- [fill = 0]
                  200092b0    00000060     sysbios.aem4 : BIOS.obj (.text:ti_sysbios_knl_Clock_logTick__E)
                  20009310    0000005c                  : BIOS.obj (.text:ti_sysbios_knl_Swi_schedule__I)
                  2000936c    0000005c     app_pem4.oem4 (.text:xdc_runtime_LoggerBuf_Object__create__S)
                  200093c8    0000005b     ti.targets.arm.rtsarm.aem4 : Text.oem4 (.text:xdc_runtime_Text_putLab__E)
                  20009423    00000001     --HOLE-- [fill = 0]
                  20009424    00000058     driverlib.a : prcm.obj (.text:PRCMPeripheralReset)
                  2000947c    00000004     --HOLE-- [fill = 0]
                  20009480    00000058     sysbios.aem4 : BIOS.obj (.text:ti_sysbios_family_arm_m3_Timer_setPeriod__E)
                  200094d8    00000054                  : BIOS.obj (.text:ti_sysbios_family_arm_m3_Timer_start__E)
                  2000952c    00000054     ti.targets.arm.rtsarm.aem4 : Assert.oem4 (.text:xdc_runtime_Assert_raise__I)
                  20009580    00000050                                : Startup.oem4 (.text:xdc_runtime_Startup_exec__E)
                  200095d0    00000050                                : Text.oem4 (.text:xdc_runtime_Text_visitRope2__I)
                  20009620    0000004c     rtsv7M4_T_le_eabi.lib : cpy_tbl.obj (.text)
                  2000966c    0000004c     sysbios.aem4 : m3_TaskSupport_asm.obj (.text:ti_sysbios_family_arm_m3_TaskSupport_buildTaskStack)
                  200096b8    0000004c                  : BIOS.obj (.text:ti_sysbios_heaps_HeapMem_getStats__E)
                  20009704    00000004     --HOLE-- [fill = 0]
                  20009708    0000004c                  : BIOS.obj (.text:ti_sysbios_knl_Swi_runLoop__I)
                  20009754    00000004     --HOLE-- [fill = 0]
                  20009758    0000004c                  : BIOS.obj (.text:ti_sysbios_knl_Task_allBlockedFunction__I)
                  200097a4    00000048     rtsv7M4_T_le_eabi.lib : fd_toi_t2.obj (.text)
                  200097ec    00000048                           : fd_tos_t2.obj (.text)
                  20009834    00000004     --HOLE-- [fill = 0]
                  20009838    00000048     sysbios.aem4 : BIOS.obj (.text:ti_sysbios_family_arm_m3_Hwi_disableInterrupt__E)
                  20009880    00000048                  : BIOS.obj (.text:ti_sysbios_family_arm_m3_Hwi_enableInterrupt__E)
                  200098c8    00000048                  : BIOS.obj (.text:ti_sysbios_family_arm_m3_Hwi_excReserved__I)
                  20009910    00000048                  : m3_Hwi_asm_switch.obj (.text:ti_sysbios_family_arm_m3_Hwi_initStacks__E)
                  20009958    00000048                  : BIOS.obj (.text:ti_sysbios_family_arm_m3_Timer_initDevice__I)
                  200099a0    00000046     ti.targets.arm.rtsarm.aem4 : Core-params.oem4 (.text:xdc_runtime_Core_assignParams__I)
                  200099e6    00000002     --HOLE-- [fill = 0]
                  200099e8    00000044     driverlib.a : timer.obj (.text:TimerConfigure)
                  20009a2c    00000044     boot.aem4 : boot.oem4 (.text)
                  20009a70    00000044     rtsv7M4_T_le_eabi.lib : exit.obj (.text)
                  20009ab4    00000044                           : fd_tou_t2.obj (.text)
                  20009af8    00000044     sysbios.aem4 : BIOS.obj (.text:ti_sysbios_family_arm_m3_Hwi_getStackInfo__E)
                  20009b3c    00000044     ti.targets.arm.rtsarm.aem4 : Error.oem4 (.text:xdc_runtime_Error_setX__E)
                  20009b80    00000044                                : LoggerBuf.oem4 (.text:xdc_runtime_LoggerBuf_filterOutEvent__I)
                  20009bc4    00000044                                : SysMin.oem4 (.text:xdc_runtime_SysMin_flush__E)
                  20009c08    00000044                                : Text.oem4 (.text:xdc_runtime_Text_xprintf__I)
                  20009c4c    00000040     driverlib.a : pin.obj (.text:PinModeSet)
                  20009c8c    00000040     rtsv7M4_T_le_eabi.lib : signal.obj (.text)
                  20009ccc    00000040                           : u_divt2.obj (.text)
                  20009d0c    00000004     --HOLE-- [fill = 0]
                  20009d10    00000040     sysbios.aem4 : BIOS.obj (.text:ti_sysbios_family_arm_m3_Timer_Module_startup__E)
                  20009d50    0000003c     driverlib.a : prcm.obj (.text:PRCMPeripheralClkEnable)
                  20009d8c    00000004     --HOLE-- [fill = 0]
                  20009d90    0000003c     sysbios.aem4 : BIOS.obj (.text:ti_sysbios_family_arm_m3_Hwi_excSvCall__I)
                  20009dcc    00000004     --HOLE-- [fill = 0]
                  20009dd0    0000003c                  : BIOS.obj (.text:ti_sysbios_heaps_HeapMem_init__I)
                  20009e0c    00000004     --HOLE-- [fill = 0]
                  20009e10    0000003c                  : BIOS.obj (.text:ti_sysbios_knl_Swi_startup__E)
                  20009e4c    0000003a     ti.targets.arm.rtsarm.aem4 : LoggerBuf.oem4 (.text:xdc_runtime_LoggerBuf_Instance_init__E)
                  20009e86    00000038     rtsv7M4_T_le_eabi.lib : fs_tod_t2.obj (.text)
                  20009ebe    00000002     --HOLE-- [fill = 0]
                  20009ec0    00000038     sysbios.aem4 : BIOS.obj (.text:ti_sysbios_family_arm_m3_Hwi_excNoIsr__I)
                  20009ef8    00000038                  : BIOS.obj (.text:ti_sysbios_knl_Task_processVitalTaskFlag__I)
                  20009f30    00000038     ti.targets.arm.rtsarm.aem4 : SysMin.oem4 (.text:xdc_runtime_SysMin_putch__E)
                  20009f68    00000038                                : System.oem4 (.text:xdc_runtime_System_atexit__E)
                  20009fa0    00000036     driverlib.a : gpio.obj (.text:GPIODirModeSet)
                  20009fd6    00000002     --HOLE-- [fill = 0]
                  20009fd8    00000034     rtsv7M4_T_le_eabi.lib : feraiseexcept.obj (.text)
                  2000a00c    00000004     --HOLE-- [fill = 0]
                  2000a010    00000034     sysbios.aem4 : BIOS.obj (.text:ti_sysbios_family_arm_m3_Hwi_excNmi__I)
                  2000a044    00000004     --HOLE-- [fill = 0]
                  2000a048    00000034                  : BIOS.obj (.text:ti_sysbios_family_arm_m3_Timer_periodicStub__I)
                  2000a07c    00000004     --HOLE-- [fill = 0]
                  2000a080    00000034                  : BIOS.obj (.text:ti_sysbios_hal_Hwi_checkStack)
                  2000a0b4    00000034     ti.targets.arm.rtsarm.aem4 : Core-label.oem4 (.text:xdc_runtime_Core_assignLabel__I)
                  2000a0e8    00000033                                : Text.oem4 (.text:xdc_runtime_Text_printVisFxn__I)
                  2000a11b    00000005     --HOLE-- [fill = 0]
                  2000a120    00000032     sysbios.aem4 : BIOS.obj (.text:ti_sysbios_hal_Hwi_initStack)
                  2000a152    00000006     rtsv7M4_T_le_eabi.lib : sin.obj (.text)
                  2000a158    00000032     sysbios.aem4 : BIOS.obj (.text:ti_sysbios_knl_Semaphore_pendTimeout__I)
                  2000a18a    00000030     driverlib.a : pin.obj (.text:PinTypeGPIO)
                  2000a1ba    00000002     --HOLE-- [fill = 0]
                  2000a1bc    00000030     rtsv7M4_T_le_eabi.lib : xferaise.obj (.text)
                  2000a1ec    00000030     app_pem4.oem4 (.text:ti_sysbios_BIOS_atExitFunc__I)
                  2000a21c    00000004     --HOLE-- [fill = 0]
                  2000a220    00000030     sysbios.aem4 : BIOS.obj (.text:ti_sysbios_family_arm_m3_TaskSupport_start__E)
                  2000a250    00000030     app_pem4.oem4 (.text:ti_sysbios_gates_GateHwi_Object__create__S)
                  2000a280    00000030     app_pem4.oem4 (.text:ti_sysbios_gates_GateMutex_Object__create__S)
                  2000a2b0    00000030     app_pem4.oem4 (.text:ti_sysbios_heaps_HeapMem_Object__create__S)
                  2000a2e0    00000030     app_pem4.oem4 (.text:ti_sysbios_knl_Semaphore_construct)
                  2000a310    00000030     ti.targets.arm.rtsarm.aem4 : SysMin.oem4 (.text:xdc_runtime_SysMin_abort__E)
                  2000a340    00000030                                : System.oem4 (.text:xdc_runtime_System_processAtExit__E)
                  2000a370    0000002e     app_pem4.oem4 (.text:malloc)
                  2000a39e    0000002e     rtsv7M4_T_le_eabi.lib : i_tofd_t2.obj (.text)
                  2000a3cc    0000002e                           : raise.obj (.text)
                  2000a3fa    00000002     --HOLE-- [fill = 0]
                  2000a3fc    0000002c     driverlib.a : prcm.obj (.text:PRCMSysResetCauseGet)
                  2000a428    0000002c     app_pem4.oem4 (.text:ti_sysbios_knl_Clock_doTick__I)
                  2000a454    0000002c     app_pem4.oem4 (.text:ti_sysbios_knl_Queue_construct)
                  2000a480    0000002c     sysbios.aem4 : BIOS.obj (.text:ti_sysbios_knl_Task_restore__E)
                  2000a4ac    0000002c     ti.targets.arm.rtsarm.aem4 : Text.oem4 (.text:xdc_runtime_Text_cordText__E)
                  2000a4d8    0000002a     driverlib.a : timer.obj (.text:TimerLoadSet)
                  2000a502    0000002a                 : timer.obj (.text:TimerPrescaleSet)
                  2000a52c    0000002a     ti.targets.arm.rtsarm.aem4 : System.oem4 (.text:xdc_runtime_System_putchar__I)
                  2000a556    00000002     --HOLE-- [fill = 0]
                  2000a558    00000028     driverlib.a : prcm.obj (.text:PRCMPeripheralClkDisable)
                  2000a580    00000028     sysbios.aem4 : BIOS.obj (.text:ti_sysbios_knl_Swi_Module_startup__E)
                  2000a5a8    00000028     ti.targets.arm.rtsarm.aem4 : LoggerBuf.oem4 (.text:xdc_runtime_LoggerBuf_Module_startup__E)
                  2000a5d0    00000026                                : System.oem4 (.text:xdc_runtime_System_avprintf__E)
                  2000a5f6    00000024     rtsv7M4_T_le_eabi.lib : memmov.obj (.text)
                  2000a61a    00000024                           : u_tofs_t2.obj (.text)
                  2000a63e    00000002     --HOLE-- [fill = 0]
                  2000a640    00000024     app_pem4.oem4 (.text:ti_sysbios_BIOS_errorRaiseHook__I)
                  2000a664    00000024     app_pem4.oem4 (.text:ti_sysbios_BIOS_registerRTSLock__I)
                  2000a688    00000024     app_pem4.oem4 (.text:ti_sysbios_BIOS_removeRTSLock__I)
                  2000a6ac    00000024     app_pem4.oem4 (.text:ti_sysbios_BIOS_startFunc__I)
                  2000a6d0    00000024     sysbios.aem4 : BIOS.obj (.text:ti_sysbios_family_arm_m3_Hwi_doTaskRestore__I)
                  2000a6f4    00000004     --HOLE-- [fill = 0]
                  2000a6f8    00000024                  : BIOS.obj (.text:ti_sysbios_family_arm_m3_Timer_startup__E)
                  2000a71c    00000024     app_pem4.oem4 (.text:ti_sysbios_gates_GateMutex_Object__delete__S)
                  2000a740    00000024     sysbios.aem4 : BIOS.obj (.text:ti_sysbios_knl_Clock_Module_startup__E)
                  2000a764    00000024     ti.targets.arm.rtsarm.aem4 : System.oem4 (.text:xdc_runtime_System_vprintf__E)
                  2000a788    00000022     app_pem4.oem4 (.text:xdc_runtime_SysMin_output__I)
                  2000a7aa    00000020     driverlib.a : gpio.obj (.text:GPIOPinWrite)
                  2000a7ca    00000002     --HOLE-- [fill = 0]
                  2000a7cc    00000020                 : interrupt.obj (.text:IntRegister)
                  2000a7ec    00000020     app_pem4.oem4 (.text:ti_sysbios_BIOS_rtsLock__I)
                  2000a80c    00000020     sysbios.aem4 : m3_Hwi_asm.obj (.text:ti_sysbios_family_arm_m3_Hwi_excHandlerAsm__I)
                  2000a82c    00000004     --HOLE-- [fill = 0]
                  2000a830    00000020                  : BIOS.obj (.text:ti_sysbios_family_arm_m3_Hwi_excHandler__I)
                  2000a850    00000020                  : BIOS.obj (.text:ti_sysbios_family_arm_m3_TimestampProvider_Module_startup__E)
                  2000a870    00000020     app_pem4.oem4 (.text:ti_sysbios_gates_GateHwi_Object__delete__S)
                  2000a890    00000020     app_pem4.oem4 (.text:ti_sysbios_heaps_HeapMem_Object__delete__S)
                  2000a8b0    00000020     sysbios.aem4 : BIOS.obj (.text:ti_sysbios_knl_Idle_run__E)
                  2000a8d0    00000020     app_pem4.oem4 (.text:ti_sysbios_knl_Semaphore_Object__destruct__S)
                  2000a8f0    00000020     app_pem4.oem4 (.text:xdc_runtime_LoggerBuf_Object__delete__S)
                  2000a910    00000020     ti.targets.arm.rtsarm.aem4 : LoggerBuf.oem4 (.text:xdc_runtime_LoggerBuf_reset__E)
                  2000a930    00000020                                : Registry.oem4 (.text:xdc_runtime_Registry_findById__E)
                  2000a950    00000020                                : SysMin.oem4 (.text:xdc_runtime_SysMin_Module_startup__E)
                  2000a970    0000001e     driverlib.a : timer.obj (.text:TimerDisable)
                  2000a98e    0000001e                 : timer.obj (.text:TimerEnable)
                  2000a9ac    0000001e                 : timer.obj (.text:TimerIntStatus)
                  2000a9ca    0000001e     sysbios.aem4 : m3_Hwi_asm_switch.obj (.text:ti_sysbios_family_xxx_Hwi_switchAndRunFunc)
                  2000a9e8    0000001c                  : BIOS.obj (.text:ti_sysbios_gates_GateMutex_Instance_init__E)
                  2000aa04    0000001c     app_pem4.oem4 (.text:ti_sysbios_knl_Queue_Object__destruct__S)
                  2000aa20    0000001c     sysbios.aem4 : BIOS.obj (.text:ti_sysbios_knl_Task_enter__I)
                  2000aa3c    0000001c     ti.targets.arm.rtsarm.aem4 : Error.oem4 (.text:xdc_runtime_Error_raiseX__E)
                  2000aa58    0000001c                                : Memory.oem4 (.text:xdc_runtime_Memory_valloc__E)
                  2000aa74    0000001c                                : SysMin.oem4 (.text:xdc_runtime_SysMin_exit__E)
                  2000aa90    0000001c                                : System.oem4 (.text:xdc_runtime_System_abort__E)
                  2000aaac    0000001a     driverlib.a : pin.obj (.text:PinTypeTimer)
                  2000aac6    0000001a     app_pem4.oem4 (.text:ti_sysbios_family_arm_m3_Hwi_Handle__label__S)
                  2000aae0    0000001a     sysbios.aem4 : m3_Hwi_asm.obj (.text:ti_sysbios_family_arm_m3_Hwi_pendSV__I)
                  2000aafa    0000001a     app_pem4.oem4 (.text:ti_sysbios_gates_GateHwi_Handle__label__S)
                  2000ab14    0000001a     app_pem4.oem4 (.text:ti_sysbios_gates_GateMutex_Handle__label__S)
                  2000ab2e    0000001a     app_pem4.oem4 (.text:ti_sysbios_heaps_HeapMem_Handle__label__S)
                  2000ab48    0000001a     app_pem4.oem4 (.text:ti_sysbios_knl_Swi_Handle__label__S)
                  2000ab62    0000001a     app_pem4.oem4 (.text:ti_sysbios_knl_Task_Handle__label__S)
                  2000ab7c    0000001a     app_pem4.oem4 (.text:xdc_runtime_LoggerBuf_Handle__label__S)
                  2000ab96    0000001a     app_pem4.oem4 (.text:xdc_runtime_System_aprintf__E)
                  2000abb0    0000001a     app_pem4.oem4 (.text:xdc_runtime_System_printf__E)
                  2000abca    00000018     driverlib.a : timer.obj (.text:TimerIntDisable)
                  2000abe2    00000018                 : timer.obj (.text:TimerIntEnable)
                  2000abfa    00000002     --HOLE-- [fill = 0]
                  2000abfc    00000018     rtsv7M4_T_le_eabi.lib : args_main.obj (.text)
                  2000ac14    00000018     app_pem4.oem4 (.text:ti_sysbios_BIOS_rtsUnlock__I)
                  2000ac2c    00000018     app_pem4.oem4 (.text:ti_sysbios_family_arm_m3_Hwi_Module__startupDone__F)
                  2000ac44    00000018     app_pem4.oem4 (.text:ti_sysbios_family_arm_m3_Timer_Module__startupDone__F)
                  2000ac5c    00000004     --HOLE-- [fill = 0]
                  2000ac60    00000018     sysbios.aem4 : BIOS.obj (.text:ti_sysbios_gates_GateMutex_leave__E)
                  2000ac78    00000018     ti.targets.arm.rtsarm.aem4 : Error.oem4 (.text:xdc_runtime_Error_check__E)
                  2000ac90    00000018                                : System.oem4 (.text:xdc_runtime_System_exit__E)
                  2000aca8    00000018                                : Text.oem4 (.text:xdc_runtime_Text_ropeText__E)
                  2000acc0    00000016     driverlib.a : prcm.obj (.text:PRCMHIBRegRead)
                  2000acd6    00000016                 : prcm.obj (.text:PRCMHIBRegWrite)
                  2000acec    00000016     app_pem4.oem4 (.text:ti_sysbios_BIOS_exitFunc__I)
                  2000ad02    00000014     driverlib.a : cpu.obj (.text:CPUcpsie)
                  2000ad16    00000002     --HOLE-- [fill = 0]
                  2000ad18    00000014     rtsv7M4_T_le_eabi.lib : _lock.obj (.text)
                  2000ad2c    00000014                           : strcpy.obj (.text)
                  2000ad40    00000014                           : strlen.obj (.text)
                  2000ad54    00000014     app_pem4.oem4 (.text:ti_sysbios_family_arm_m3_Hwi_Object__get__S)
                  2000ad68    00000014     sysbios.aem4 : BIOS.obj (.text:ti_sysbios_family_arm_m3_Hwi_switchFromBootStack__E)
                  2000ad7c    00000014     app_pem4.oem4 (.text:ti_sysbios_heaps_HeapMem_Object__get__S)
                  2000ad90    00000014     app_pem4.oem4 (.text:ti_sysbios_knl_Swi_Object__get__S)
                  2000ada4    00000014     app_pem4.oem4 (.text:xdc_runtime_LoggerBuf_Object__get__S)
                  2000adb8    00000012     driverlib.a : timer.obj (.text:TimerIntClear)
                  2000adca    00000006     ti.targets.arm.rtsarm.aem4 : System.oem4 (.text:xdc_runtime_System_Module_startup__E)
                  2000add0    00000012     sysbios.aem4 : BIOS.obj (.text:ti_sysbios_hal_Hwi_Module_startup__E)
                  2000ade2    00000006     --HOLE-- [fill = 0]
                  2000ade8    00000012                  : BIOS.obj (.text:ti_sysbios_hal_Timer_Module_startup__E)
                  2000adfa    00000012     ti.targets.arm.rtsarm.aem4 : LoggerBuf.oem4 (.text:xdc_runtime_LoggerBuf_Instance_finalize__E)
                  2000ae0c    00000012                                : LoggerBuf.oem4 (.text:xdc_runtime_LoggerBuf_write1__E)
                  2000ae1e    00000012                                : LoggerBuf.oem4 (.text:xdc_runtime_LoggerBuf_write2__E)
                  2000ae30    00000012     app_pem4.oem4 (.text:xdc_runtime_Startup_exec__I)
                  2000ae42    00000006     --HOLE-- [fill = 0]
                  2000ae48    00000010     sysbios.aem4 : BIOS.obj (.text:ti_sysbios_BIOS_setThreadType__E)
                  2000ae58    00000010                  : m3_TaskSupport_asm.obj (.text:ti_sysbios_family_arm_m3_TaskSupport_glue)
                  2000ae68    00000010                  : m3_TaskSupport_asm.obj (.text:ti_sysbios_family_arm_m3_TaskSupport_swap__E)
                  2000ae78    00000010                  : BIOS.obj (.text:ti_sysbios_gates_GateMutex_Instance_finalize__E)
                  2000ae88    00000010     app_pem4.oem4 (.text:ti_sysbios_knl_Mailbox_Object__get__S)
                  2000ae98    00000010     sysbios.aem4 : BIOS.obj (.text:ti_sysbios_knl_Semaphore_Instance_finalize__E)
                  2000aea8    00000010                  : BIOS.obj (.text:ti_sysbios_knl_Swi_disable__E)
                  2000aeb8    00000010     app_pem4.oem4 (.text:ti_sysbios_knl_Task_Object__get__S)
                  2000aec8    00000010     sysbios.aem4 : BIOS.obj (.text:ti_sysbios_knl_Task_disable__E)
                  2000aed8    00000010     ti.targets.arm.rtsarm.aem4 : Gate.oem4 (.text:xdc_runtime_Gate_leaveSystem__E)
                  2000aee8    00000010                                : LoggerBuf.oem4 (.text:xdc_runtime_LoggerBuf_write0__E)
                  2000aef8    00000010                                : Memory.oem4 (.text:xdc_runtime_Memory_free__E)
                  2000af08    00000010                                : SysMin.oem4 (.text:xdc_runtime_SysMin_ready__E)
                  2000af18    00000010                                : System.oem4 (.text:xdc_runtime_System_vsnprintf__E)
                  2000af28    00000010     app_pem4.oem4 (.text:xdc_runtime_Text_visitRope__I)
                  2000af38    0000000e     rtsv7M4_T_le_eabi.lib : copy_decompress_none.obj (.text:decompress:none)
                  2000af46    00000002     --HOLE-- [fill = 0]
                  2000af48    0000000e     sysbios.aem4 : BIOS.obj (.text:ti_sysbios_knl_Idle_loop__E)
                  2000af56    00000002     --HOLE-- [fill = 0]
                  2000af58    0000000e                  : BIOS.obj (.text:ti_sysbios_knl_Queue_empty__E)
                  2000af66    0000000c     rtsv7M4_T_le_eabi.lib : copy_zero_init.obj (.text:decompress:ZI)
                  2000af72    00000006     --HOLE-- [fill = 0]
                  2000af78    0000000c     sysbios.aem4 : BIOS.obj (.text:ti_sysbios_family_arm_m3_TaskSupport_checkStack__E)
                  2000af84    00000004     --HOLE-- [fill = 0]
                  2000af88    0000000c                  : BIOS.obj (.text:ti_sysbios_gates_GateHwi_enter__E)
                  2000af94    0000000c     app_pem4.oem4 (.text:ti_sysbios_knl_Queue_Object__get__S)
                  2000afa0    0000000c     ti.targets.arm.rtsarm.aem4 : Error.oem4 (.text:xdc_runtime_Error_init__E)
                  2000afac    0000000c                                : Gate.oem4 (.text:xdc_runtime_Gate_enterSystem__E)
                  2000afb8    0000000c                                : Memory.oem4 (.text:xdc_runtime_Memory_calloc__E)
                  2000afc4    0000000c                                : Memory.oem4 (.text:xdc_runtime_Memory_getMaxDefaultTypeAlign__E)
                  2000afd0    0000000a     driverlib.a : interrupt.obj (.text:IntMasterEnable)
                  2000afda    0000000a     app_pem4.oem4 (.text:xdc_runtime_IHeap_alloc)
                  2000afe4    0000000a     app_pem4.oem4 (.text:xdc_runtime_IHeap_free)
                  2000afee    0000000a     ti.targets.arm.rtsarm.aem4 : LoggerBuf.oem4 (.text:xdc_runtime_LoggerBuf_disable__E)
                  2000aff8    0000000a                                : LoggerBuf.oem4 (.text:xdc_runtime_LoggerBuf_enable__E)
                  2000b002    00000006     --HOLE-- [fill = 0]
                  2000b008    00000008     sysbios.aem4 : BIOS.obj (.text:ti_sysbios_family_arm_m3_Hwi_doSwiRestore__I)
                  2000b010    00000008                  : BIOS.obj (.text:ti_sysbios_family_arm_m3_Hwi_startup__E)
                  2000b018    00000006                  : BIOS.obj (.text:ti_sysbios_gates_GateHwi_leave__E)
                  2000b01e    00000002     --HOLE-- [fill = 0]
                  2000b020    00000006                  : BIOS.obj (.text:ti_sysbios_heaps_HeapMem_isBlocking__E)
                  2000b026    00000002     --HOLE-- [fill = 0]
                  2000b028    00000006                  : BIOS.obj (.text:ti_sysbios_knl_Queue_Instance_init__E)
                  2000b02e    00000002     --HOLE-- [fill = 0]
                  2000b030    00000004                  : BIOS.obj (.text:ti_sysbios_family_arm_m3_Timer_getMaxTicks__E)
                  2000b034    00000004     --HOLE-- [fill = 0]
                  2000b038    00000004                  : BIOS.obj (.text:ti_sysbios_gates_GateHwi_query__E)
                  2000b03c    00000004     --HOLE-- [fill = 0]
                  2000b040    00000004                  : BIOS.obj (.text:ti_sysbios_gates_GateMutex_query__E)
                  2000b044    00000004     --HOLE-- [fill = 0]
                  2000b048    00000004                  : BIOS.obj (.text:ti_sysbios_knl_Task_startup__E)
                  2000b04c    00000004     --HOLE-- [fill = 0]
                  2000b050    00000002                  : BIOS.obj (.text:ti_sysbios_gates_GateHwi_Instance_init__E)

.const     0    2000b058    00002196     
                  2000b058    000018cb     app_pem4.oem4 (.const:xdc_runtime_Text_charTab__A)
                  2000c923    00000001     app_pem4.oem4 (.const:xdc_runtime_Error_policy__C)
                  2000c924    00000100     driverlib.a : pin.obj (.const:g_ulPinToPadMap)
                  2000ca24    000000b8     app_pem4.oem4 (.const:xdc_runtime_Text_nodeTab__A)
                  2000cadc    000000a8     driverlib.a : prcm.obj (.const:PRCM_PeriphRegsList)
                  2000cb84    00000080                 : interrupt.obj (.const)
                  2000cc04    00000004     app_pem4.oem4 (.const:ti_sysbios_family_arm_m3_Hwi_E_NMI__C)
                  2000cc08    00000080     rtsv7M4_T_le_eabi.lib : xsin.obj (.const)
                  2000cc88    00000048     app_pem4.oem4 (.const:.string)
                  2000ccd0    0000003c     app_pem4.oem4 (.const:xdc_runtime_LoggerBuf_Module__FXNS__C)
                  2000cd0c    00000030     app_pem4.oem4 (.const:xdc_runtime_Startup_sfxnTab__A)
                  2000cd3c    00000028     app_pem4.oem4 (.const:ti_sysbios_heaps_HeapMem_Module__FXNS__C)
                  2000cd64    00000024     Foutain.obj (.const:_portArray)
                  2000cd88    00000024     app_pem4.oem4 (.const:ti_sysbios_gates_GateHwi_Module__FXNS__C)
                  2000cdac    00000024     app_pem4.oem4 (.const:ti_sysbios_gates_GateMutex_Module__FXNS__C)
                  2000cdd0    00000024     app_pem4.oem4 (.const:ti_sysbios_heaps_HeapMem_Object__PARAMS__C)
                  2000cdf4    00000024     app_pem4.oem4 (.const:ti_sysbios_knl_Semaphore_Object__PARAMS__C)
                  2000ce18    00000024     app_pem4.oem4 (.const:xdc_runtime_LoggerBuf_Object__PARAMS__C)
                  2000ce3c    00000020     app_pem4.oem4 (.const:ti_sysbios_gates_GateHwi_Object__DESC__C)
                  2000ce5c    00000020     app_pem4.oem4 (.const:ti_sysbios_gates_GateMutex_Object__DESC__C)
                  2000ce7c    00000020     app_pem4.oem4 (.const:ti_sysbios_heaps_HeapMem_Object__DESC__C)
                  2000ce9c    00000020     app_pem4.oem4 (.const:ti_sysbios_knl_Queue_Object__DESC__C)
                  2000cebc    00000020     app_pem4.oem4 (.const:ti_sysbios_knl_Semaphore_Object__DESC__C)
                  2000cedc    00000020     app_pem4.oem4 (.const:xdc_runtime_LoggerBuf_Object__DESC__C)
                  2000cefc    00000018     app_pem4.oem4 (.const:ti_sysbios_gates_GateHwi_Object__PARAMS__C)
                  2000cf14    00000018     app_pem4.oem4 (.const:ti_sysbios_gates_GateMutex_Object__PARAMS__C)
                  2000cf2c    00000018     app_pem4.oem4 (.const:ti_sysbios_knl_Queue_Object__PARAMS__C)
                  2000cf44    00000018     app_pem4.oem4 (.const:xdc_runtime_Startup_sfxnRts__A)
                  2000cf5c    0000000c     app_pem4.oem4 (.const:xdc_runtime_Startup_firstFxns__A)
                  2000cf68    00000009     Foutain.obj (.const:.string)
                  2000cf71    00000001     --HOLE-- [fill = 0]
                  2000cf72    00000002     app_pem4.oem4 (.const:ti_sysbios_family_arm_m3_Hwi_Module__id__C)
                  2000cf74    00000008     Frame.obj (.const)
                  2000cf7c    00000008     app_pem4.oem4 (.const:ti_sysbios_family_arm_m3_Hwi_excHookFuncs__A)
                  2000cf84    00000008     app_pem4.oem4 (.const:ti_sysbios_knl_Idle_funcList__C)
                  2000cf8c    00000008     app_pem4.oem4 (.const:xdc_runtime_Startup_firstFxns__C)
                  2000cf94    00000008     app_pem4.oem4 (.const:xdc_runtime_Startup_lastFxns__C)
                  2000cf9c    00000004     app_pem4.oem4 (.const:ti_sysbios_family_arm_m3_Hwi_E_busFault__C)
                  2000cfa0    00000004     app_pem4.oem4 (.const:ti_sysbios_family_arm_m3_Hwi_E_debugMon__C)
                  2000cfa4    00000004     app_pem4.oem4 (.const:ti_sysbios_family_arm_m3_Hwi_E_hardFault__C)
                  2000cfa8    00000004     app_pem4.oem4 (.const:ti_sysbios_family_arm_m3_Hwi_E_memFault__C)
                  2000cfac    00000004     app_pem4.oem4 (.const:ti_sysbios_family_arm_m3_Hwi_E_noIsr__C)
                  2000cfb0    00000004     app_pem4.oem4 (.const:ti_sysbios_family_arm_m3_Hwi_E_reserved__C)
                  2000cfb4    00000004     app_pem4.oem4 (.const:ti_sysbios_family_arm_m3_Hwi_E_svCall__C)
                  2000cfb8    00000004     app_pem4.oem4 (.const:ti_sysbios_family_arm_m3_Hwi_E_usageFault__C)
                  2000cfbc    00000004     app_pem4.oem4 (.const:ti_sysbios_family_arm_m3_Hwi_LD_end__C)
                  2000cfc0    00000004     app_pem4.oem4 (.const:ti_sysbios_family_arm_m3_Hwi_LM_begin__C)
                  2000cfc4    00000004     app_pem4.oem4 (.const:ti_sysbios_family_arm_m3_Hwi_Module__diagsEnabled__C)
                  2000cfc8    00000004     app_pem4.oem4 (.const:ti_sysbios_family_arm_m3_Hwi_Module__diagsIncluded__C)
                  2000cfcc    00000004     app_pem4.oem4 (.const:ti_sysbios_family_arm_m3_Hwi_Module__diagsMask__C)
                  2000cfd0    00000004     app_pem4.oem4 (.const:ti_sysbios_family_arm_m3_Hwi_Module__loggerFxn1__C)
                  2000cfd4    00000004     app_pem4.oem4 (.const:ti_sysbios_family_arm_m3_Hwi_Module__loggerFxn8__C)
                  2000cfd8    00000004     app_pem4.oem4 (.const:ti_sysbios_family_arm_m3_Hwi_Module__loggerObj__C)
                  2000cfdc    00000004     app_pem4.oem4 (.const:ti_sysbios_family_arm_m3_Hwi_NUM_INTERRUPTS__C)
                  2000cfe0    00000004     app_pem4.oem4 (.const:ti_sysbios_family_arm_m3_Hwi_Object__count__C)
                  2000cfe4    00000004     app_pem4.oem4 (.const:ti_sysbios_family_arm_m3_Hwi_ccr__C)
                  2000cfe8    00000004     app_pem4.oem4 (.const:ti_sysbios_family_arm_m3_Hwi_excHandlerFunc__C)
                  2000cfec    00000004     app_pem4.oem4 (.const:ti_sysbios_family_arm_m3_Hwi_excHookFuncs__C)
                  2000cff0    00000004     app_pem4.oem4 (.const:ti_sysbios_family_arm_m3_Hwi_nullIsrFunc__C)
                  2000cff4    00000004     app_pem4.oem4 (.const:ti_sysbios_family_arm_m3_Hwi_priGroup__C)
                  2000cff8    00000004     app_pem4.oem4 (.const:ti_sysbios_family_arm_m3_Timer_E_cannotSupport__C)
                  2000cffc    00000004     app_pem4.oem4 (.const:ti_sysbios_family_arm_m3_Timer_startupNeeded__C)
                  2000d000    00000004     app_pem4.oem4 (.const:ti_sysbios_gates_GateMutex_A_badContext__C)
                  2000d004    00000004     app_pem4.oem4 (.const:ti_sysbios_gates_GateMutex_Instance_State_sem__O)
                  2000d008    00000004     app_pem4.oem4 (.const:ti_sysbios_gates_GateMutex_Module__diagsEnabled__C)
                  2000d00c    00000004     app_pem4.oem4 (.const:ti_sysbios_gates_GateMutex_Module__diagsIncluded__C)
                  2000d010    00000004     app_pem4.oem4 (.const:ti_sysbios_gates_GateMutex_Module__diagsMask__C)
                  2000d014    00000004     app_pem4.oem4 (.const:ti_sysbios_hal_Hwi_E_stackOverflow__C)
                  2000d018    00000004     app_pem4.oem4 (.const:ti_sysbios_heaps_HeapMem_A_align__C)
                  2000d01c    00000004     app_pem4.oem4 (.const:ti_sysbios_heaps_HeapMem_A_heapSize__C)
                  2000d020    00000004     app_pem4.oem4 (.const:ti_sysbios_heaps_HeapMem_A_invalidFree__C)
                  2000d024    00000004     app_pem4.oem4 (.const:ti_sysbios_heaps_HeapMem_A_zeroBlock__C)
                  2000d028    00000004     app_pem4.oem4 (.const:ti_sysbios_heaps_HeapMem_E_memory__C)
                  2000d02c    00000004     app_pem4.oem4 (.const:ti_sysbios_heaps_HeapMem_Module__diagsEnabled__C)
                  2000d030    00000004     app_pem4.oem4 (.const:ti_sysbios_heaps_HeapMem_Module__diagsIncluded__C)
                  2000d034    00000004     app_pem4.oem4 (.const:ti_sysbios_heaps_HeapMem_Module__diagsMask__C)
                  2000d038    00000004     app_pem4.oem4 (.const:ti_sysbios_heaps_HeapMem_Module__gateObj__C)
                  2000d03c    00000004     app_pem4.oem4 (.const:ti_sysbios_heaps_HeapMem_Object__count__C)
                  2000d040    00000004     app_pem4.oem4 (.const:ti_sysbios_heaps_HeapMem_reqAlign__C)
                  2000d044    00000004     app_pem4.oem4 (.const:ti_sysbios_knl_Clock_LM_begin__C)
                  2000d048    00000004     app_pem4.oem4 (.const:ti_sysbios_knl_Clock_LM_tick__C)
                  2000d04c    00000004     app_pem4.oem4 (.const:ti_sysbios_knl_Clock_LW_delayed__C)
                  2000d050    00000004     app_pem4.oem4 (.const:ti_sysbios_knl_Clock_Module_State_clockQ__O)
                  2000d054    00000004     app_pem4.oem4 (.const:ti_sysbios_knl_Clock_Module__diagsEnabled__C)
                  2000d058    00000004     app_pem4.oem4 (.const:ti_sysbios_knl_Clock_Module__diagsIncluded__C)
                  2000d05c    00000004     app_pem4.oem4 (.const:ti_sysbios_knl_Clock_Module__diagsMask__C)
                  2000d060    00000004     app_pem4.oem4 (.const:ti_sysbios_knl_Clock_Module__loggerFxn1__C)
                  2000d064    00000004     app_pem4.oem4 (.const:ti_sysbios_knl_Clock_Module__loggerFxn2__C)
                  2000d068    00000004     app_pem4.oem4 (.const:ti_sysbios_knl_Clock_Module__loggerObj__C)
                  2000d06c    00000004     app_pem4.oem4 (.const:ti_sysbios_knl_Idle_funcList__A)
                  2000d070    00000004     app_pem4.oem4 (.const:ti_sysbios_knl_Mailbox_Instance_State_freeQue__O)
                  2000d074    00000004     app_pem4.oem4 (.const:ti_sysbios_knl_Mailbox_Object__count__C)
                  2000d078    00000004     app_pem4.oem4 (.const:ti_sysbios_knl_Mailbox_maxTypeAlign__C)
                  2000d07c    00000004     app_pem4.oem4 (.const:ti_sysbios_knl_Semaphore_A_badContext__C)
                  2000d080    00000004     app_pem4.oem4 (.const:ti_sysbios_knl_Semaphore_A_noEvents__C)
                  2000d084    00000004     app_pem4.oem4 (.const:ti_sysbios_knl_Semaphore_A_overflow__C)
                  2000d088    00000004     app_pem4.oem4 (.const:ti_sysbios_knl_Semaphore_A_pendTaskDisabled__C)
                  2000d08c    00000004     app_pem4.oem4 (.const:ti_sysbios_knl_Semaphore_Instance_State_pendQ__O)
                  2000d090    00000004     app_pem4.oem4 (.const:ti_sysbios_knl_Semaphore_LM_pend__C)
                  2000d094    00000004     app_pem4.oem4 (.const:ti_sysbios_knl_Semaphore_LM_post__C)
                  2000d098    00000004     app_pem4.oem4 (.const:ti_sysbios_knl_Semaphore_Module__diagsEnabled__C)
                  2000d09c    00000004     app_pem4.oem4 (.const:ti_sysbios_knl_Semaphore_Module__diagsIncluded__C)
                  2000d0a0    00000004     app_pem4.oem4 (.const:ti_sysbios_knl_Semaphore_Module__diagsMask__C)
                  2000d0a4    00000004     app_pem4.oem4 (.const:ti_sysbios_knl_Semaphore_Module__loggerFxn2__C)
                  2000d0a8    00000004     app_pem4.oem4 (.const:ti_sysbios_knl_Semaphore_Module__loggerFxn4__C)
                  2000d0ac    00000004     app_pem4.oem4 (.const:ti_sysbios_knl_Semaphore_Module__loggerObj__C)
                  2000d0b0    00000004     app_pem4.oem4 (.const:ti_sysbios_knl_Swi_LD_end__C)
                  2000d0b4    00000004     app_pem4.oem4 (.const:ti_sysbios_knl_Swi_LM_begin__C)
                  2000d0b8    00000004     app_pem4.oem4 (.const:ti_sysbios_knl_Swi_LM_post__C)
                  2000d0bc    00000004     app_pem4.oem4 (.const:ti_sysbios_knl_Swi_Module__diagsEnabled__C)
                  2000d0c0    00000004     app_pem4.oem4 (.const:ti_sysbios_knl_Swi_Module__diagsIncluded__C)
                  2000d0c4    00000004     app_pem4.oem4 (.const:ti_sysbios_knl_Swi_Module__diagsMask__C)
                  2000d0c8    00000004     app_pem4.oem4 (.const:ti_sysbios_knl_Swi_Module__loggerFxn1__C)
                  2000d0cc    00000004     app_pem4.oem4 (.const:ti_sysbios_knl_Swi_Module__loggerFxn4__C)
                  2000d0d0    00000004     app_pem4.oem4 (.const:ti_sysbios_knl_Swi_Module__loggerObj__C)
                  2000d0d4    00000004     app_pem4.oem4 (.const:ti_sysbios_knl_Swi_Object__count__C)
                  2000d0d8    00000004     app_pem4.oem4 (.const:ti_sysbios_knl_Task_E_spOutOfBounds__C)
                  2000d0dc    00000004     app_pem4.oem4 (.const:ti_sysbios_knl_Task_E_stackOverflow__C)
                  2000d0e0    00000004     app_pem4.oem4 (.const:ti_sysbios_knl_Task_LD_block__C)
                  2000d0e4    00000004     app_pem4.oem4 (.const:ti_sysbios_knl_Task_LD_exit__C)
                  2000d0e8    00000004     app_pem4.oem4 (.const:ti_sysbios_knl_Task_LD_ready__C)
                  2000d0ec    00000004     app_pem4.oem4 (.const:ti_sysbios_knl_Task_LM_switch__C)
                  2000d0f0    00000004     app_pem4.oem4 (.const:ti_sysbios_knl_Task_Module_State_inactiveQ__O)
                  2000d0f4    00000004     app_pem4.oem4 (.const:ti_sysbios_knl_Task_Module__diagsEnabled__C)
                  2000d0f8    00000004     app_pem4.oem4 (.const:ti_sysbios_knl_Task_Module__diagsIncluded__C)
                  2000d0fc    00000004     app_pem4.oem4 (.const:ti_sysbios_knl_Task_Module__diagsMask__C)
                  2000d100    00000004     app_pem4.oem4 (.const:ti_sysbios_knl_Task_Module__loggerFxn2__C)
                  2000d104    00000004     app_pem4.oem4 (.const:ti_sysbios_knl_Task_Module__loggerFxn4__C)
                  2000d108    00000004     app_pem4.oem4 (.const:ti_sysbios_knl_Task_Module__loggerObj__C)
                  2000d10c    00000004     app_pem4.oem4 (.const:ti_sysbios_knl_Task_Object__count__C)
                  2000d110    00000004     app_pem4.oem4 (.const:ti_sysbios_knl_Task_allBlockedFunc__C)
                  2000d114    00000004     app_pem4.oem4 (.const:ti_sysbios_knl_Task_numConstructedTasks__C)
                  2000d118    00000004     app_pem4.oem4 (.const:xdc_runtime_Assert_E_assertFailed__C)
                  2000d11c    00000004     app_pem4.oem4 (.const:xdc_runtime_Core_A_initializedParams__C)
                  2000d120    00000004     app_pem4.oem4 (.const:xdc_runtime_Core_Module__diagsEnabled__C)
                  2000d124    00000004     app_pem4.oem4 (.const:xdc_runtime_Core_Module__diagsIncluded__C)
                  2000d128    00000004     app_pem4.oem4 (.const:xdc_runtime_Core_Module__diagsMask__C)
                  2000d12c    00000004     app_pem4.oem4 (.const:xdc_runtime_Error_E_memory__C)
                  2000d130    00000004     app_pem4.oem4 (.const:xdc_runtime_Error_Module__diagsEnabled__C)
                  2000d134    00000004     app_pem4.oem4 (.const:xdc_runtime_Error_Module__diagsIncluded__C)
                  2000d138    00000004     app_pem4.oem4 (.const:xdc_runtime_Error_Module__diagsMask__C)
                  2000d13c    00000004     app_pem4.oem4 (.const:xdc_runtime_Error_Module__loggerFxn8__C)
                  2000d140    00000004     app_pem4.oem4 (.const:xdc_runtime_Error_Module__loggerObj__C)
                  2000d144    00000004     app_pem4.oem4 (.const:xdc_runtime_Error_policyFxn__C)
                  2000d148    00000004     app_pem4.oem4 (.const:xdc_runtime_Error_raiseHook__C)
                  2000d14c    00000004     app_pem4.oem4 (.const:xdc_runtime_IFilterLogger_Interface__BASE__C)
                  2000d150    00000004     app_pem4.oem4 (.const:xdc_runtime_IGateProvider_Interface__BASE__C)
                  2000d154    00000004     app_pem4.oem4 (.const:xdc_runtime_IHeap_Interface__BASE__C)
                  2000d158    00000004     app_pem4.oem4 (.const:xdc_runtime_ILogger_Interface__BASE__C)
                  2000d15c    00000004     app_pem4.oem4 (.const:xdc_runtime_IModule_Interface__BASE__C)
                  2000d160    00000004     app_pem4.oem4 (.const:xdc_runtime_Log_L_error__C)
                  2000d164    00000004     app_pem4.oem4 (.const:xdc_runtime_LoggerBuf_E_badLevel__C)
                  2000d168    00000004     app_pem4.oem4 (.const:xdc_runtime_LoggerBuf_Module__gateObj__C)
                  2000d16c    00000004     app_pem4.oem4 (.const:xdc_runtime_LoggerBuf_Object__count__C)
                  2000d170    00000004     app_pem4.oem4 (.const:xdc_runtime_LoggerBuf_statusLogger__C)
                  2000d174    00000004     app_pem4.oem4 (.const:xdc_runtime_Memory_defaultHeapInstance__C)
                  2000d178    00000004     app_pem4.oem4 (.const:xdc_runtime_Startup_execImpl__C)
                  2000d17c    00000004     app_pem4.oem4 (.const:xdc_runtime_Startup_maxPasses__C)
                  2000d180    00000004     app_pem4.oem4 (.const:xdc_runtime_Startup_sfxnRts__C)
                  2000d184    00000004     app_pem4.oem4 (.const:xdc_runtime_Startup_sfxnTab__C)
                  2000d188    00000004     app_pem4.oem4 (.const:xdc_runtime_SysMin_bufSize__C)
                  2000d18c    00000004     app_pem4.oem4 (.const:xdc_runtime_SysMin_outputFunc__C)
                  2000d190    00000004     app_pem4.oem4 (.const:xdc_runtime_System_Module__gateObj__C)
                  2000d194    00000004     app_pem4.oem4 (.const:xdc_runtime_System_abortFxn__C)
                  2000d198    00000004     app_pem4.oem4 (.const:xdc_runtime_System_exitFxn__C)
                  2000d19c    00000004     app_pem4.oem4 (.const:xdc_runtime_System_extendFxn__C)
                  2000d1a0    00000004     app_pem4.oem4 (.const:xdc_runtime_System_maxAtexitHandlers__C)
                  2000d1a4    00000004     app_pem4.oem4 (.const:xdc_runtime_Text_charTab__C)
                  2000d1a8    00000004     app_pem4.oem4 (.const:xdc_runtime_Text_nameEmpty__C)
                  2000d1ac    00000004     app_pem4.oem4 (.const:xdc_runtime_Text_nameStatic__C)
                  2000d1b0    00000004     app_pem4.oem4 (.const:xdc_runtime_Text_nameUnknown__C)
                  2000d1b4    00000004     app_pem4.oem4 (.const:xdc_runtime_Text_nodeTab__C)
                  2000d1b8    00000004     app_pem4.oem4 (.const:xdc_runtime_Text_visitRopeFxn__C)
                  2000d1bc    00000002     app_pem4.oem4 (.const:ti_sysbios_family_arm_m3_Hwi_Module__loggerDefined__C)
                  2000d1be    00000002     app_pem4.oem4 (.const:ti_sysbios_family_arm_m3_Timer_Module__id__C)
                  2000d1c0    00000002     app_pem4.oem4 (.const:ti_sysbios_family_arm_m3_TimestampProvider_configTimer__C)
                  2000d1c2    00000002     app_pem4.oem4 (.const:ti_sysbios_gates_GateMutex_Module__id__C)
                  2000d1c4    00000002     app_pem4.oem4 (.const:ti_sysbios_hal_Hwi_Module__id__C)
                  2000d1c6    00000002     app_pem4.oem4 (.const:ti_sysbios_heaps_HeapMem_Module__id__C)
                  2000d1c8    00000002     app_pem4.oem4 (.const:ti_sysbios_knl_Clock_Module__id__C)
                  2000d1ca    00000002     app_pem4.oem4 (.const:ti_sysbios_knl_Clock_Module__loggerDefined__C)
                  2000d1cc    00000002     app_pem4.oem4 (.const:ti_sysbios_knl_Semaphore_Module__id__C)
                  2000d1ce    00000002     app_pem4.oem4 (.const:ti_sysbios_knl_Semaphore_Module__loggerDefined__C)
                  2000d1d0    00000002     app_pem4.oem4 (.const:ti_sysbios_knl_Swi_Module__id__C)
                  2000d1d2    00000002     app_pem4.oem4 (.const:ti_sysbios_knl_Swi_Module__loggerDefined__C)
                  2000d1d4    00000002     app_pem4.oem4 (.const:ti_sysbios_knl_Task_Module__id__C)
                  2000d1d6    00000002     app_pem4.oem4 (.const:ti_sysbios_knl_Task_Module__loggerDefined__C)
                  2000d1d8    00000002     app_pem4.oem4 (.const:xdc_runtime_Core_Module__id__C)
                  2000d1da    00000002     app_pem4.oem4 (.const:xdc_runtime_Error_Module__loggerDefined__C)
                  2000d1dc    00000002     app_pem4.oem4 (.const:xdc_runtime_Error_maxDepth__C)
                  2000d1de    00000002     app_pem4.oem4 (.const:xdc_runtime_LoggerBuf_Module__id__C)
                  2000d1e0    00000002     app_pem4.oem4 (.const:xdc_runtime_LoggerBuf_filterByLevel__C)
                  2000d1e2    00000002     app_pem4.oem4 (.const:xdc_runtime_Memory_Module__id__C)
                  2000d1e4    00000002     app_pem4.oem4 (.const:xdc_runtime_SysMin_flushAtExit__C)
                  2000d1e6    00000002     app_pem4.oem4 (.const:xdc_runtime_Text_charCnt__C)
                  2000d1e8    00000002     app_pem4.oem4 (.const:xdc_runtime_Text_isLoaded__C)
                  2000d1ea    00000002     app_pem4.oem4 (.const:xdc_runtime_Text_registryModsLastId__C)
                  2000d1ec    00000002     app_pem4.oem4 (.const:xdc_runtime_Text_unnamedModsLastId__C)

.cinit     0    2000d1f0    00000380     
                  2000d1f0    0000035a     (.cinit..data.load) [load image, compression = rle]
                  2000d54a    00000002     --HOLE-- [fill = 0]
                  2000d54c    0000000c     (__TI_handler_table)
                  2000d558    00000008     (.cinit..bss.load) [load image, compression = zero_init]
                  2000d560    00000010     (__TI_cinit_table)

.bss       0    20017000    00009480     UNINITIALIZED
                  20017000    00008000     app_pem4.oem4 (.bss:ti_sysbios_heaps_HeapMem_Instance_State_0_buf__A)
                  2001f000    00000800     app_pem4.oem4 (.bss:taskStackSection)
                  2001f800    00000400     app_pem4.oem4 (.bss:xdc_runtime_LoggerBuf_Instance_State_0_entryArr__A)
                  2001fc00    00000400     app_pem4.oem4 (.bss:xdc_runtime_SysMin_Module_State_0_outbuf__A)
                  20020000    0000030c     app_pem4.oem4 (.bss:ti_sysbios_family_arm_m3_Hwi_dispatchTable)
                  2002030c    00000120     rtsv7M4_T_le_eabi.lib : trgmsg.obj (.bss:__CIOBUF_)
                  2002042c    00000048     Foutain.obj (.bss:_valveStates)
                  20020474    00000008     (.common:parmbuf)
                  2002047c    00000004     (.common:_timerTick)

.data      0    20020480    00000559     UNINITIALIZED
                  20020480    00000138     app_pem4.oem4 (.data)
                  200205b8    000000b0     rtsv7M4_T_le_eabi.lib : signal.obj (.data:sigtable)
                  20020668    00000080                           : xvalues.obj (.data)
                  200206e8    00000080     app_pem4.oem4 (.data:ti_sysbios_knl_Swi_Module_State_0_readyQ__A)
                  20020768    00000080     app_pem4.oem4 (.data:ti_sysbios_knl_Task_Module_State_0_readyQ__A)
                  200207e8    0000004c     app_pem4.oem4 (.data:ti_sysbios_knl_Task_Object__table__V)
                  20020834    00000044     app_pem4.oem4 (.data:ti_sysbios_knl_Task_Module__state__V)
                  20020878    00000038     app_pem4.oem4 (.data:ti_sysbios_gates_GateMutex_Object__table__V)
                  200208b0    00000034     app_pem4.oem4 (.data:ti_sysbios_family_arm_m3_Hwi_Module__state__V)
                  200208e4    00000030     app_pem4.oem4 (.data:ti_sysbios_family_arm_m3_Timer_Object__table__V)
                  20020914    00000030     app_pem4.oem4 (.data:ti_sysbios_knl_Swi_Object__table__V)
                  20020944    0000002c     app_pem4.oem4 (.data:ti_sysbios_knl_Clock_Module__state__V)
                  20020970    00000024     app_pem4.oem4 (.data:ti_sysbios_BIOS_Module__state__V)
                  20020994    00000024     app_pem4.oem4 (.data:xdc_runtime_LoggerBuf_Object__table__V)
                  200209b8    00000008     rtsv7M4_T_le_eabi.lib : _lock.obj (.data)
                  200209c0    00000008                           : exit.obj (.data)
                  200209c8    00000008                           : feraiseexcept.obj (.data)
                  200209d0    00000004                           : errno.obj (.data)
                  200209d4    00000004                           : stkdepth_vars.obj (.data)
                  200209d8    00000001     main.obj (.data)

.stack     0    2002e000    00002000     UNINITIALIZED
                  2002e000    00002000     --HOLE--

.bootVecs 
*          0    00000000    00000008     DSECT
                  00000000    00000008     boot.aem4 : boot.oem4 (.bootVecs)

.vecs      0    20004000    00000000     DSECT

xdc.meta   0    00000000    000000f8     COPY SECTION
                  00000000    000000f8     app_pem4.oem4 (xdc.meta)

.TI.noinit 
*          0    20017000    00000000     UNINITIALIZED

.TI.persistent 
*          0    20020480    00000000     UNINITIALIZED


LINKER GENERATED COPY TABLES

__TI_cinit_table @ 2000d560 records: 2, size/record: 8, table size: 16
	.data: load addr=2000d1f0, load size=0000035a bytes, run addr=20020480, run size=00000559 bytes, compression=rle
	.bss: load addr=2000d558, load size=00000008 bytes, run addr=20017000, run size=00009480 bytes, compression=zero_init


LINKER GENERATED HANDLER TABLE

__TI_handler_table @ 2000d54c records: 3, size/record: 4, table size: 12
	index: 0, handler: __TI_decompress_rle24
	index: 1, handler: __TI_decompress_none
	index: 2, handler: __TI_zero_init


GLOBAL SYMBOLS: SORTED ALPHABETICALLY BY Name 

address   name                                                        
-------   ----                                                        
20009a71  C$$EXIT                                                     
200091a7  C$$IO$$                                                     
2000ad03  CPUcpsie                                                    
20004835  FountainSequence_display                                    
20004819  FountainSequence_getEvent                                   
20004761  FountainSequence_getEventCount                              
2000476f  FountainSequence_getMaxEvents                               
20004741  FountainSequence_init                                       
2000477d  FountainSequence_insertEvent                                
200048d1  Fountain_start                                              
2000494b  Fountain_stop                                               
20004957  Fountain_triggerValve                                       
20007e41  Frame_addPoint                                              
20007ea5  Frame_finalize                                              
20009fa1  GPIODirModeSet                                              
2000a7ab  GPIOPinWrite                                                
200053b9  HOSTclock                                                   
20005381  HOSTclose                                                   
20005343  HOSTgetenv                                                  
200052e7  HOSTlseek                                                   
20005295  HOSTopen                                                    
20005249  HOSTread                                                    
200051eb  HOSTrename                                                  
200051b1  HOSTtime                                                    
20005179  HOSTunlink                                                  
2000512d  HOSTwrite                                                   
2000841d  IntEnable                                                   
2000afd1  IntMasterEnable                                             
2000a7cd  IntRegister                                                 
2000a911  LoggerBuf_instanceStartup                                   
20006255  PRCMCC3200MCUInit                                           
2000acc1  PRCMHIBRegRead                                              
2000acd7  PRCMHIBRegWrite                                             
2000a559  PRCMPeripheralClkDisable                                    
20009d51  PRCMPeripheralClkEnable                                     
20009425  PRCMPeripheralReset                                         
2000a3fd  PRCMSysResetCauseGet                                        
20008ae1  PinConfigSet                                                
20009c4d  PinModeSet                                                  
20005d35  PinMuxConfig                                                
2000a18b  PinTypeGPIO                                                 
2000aaad  PinTypeTimer                                                
UNDEFED   SHT$$INIT_ARRAY$$Base                                       
UNDEFED   SHT$$INIT_ARRAY$$Limit                                      
200099e9  TimerConfigure                                              
2000a971  TimerDisable                                                
2000a98f  TimerEnable                                                 
2000adb9  TimerIntClear                                               
2000abcb  TimerIntDisable                                             
2000abe3  TimerIntEnable                                              
20008ee5  TimerIntRegister                                            
2000a9ad  TimerIntStatus                                              
2000a4d9  TimerLoadSet                                                
2000a503  TimerPrescaleSet                                            
200060b3  UtilsDelay                                                  
20020668  _Denorm                                                     
20007f01  _Dnorm                                                      
2000743d  _Dscale                                                     
200091e1  _Dunscale                                                   
20020678  _Eps                                                        
200209d0  _Errno                                                      
200209c8  _Fenv                                                       
2000a1bd  _Feraise                                                    
20020688  _Hugeval                                                    
20020698  _Inf                                                        
200206a8  _Nan                                                        
200206c8  _Rteps                                                      
20005401  _Sin                                                        
200206b8  _Snan                                                       
200209cc  _Tls_setup__Fenv                                            
200206d8  _Xbig                                                       
200206e0  _Zero                                                       
00000000  __ASM__                                                     
2002030c  __CIOBUF_                                                   
00000071  __ISA__                                                     
00000084  __PLAT__                                                    
20030000  __STACK_END                                                 
00002000  __STACK_SIZE                                                
000000ab  __TARG__                                                    
2000d560  __TI_CINIT_Base                                             
2000d570  __TI_CINIT_Limit                                            
2000d54c  __TI_Handler_Table_Base                                     
2000d558  __TI_Handler_Table_Limit                                    
20008571  __TI_auto_init                                              
200209c0  __TI_cleanup_ptr                                            
2000af39  __TI_decompress_none                                        
20008fc3  __TI_decompress_rle24                                       
200209c4  __TI_dtors_ptr                                              
200091ab  __TI_readmsg                                                
2000d1f0  __TI_static_base__                                          
20009179  __TI_writemsg                                               
2000af67  __TI_zero_init                                              
000000d0  __TRDR__                                                    
20008c79  __aeabi_cdcmpeq                                             
20008c79  __aeabi_cdcmple                                             
200097ed  __aeabi_d2f                                                 
200097a5  __aeabi_d2iz                                                
20009ab5  __aeabi_d2uiz                                               
20005f07  __aeabi_dadd                                                
20006f99  __aeabi_ddiv                                                
2000764d  __aeabi_dmul                                                
20005efd  __aeabi_dsub                                                
20009e87  __aeabi_f2d                                                 
200089bd  __aeabi_fdiv                                                
20008d7d  __aeabi_fmul                                                
2000a39f  __aeabi_i2d                                                 
200070cf  __aeabi_idiv0                                               
20008df7  __aeabi_memclr                                              
20008df7  __aeabi_memclr4                                             
20008df7  __aeabi_memclr8                                             
200086b1  __aeabi_memcpy                                              
200086b1  __aeabi_memcpy4                                             
200086b1  __aeabi_memcpy8                                             
20008df9  __aeabi_memset                                              
20008df9  __aeabi_memset4                                             
20008df9  __aeabi_memset8                                             
2000a61b  __aeabi_ui2f                                                
20009ccd  __aeabi_uidiv                                               
20009ccd  __aeabi_uidivmod                                            
ffffffff  __binit__                                                   
ffffffff  __c_args__                                                  
2002e000  __stack                                                     
20008923  __xdc__init                                                 
200205b4  __xdc__init__addr                                           
2000abfd  _args_main                                                  
20009a2d  _c_int00                                                    
20004891  _fountainSetValves                                          
200049d7  _fountainTimerISR                                           
200209b8  _lock                                                       
2000ad27  _nop                                                        
2000cf68  _pinArray                                                   
2000cd64  _portArray                                                  
2000ad1f  _register_lock                                              
2000ad19  _register_unlock                                            
2002047c  _timerTick                                                  
200209bc  _unlock                                                     
2002042c  _valveStates                                                
20009a75  abort                                                       
ffffffff  binit                                                       
20009621  copy_in                                                     
20009a7d  exit                                                        
20009fd9  feraiseexcept                                               
20006545  fmod                                                        
2000775b  main                                                        
200209d4  main_func_sp                                                
2000a371  malloc                                                      
200086b1  memcpy                                                      
2000a5f7  memmove                                                     
20008dff  memset                                                      
2000a3cd  raise                                                       
20009c8d  signal                                                      
2000a153  sin                                                         
20006969  sqrt                                                        
2000ad2d  strcpy                                                      
2000ad41  strlen                                                      
20020970  ti_sysbios_BIOS_Module__state__V                            
2000ab15  ti_sysbios_BIOS_RtsGateProxy_Handle__label__S               
2000a71d  ti_sysbios_BIOS_RtsGateProxy_Object__delete__S              
20004e15  ti_sysbios_BIOS_RtsGateProxy_enter__E                       
20005695  ti_sysbios_BIOS_RtsGateProxy_leave__E                       
2000b041  ti_sysbios_BIOS_RtsGateProxy_query__E                       
2000a1ed  ti_sysbios_BIOS_atExitFunc__I                               
2000a641  ti_sysbios_BIOS_errorRaiseHook__I                           
2000aced  ti_sysbios_BIOS_exitFunc__I                                 
20007fbf  ti_sysbios_BIOS_nullFunc__I                                 
2000a665  ti_sysbios_BIOS_registerRTSLock__I                          
2000a689  ti_sysbios_BIOS_removeRTSLock__I                            
2000a7ed  ti_sysbios_BIOS_rtsLock__I                                  
2000ac15  ti_sysbios_BIOS_rtsUnlock__I                                
2000ae49  ti_sysbios_BIOS_setThreadType__E                            
2000a6ad  ti_sysbios_BIOS_startFunc__I                                
2000cc04  ti_sysbios_family_arm_m3_Hwi_E_NMI__C                       
2000cf9c  ti_sysbios_family_arm_m3_Hwi_E_busFault__C                  
2000cfa0  ti_sysbios_family_arm_m3_Hwi_E_debugMon__C                  
2000cfa4  ti_sysbios_family_arm_m3_Hwi_E_hardFault__C                 
2000cfa8  ti_sysbios_family_arm_m3_Hwi_E_memFault__C                  
2000cfac  ti_sysbios_family_arm_m3_Hwi_E_noIsr__C                     
2000cfb0  ti_sysbios_family_arm_m3_Hwi_E_reserved__C                  
2000cfb4  ti_sysbios_family_arm_m3_Hwi_E_svCall__C                    
2000cfb8  ti_sysbios_family_arm_m3_Hwi_E_usageFault__C                
2000aac7  ti_sysbios_family_arm_m3_Hwi_Handle__label__S               
2000cfbc  ti_sysbios_family_arm_m3_Hwi_LD_end__C                      
2000cfc0  ti_sysbios_family_arm_m3_Hwi_LM_begin__C                    
200204a0  ti_sysbios_family_arm_m3_Hwi_Module_State_0_excActive__A    
200204a4  ti_sysbios_family_arm_m3_Hwi_Module_State_0_excContext__A   
200204a8  ti_sysbios_family_arm_m3_Hwi_Module_State_0_excStack__A     
2000cfc4  ti_sysbios_family_arm_m3_Hwi_Module__diagsEnabled__C        
2000cfc8  ti_sysbios_family_arm_m3_Hwi_Module__diagsIncluded__C       
2000cfcc  ti_sysbios_family_arm_m3_Hwi_Module__diagsMask__C           
2000cf72  ti_sysbios_family_arm_m3_Hwi_Module__id__C                  
2000d1bc  ti_sysbios_family_arm_m3_Hwi_Module__loggerDefined__C       
2000cfd0  ti_sysbios_family_arm_m3_Hwi_Module__loggerFxn1__C          
2000cfd4  ti_sysbios_family_arm_m3_Hwi_Module__loggerFxn8__C          
2000cfd8  ti_sysbios_family_arm_m3_Hwi_Module__loggerObj__C           
20020480  ti_sysbios_family_arm_m3_Hwi_Module__root__V                
2000ac2d  ti_sysbios_family_arm_m3_Hwi_Module__startupDone__F         
2000ac2d  ti_sysbios_family_arm_m3_Hwi_Module__startupDone__S         
200208b0  ti_sysbios_family_arm_m3_Hwi_Module__state__V               
20007b09  ti_sysbios_family_arm_m3_Hwi_Module_startup__E              
2000cfdc  ti_sysbios_family_arm_m3_Hwi_NUM_INTERRUPTS__C              
2000cfe0  ti_sysbios_family_arm_m3_Hwi_Object__count__C               
2000ad55  ti_sysbios_family_arm_m3_Hwi_Object__get__S                 
20020488  ti_sysbios_family_arm_m3_Hwi_Object__table__V               
2000cfe4  ti_sysbios_family_arm_m3_Hwi_ccr__C                         
20009839  ti_sysbios_family_arm_m3_Hwi_disableInterrupt__E            
20006d29  ti_sysbios_family_arm_m3_Hwi_dispatchC__I                   
20020000  ti_sysbios_family_arm_m3_Hwi_dispatchTable                  
20007bd9  ti_sysbios_family_arm_m3_Hwi_dispatch__I                    
2000b009  ti_sysbios_family_arm_m3_Hwi_doSwiRestore__I                
2000a6d1  ti_sysbios_family_arm_m3_Hwi_doTaskRestore__I               
20009881  ti_sysbios_family_arm_m3_Hwi_enableInterrupt__E             
200063d1  ti_sysbios_family_arm_m3_Hwi_excBusFault__I                 
20007fc1  ti_sysbios_family_arm_m3_Hwi_excDebugMon__I                 
20004311  ti_sysbios_family_arm_m3_Hwi_excDumpRegs__I                 
2000a80d  ti_sysbios_family_arm_m3_Hwi_excHandlerAsm__I               
2000cfe8  ti_sysbios_family_arm_m3_Hwi_excHandlerFunc__C              
20005b39  ti_sysbios_family_arm_m3_Hwi_excHandlerMax__I               
2000a831  ti_sysbios_family_arm_m3_Hwi_excHandler__I                  
20008081  ti_sysbios_family_arm_m3_Hwi_excHardFault__I                
2000cf7c  ti_sysbios_family_arm_m3_Hwi_excHookFuncs__A                
2000cfec  ti_sysbios_family_arm_m3_Hwi_excHookFuncs__C                
20006821  ti_sysbios_family_arm_m3_Hwi_excMemFault__I                 
2000a011  ti_sysbios_family_arm_m3_Hwi_excNmi__I                      
20009ec1  ti_sysbios_family_arm_m3_Hwi_excNoIsr__I                    
200098c9  ti_sysbios_family_arm_m3_Hwi_excReserved__I                 
20009d91  ti_sysbios_family_arm_m3_Hwi_excSvCall__I                   
200066b9  ti_sysbios_family_arm_m3_Hwi_excUsageFault__I               
20009af9  ti_sysbios_family_arm_m3_Hwi_getStackInfo__E                
20008b69  ti_sysbios_family_arm_m3_Hwi_initNVIC__E                    
20009911  ti_sysbios_family_arm_m3_Hwi_initStacks__E                  
2000cff0  ti_sysbios_family_arm_m3_Hwi_nullIsrFunc__C                 
e000e000  ti_sysbios_family_arm_m3_Hwi_nvic                           
2000aae1  ti_sysbios_family_arm_m3_Hwi_pendSV__I                      
2000cff4  ti_sysbios_family_arm_m3_Hwi_priGroup__C                    
20004000  ti_sysbios_family_arm_m3_Hwi_resetVectors                   
2000aaf9  ti_sysbios_family_arm_m3_Hwi_return                         
2000b011  ti_sysbios_family_arm_m3_Hwi_startup__E                     
2000ad69  ti_sysbios_family_arm_m3_Hwi_switchFromBootStack__E         
200058ed  ti_sysbios_family_arm_m3_TaskSupport_Module__startupDone__S 
2000966d  ti_sysbios_family_arm_m3_TaskSupport_buildTaskStack         
2000af79  ti_sysbios_family_arm_m3_TaskSupport_checkStack__E          
2000ae59  ti_sysbios_family_arm_m3_TaskSupport_glue                   
2000a221  ti_sysbios_family_arm_m3_TaskSupport_start__E               
2000ae69  ti_sysbios_family_arm_m3_TaskSupport_swap__E                
2000cff8  ti_sysbios_family_arm_m3_Timer_E_cannotSupport__C           
2000d1be  ti_sysbios_family_arm_m3_Timer_Module__id__C                
200204ac  ti_sysbios_family_arm_m3_Timer_Module__root__V              
2000ac45  ti_sysbios_family_arm_m3_Timer_Module__startupDone__F       
2000ac45  ti_sysbios_family_arm_m3_Timer_Module__startupDone__S       
200204b4  ti_sysbios_family_arm_m3_Timer_Module__state__V             
20009d11  ti_sysbios_family_arm_m3_Timer_Module_startup__E            
200208e4  ti_sysbios_family_arm_m3_Timer_Object__table__V             
2000b031  ti_sysbios_family_arm_m3_Timer_getMaxTicks__E               
20009959  ti_sysbios_family_arm_m3_Timer_initDevice__I                
2000a049  ti_sysbios_family_arm_m3_Timer_periodicStub__I              
20009481  ti_sysbios_family_arm_m3_Timer_setPeriod__E                 
200094d9  ti_sysbios_family_arm_m3_Timer_start__E                     
[...]
2000b039  xdc_runtime_System_Module_GateProxy_query__E                
2000b041  ti_sysbios_BIOS_RtsGateProxy_query__E                       
2000b041  ti_sysbios_gates_GateMutex_query__E                         
2000b041  ti_sysbios_heaps_HeapMem_Module_GateProxy_query__E          
2000b049  ti_sysbios_knl_Task_startup__E                              
2000b051  ti_sysbios_gates_GateHwi_Instance_init__E                   
2000b058  xdc_runtime_Text_charTab__A                                 
2000c923  xdc_runtime_Error_policy__C                                 
2000ca24  xdc_runtime_Text_nodeTab__A                                 
2000cc04  ti_sysbios_family_arm_m3_Hwi_E_NMI__C                       
2000ccd0  xdc_runtime_LoggerBuf_Module__FXNS__C                       
2000cd0c  xdc_runtime_Startup_sfxnTab__A                              
2000cd3c  ti_sysbios_heaps_HeapMem_Module__FXNS__C                    
2000cd64  _portArray                                                  
2000cd88  ti_sysbios_gates_GateHwi_Module__FXNS__C                    
2000cdac  ti_sysbios_gates_GateMutex_Module__FXNS__C                  
2000cdd0  ti_sysbios_heaps_HeapMem_Object__PARAMS__C                  
2000cdf4  ti_sysbios_knl_Semaphore_Object__PARAMS__C                  
2000ce18  xdc_runtime_LoggerBuf_Object__PARAMS__C                     
2000ce3c  ti_sysbios_gates_GateHwi_Object__DESC__C                    
2000ce5c  ti_sysbios_gates_GateMutex_Object__DESC__C                  
2000ce7c  ti_sysbios_heaps_HeapMem_Object__DESC__C                    
2000ce9c  ti_sysbios_knl_Queue_Object__DESC__C                        
2000cebc  ti_sysbios_knl_Semaphore_Object__DESC__C                    
2000cedc  xdc_runtime_LoggerBuf_Object__DESC__C                       
2000cefc  ti_sysbios_gates_GateHwi_Object__PARAMS__C                  
2000cf14  ti_sysbios_gates_GateMutex_Object__PARAMS__C                
2000cf2c  ti_sysbios_knl_Queue_Object__PARAMS__C                      
2000cf44  xdc_runtime_Startup_sfxnRts__A                              
2000cf5c  xdc_runtime_Startup_firstFxns__A                            
2000cf68  _pinArray                                                   
2000cf72  ti_sysbios_family_arm_m3_Hwi_Module__id__C                  
2000cf7c  ti_sysbios_family_arm_m3_Hwi_excHookFuncs__A                
2000cf84  ti_sysbios_knl_Idle_funcList__C                             
2000cf8c  xdc_runtime_Startup_firstFxns__C                            
2000cf94  xdc_runtime_Startup_lastFxns__C                             
2000cf9c  ti_sysbios_family_arm_m3_Hwi_E_busFault__C                  
2000cfa0  ti_sysbios_family_arm_m3_Hwi_E_debugMon__C                  
2000cfa4  ti_sysbios_family_arm_m3_Hwi_E_hardFault__C                 
2000cfa8  ti_sysbios_family_arm_m3_Hwi_E_memFault__C                  
2000cfac  ti_sysbios_family_arm_m3_Hwi_E_noIsr__C                     
2000cfb0  ti_sysbios_family_arm_m3_Hwi_E_reserved__C                  
2000cfb4  ti_sysbios_family_arm_m3_Hwi_E_svCall__C                    
2000cfb8  ti_sysbios_family_arm_m3_Hwi_E_usageFault__C                
2000cfbc  ti_sysbios_family_arm_m3_Hwi_LD_end__C                      
2000cfc0  ti_sysbios_family_arm_m3_Hwi_LM_begin__C                    
2000cfc4  ti_sysbios_family_arm_m3_Hwi_Module__diagsEnabled__C        
2000cfc8  ti_sysbios_family_arm_m3_Hwi_Module__diagsIncluded__C       
2000cfcc  ti_sysbios_family_arm_m3_Hwi_Module__diagsMask__C           
2000cfd0  ti_sysbios_family_arm_m3_Hwi_Module__loggerFxn1__C          
2000cfd4  ti_sysbios_family_arm_m3_Hwi_Module__loggerFxn8__C          
2000cfd8  ti_sysbios_family_arm_m3_Hwi_Module__loggerObj__C           
2000cfdc  ti_sysbios_family_arm_m3_Hwi_NUM_INTERRUPTS__C              
2000cfe0  ti_sysbios_family_arm_m3_Hwi_Object__count__C               
2000cfe4  ti_sysbios_family_arm_m3_Hwi_ccr__C                         
2000cfe8  ti_sysbios_family_arm_m3_Hwi_excHandlerFunc__C              
2000cfec  ti_sysbios_family_arm_m3_Hwi_excHookFuncs__C                
2000cff0  ti_sysbios_family_arm_m3_Hwi_nullIsrFunc__C                 
2000cff4  ti_sysbios_family_arm_m3_Hwi_priGroup__C                    
2000cff8  ti_sysbios_family_arm_m3_Timer_E_cannotSupport__C           
2000cffc  ti_sysbios_family_arm_m3_Timer_startupNeeded__C             
2000d000  ti_sysbios_gates_GateMutex_A_badContext__C                  
2000d004  ti_sysbios_gates_GateMutex_Instance_State_sem__O            
2000d008  ti_sysbios_gates_GateMutex_Module__diagsEnabled__C          
2000d00c  ti_sysbios_gates_GateMutex_Module__diagsIncluded__C         
2000d010  ti_sysbios_gates_GateMutex_Module__diagsMask__C             
2000d014  ti_sysbios_hal_Hwi_E_stackOverflow__C                       
2000d018  ti_sysbios_heaps_HeapMem_A_align__C                         
2000d01c  ti_sysbios_heaps_HeapMem_A_heapSize__C                      
2000d020  ti_sysbios_heaps_HeapMem_A_invalidFree__C                   
2000d024  ti_sysbios_heaps_HeapMem_A_zeroBlock__C                     
2000d028  ti_sysbios_heaps_HeapMem_E_memory__C                        
2000d02c  ti_sysbios_heaps_HeapMem_Module__diagsEnabled__C            
2000d030  ti_sysbios_heaps_HeapMem_Module__diagsIncluded__C           
2000d034  ti_sysbios_heaps_HeapMem_Module__diagsMask__C               
2000d038  ti_sysbios_heaps_HeapMem_Module__gateObj__C                 
2000d03c  ti_sysbios_heaps_HeapMem_Object__count__C                   
2000d040  ti_sysbios_heaps_HeapMem_reqAlign__C                        
2000d044  ti_sysbios_knl_Clock_LM_begin__C                            
2000d048  ti_sysbios_knl_Clock_LM_tick__C                             
2000d04c  ti_sysbios_knl_Clock_LW_delayed__C                          
2000d050  ti_sysbios_knl_Clock_Module_State_clockQ__O                 
2000d054  ti_sysbios_knl_Clock_Module__diagsEnabled__C                
2000d058  ti_sysbios_knl_Clock_Module__diagsIncluded__C               
2000d05c  ti_sysbios_knl_Clock_Module__diagsMask__C                   
2000d060  ti_sysbios_knl_Clock_Module__loggerFxn1__C                  
2000d064  ti_sysbios_knl_Clock_Module__loggerFxn2__C                  
2000d068  ti_sysbios_knl_Clock_Module__loggerObj__C                   
2000d06c  ti_sysbios_knl_Idle_funcList__A                             
2000d070  ti_sysbios_knl_Mailbox_Instance_State_freeQue__O            
2000d074  ti_sysbios_knl_Mailbox_Object__count__C                     
2000d078  ti_sysbios_knl_Mailbox_maxTypeAlign__C                      
2000d07c  ti_sysbios_knl_Semaphore_A_badContext__C                    
2000d080  ti_sysbios_knl_Semaphore_A_noEvents__C                      
2000d084  ti_sysbios_knl_Semaphore_A_overflow__C                      
2000d088  ti_sysbios_knl_Semaphore_A_pendTaskDisabled__C              
2000d08c  ti_sysbios_knl_Semaphore_Instance_State_pendQ__O            
2000d090  ti_sysbios_knl_Semaphore_LM_pend__C                         
2000d094  ti_sysbios_knl_Semaphore_LM_post__C                         
2000d098  ti_sysbios_knl_Semaphore_Module__diagsEnabled__C            
2000d09c  ti_sysbios_knl_Semaphore_Module__diagsIncluded__C           
2000d0a0  ti_sysbios_knl_Semaphore_Module__diagsMask__C               
2000d0a4  ti_sysbios_knl_Semaphore_Module__loggerFxn2__C              
2000d0a8  ti_sysbios_knl_Semaphore_Module__loggerFxn4__C              
2000d0ac  ti_sysbios_knl_Semaphore_Module__loggerObj__C               
2000d0b0  ti_sysbios_knl_Swi_LD_end__C                                
2000d0b4  ti_sysbios_knl_Swi_LM_begin__C                              
2000d0b8  ti_sysbios_knl_Swi_LM_post__C                               
2000d0bc  ti_sysbios_knl_Swi_Module__diagsEnabled__C                  
2000d0c0  ti_sysbios_knl_Swi_Module__diagsIncluded__C                 
2000d0c4  ti_sysbios_knl_Swi_Module__diagsMask__C                     
2000d0c8  ti_sysbios_knl_Swi_Module__loggerFxn1__C                    
2000d0cc  ti_sysbios_knl_Swi_Module__loggerFxn4__C                    
2000d0d0  ti_sysbios_knl_Swi_Module__loggerObj__C                     
2000d0d4  ti_sysbios_knl_Swi_Object__count__C                         
2000d0d8  ti_sysbios_knl_Task_E_spOutOfBounds__C                      
2000d0dc  ti_sysbios_knl_Task_E_stackOverflow__C                      
2000d0e0  ti_sysbios_knl_Task_LD_block__C                             
2000d0e4  ti_sysbios_knl_Task_LD_exit__C                              
2000d0e8  ti_sysbios_knl_Task_LD_ready__C                             
2000d0ec  ti_sysbios_knl_Task_LM_switch__C                            
2000d0f0  ti_sysbios_knl_Task_Module_State_inactiveQ__O               
2000d0f4  ti_sysbios_knl_Task_Module__diagsEnabled__C                 
2000d0f8  ti_sysbios_knl_Task_Module__diagsIncluded__C                
2000d0fc  ti_sysbios_knl_Task_Module__diagsMask__C                    
2000d100  ti_sysbios_knl_Task_Module__loggerFxn2__C                   
2000d104  ti_sysbios_knl_Task_Module__loggerFxn4__C                   
2000d108  ti_sysbios_knl_Task_Module__loggerObj__C                    
2000d10c  ti_sysbios_knl_Task_Object__count__C                        
2000d110  ti_sysbios_knl_Task_allBlockedFunc__C                       
2000d114  ti_sysbios_knl_Task_numConstructedTasks__C                  
2000d118  xdc_runtime_Assert_E_assertFailed__C                        
2000d11c  xdc_runtime_Core_A_initializedParams__C                     
2000d120  xdc_runtime_Core_Module__diagsEnabled__C                    
2000d124  xdc_runtime_Core_Module__diagsIncluded__C                   
2000d128  xdc_runtime_Core_Module__diagsMask__C                       
2000d12c  xdc_runtime_Error_E_memory__C                               
2000d130  xdc_runtime_Error_Module__diagsEnabled__C                   
2000d134  xdc_runtime_Error_Module__diagsIncluded__C                  
2000d138  xdc_runtime_Error_Module__diagsMask__C                      
2000d13c  xdc_runtime_Error_Module__loggerFxn8__C                     
2000d140  xdc_runtime_Error_Module__loggerObj__C                      
2000d144  xdc_runtime_Error_policyFxn__C                              
2000d148  xdc_runtime_Error_raiseHook__C                              
2000d14c  xdc_runtime_IFilterLogger_Interface__BASE__C                
2000d150  xdc_runtime_IGateProvider_Interface__BASE__C                
2000d154  xdc_runtime_IHeap_Interface__BASE__C                        
2000d158  xdc_runtime_ILogger_Interface__BASE__C                      
2000d15c  xdc_runtime_IModule_Interface__BASE__C                      
2000d160  xdc_runtime_Log_L_error__C                                  
2000d164  xdc_runtime_LoggerBuf_E_badLevel__C                         
2000d168  xdc_runtime_LoggerBuf_Module__gateObj__C                    
2000d16c  xdc_runtime_LoggerBuf_Object__count__C                      
2000d170  xdc_runtime_LoggerBuf_statusLogger__C                       
2000d174  xdc_runtime_Memory_defaultHeapInstance__C                   
2000d178  xdc_runtime_Startup_execImpl__C                             
2000d17c  xdc_runtime_Startup_maxPasses__C                            
2000d180  xdc_runtime_Startup_sfxnRts__C                              
2000d184  xdc_runtime_Startup_sfxnTab__C                              
2000d188  xdc_runtime_SysMin_bufSize__C                               
2000d18c  xdc_runtime_SysMin_outputFunc__C                            
2000d190  xdc_runtime_System_Module__gateObj__C                       
2000d194  xdc_runtime_System_abortFxn__C                              
2000d198  xdc_runtime_System_exitFxn__C                               
2000d19c  xdc_runtime_System_extendFxn__C                             
2000d1a0  xdc_runtime_System_maxAtexitHandlers__C                     
2000d1a4  xdc_runtime_Text_charTab__C                                 
2000d1a8  xdc_runtime_Text_nameEmpty__C                               
2000d1ac  xdc_runtime_Text_nameStatic__C                              
2000d1b0  xdc_runtime_Text_nameUnknown__C                             
2000d1b4  xdc_runtime_Text_nodeTab__C                                 
2000d1b8  xdc_runtime_Text_visitRopeFxn__C                            
2000d1bc  ti_sysbios_family_arm_m3_Hwi_Module__loggerDefined__C       
2000d1be  ti_sysbios_family_arm_m3_Timer_Module__id__C                
2000d1c0  ti_sysbios_family_arm_m3_TimestampProvider_configTimer__C   
2000d1c2  ti_sysbios_gates_GateMutex_Module__id__C                    
2000d1c4  ti_sysbios_hal_Hwi_Module__id__C                            
2000d1c6  ti_sysbios_heaps_HeapMem_Module__id__C                      
2000d1c8  ti_sysbios_knl_Clock_Module__id__C                          
2000d1ca  ti_sysbios_knl_Clock_Module__loggerDefined__C               
2000d1cc  ti_sysbios_knl_Semaphore_Module__id__C                      
2000d1ce  ti_sysbios_knl_Semaphore_Module__loggerDefined__C           
2000d1d0  ti_sysbios_knl_Swi_Module__id__C                            
2000d1d2  ti_sysbios_knl_Swi_Module__loggerDefined__C                 
2000d1d4  ti_sysbios_knl_Task_Module__id__C                           
2000d1d6  ti_sysbios_knl_Task_Module__loggerDefined__C                
2000d1d8  xdc_runtime_Core_Module__id__C                              
2000d1da  xdc_runtime_Error_Module__loggerDefined__C                  
2000d1dc  xdc_runtime_Error_maxDepth__C                               
2000d1de  xdc_runtime_LoggerBuf_Module__id__C                         
2000d1e0  xdc_runtime_LoggerBuf_filterByLevel__C                      
2000d1e2  xdc_runtime_Memory_Module__id__C                            
2000d1e4  xdc_runtime_SysMin_flushAtExit__C                           
2000d1e6  xdc_runtime_Text_charCnt__C                                 
2000d1e8  xdc_runtime_Text_isLoaded__C                                
2000d1ea  xdc_runtime_Text_registryModsLastId__C                      
2000d1ec  xdc_runtime_Text_unnamedModsLastId__C                       
2000d1f0  __TI_static_base__                                          
2000d54c  __TI_Handler_Table_Base                                     
2000d558  __TI_Handler_Table_Limit                                    
2000d560  __TI_CINIT_Base                                             
2000d570  __TI_CINIT_Limit                                            
20017000  ti_sysbios_heaps_HeapMem_Instance_State_0_buf__A            
2001f000  ti_sysbios_knl_Task_Instance_State_0_stack__A               
2001f800  xdc_runtime_LoggerBuf_Instance_State_0_entryArr__A          
2001fc00  xdc_runtime_SysMin_Module_State_0_outbuf__A                 
20020000  ti_sysbios_family_arm_m3_Hwi_dispatchTable                  
2002030c  __CIOBUF_                                                   
2002042c  _valveStates                                                
2002047c  _timerTick                                                  
20020480  ti_sysbios_family_arm_m3_Hwi_Module__root__V                
20020488  ti_sysbios_family_arm_m3_Hwi_Object__table__V               
200204a0  ti_sysbios_family_arm_m3_Hwi_Module_State_0_excActive__A    
200204a4  ti_sysbios_family_arm_m3_Hwi_Module_State_0_excContext__A   
200204a8  ti_sysbios_family_arm_m3_Hwi_Module_State_0_excStack__A     
200204ac  ti_sysbios_family_arm_m3_Timer_Module__root__V              
200204b4  ti_sysbios_family_arm_m3_Timer_Module__state__V             
200204c0  ti_sysbios_family_arm_m3_TimestampProvider_Module__state__V 
200204c4  ti_sysbios_gates_GateHwi_Module__root__V                    
200204cc  ti_sysbios_gates_GateHwi_Object__table__V                   
200204d0  ti_sysbios_gates_GateMutex_Module__root__V                  
200204d8  ti_sysbios_hal_Hwi_Module__root__V                          
200204e0  ti_sysbios_hal_Timer_Module__root__V                        
200204e8  ti_sysbios_heaps_HeapMem_Module__root__V                    
200204f0  ti_sysbios_heaps_HeapMem_Object__table__V                   
20020508  ti_sysbios_knl_Clock_Module__root__V                        
20020510  ti_sysbios_knl_Event_Module__root__V                        
20020518  ti_sysbios_knl_Mailbox_Module__root__V                      
20020520  ti_sysbios_knl_Queue_Module__root__V                        
20020528  ti_sysbios_knl_Semaphore_Module__root__V                    
20020530  ti_sysbios_knl_Swi_Module__root__V                          
20020538  ti_sysbios_knl_Swi_Module__state__V                         
20020554  ti_sysbios_knl_Task_Module__root__V                         
2002055c  ti_sysbios_knl_Task_Module_State_0_idleTask__A              
20020560  xdc_runtime_Error_Module__state__V                          
20020564  xdc_runtime_LoggerBuf_Module__root__V                       
2002056c  xdc_runtime_LoggerBuf_Module__state__V                      
20020574  xdc_runtime_Memory_Module__state__V                         
20020578  xdc_runtime_Registry_Module__state__V                       
20020580  xdc_runtime_Startup_Module__state__V                        
20020588  xdc_runtime_SysMin_Module__state__V                         
20020594  xdc_runtime_System_Module_State_0_atexitHandlers__A         
200205a4  xdc_runtime_System_Module__state__V                         
200205ac  xdc_runtime_Text_Module__state__V                           
200205b4  __xdc__init__addr                                           
20020668  _Denorm                                                     
20020678  _Eps                                                        
20020688  _Hugeval                                                    
20020698  _Inf                                                        
200206a8  _Nan                                                        
200206b8  _Snan                                                       
200206c8  _Rteps                                                      
200206d8  _Xbig                                                       
200206e0  _Zero                                                       
200206e8  ti_sysbios_knl_Swi_Module_State_0_readyQ__A                 
20020768  ti_sysbios_knl_Task_Module_State_0_readyQ__A                
200207e8  ti_sysbios_knl_Task_Object__table__V                        
20020834  ti_sysbios_knl_Task_Module__state__V                        
20020878  ti_sysbios_gates_GateMutex_Object__table__V                 
200208b0  ti_sysbios_family_arm_m3_Hwi_Module__state__V               
200208e4  ti_sysbios_family_arm_m3_Timer_Object__table__V             
20020914  ti_sysbios_knl_Swi_Object__table__V                         
20020944  ti_sysbios_knl_Clock_Module__state__V                       
20020970  ti_sysbios_BIOS_Module__state__V                            
20020994  xdc_runtime_LoggerBuf_Object__table__V                      
200209b8  _lock                                                       
200209bc  _unlock                                                     
200209c0  __TI_cleanup_ptr                                            
200209c4  __TI_dtors_ptr                                              
200209c8  _Fenv                                                       
200209cc  _Tls_setup__Fenv                                            
200209d0  _Errno                                                      
200209d4  main_func_sp                                                
2002e000  __stack                                                     
20030000  __STACK_END                                                 
e000e000  ti_sysbios_family_arm_m3_Hwi_nvic                           
ffffffff  __binit__                                                   
ffffffff  __c_args__                                                  
ffffffff  binit                                                       
UNDEFED   SHT$$INIT_ARRAY$$Base                                       
UNDEFED   SHT$$INIT_ARRAY$$Limit                                      

[661 symbols]
